Test run for D:\CP6\tmp\worktrees\db-compat-wp5-20261003\CP6.Space.IntegrationTests\bin\Debug\net8.0\CP6.Space.IntegrationTests.dll (.NETCoreApp,Version=v8.0)
A total of 1 test files matched the specified pattern.
[xUnit.net 00:00:05.67]     CP6.Space.IntegrationTests.SpaceAiAtomicApplySqlServerTests.Reconcile_repairs_run_from_authoritative_committed_batch [FAIL]
[xUnit.net 00:00:06.43]     CP6.Space.IntegrationTests.SpaceAiAtomicApplySqlServerTests.Apply_updates_existing_baseline_and_reconciles_rack_derivation [FAIL]
[xUnit.net 00:00:06.74]     CP6.Space.IntegrationTests.SpaceAiAtomicApplySqlServerTests.Apply_materializes_hierarchy_rack_derivation_and_element [FAIL]
  Failed CP6.Space.IntegrationTests.SpaceAiAtomicApplySqlServerTests.Reconcile_repairs_run_from_authoritative_committed_batch [380 ms]
  Error Message:
   Assert.Equal() Failure: Values differ
Expected: Succeeded
Actual:   Applying
  Stack Trace:
     at CP6.Space.IntegrationTests.SpaceAiAtomicApplySqlServerTests.<>c.<<Reconcile_repairs_run_from_authoritative_committed_batch>b__14_0>d.MoveNext() in D:\CP6\tmp\worktrees\db-compat-wp5-20261003\CP6.Space.IntegrationTests\SpaceAiAtomicApplySqlServerTests.cs:line 500
--- End of stack trace from previous location ---
   at CP6.Space.IntegrationTests.SpaceAiAtomicApplySqlServerTests.WithDatabaseAsync(Func`4 action) in D:\CP6\tmp\worktrees\db-compat-wp5-20261003\CP6.Space.IntegrationTests\SpaceAiAtomicApplySqlServerTests.cs:line 1193
   at CP6.Space.IntegrationTests.SpaceAiAtomicApplySqlServerTests.WithDatabaseAsync(Func`4 action) in D:\CP6\tmp\worktrees\db-compat-wp5-20261003\CP6.Space.IntegrationTests\SpaceAiAtomicApplySqlServerTests.cs:line 1194
   at CP6.Space.IntegrationTests.SpaceAiAtomicApplySqlServerTests.Reconcile_repairs_run_from_authoritative_committed_batch() in D:\CP6\tmp\worktrees\db-compat-wp5-20261003\CP6.Space.IntegrationTests\SpaceAiAtomicApplySqlServerTests.cs:line 486
--- End of stack trace from previous location ---
  Standard Output Messages:
 Provider=PostgreSql; Core migrations=1; Space migrations=1; pending=0; WP5 owner verified; shared database.
 CoreMigrationIds=20261002161715_PostgreSqlCoreBaselineV1
 SpaceMigrationIds=20261002161945_PostgreSqlSpaceBaselineV1
 Provider=PostgreSql; Stage=ai-apply-business; SQLSTATE=42601; NativeCode=none; Kind=Unknown.


  Failed CP6.Space.IntegrationTests.SpaceAiAtomicApplySqlServerTests.Apply_updates_existing_baseline_and_reconciles_rack_derivation [556 ms]
  Error Message:
   Assert.Equal() Failure: Strings differ
           ↓ (pos 0)
Expected: "AI-ZONE-1"
Actual:   "OLD-ZONE"
           ↑ (pos 0)
  Stack Trace:
     at CP6.Space.IntegrationTests.SpaceAiAtomicApplySqlServerTests.<>c.<<Apply_updates_existing_baseline_and_reconciles_rack_derivation>b__17_0>d.MoveNext() in D:\CP6\tmp\worktrees\db-compat-wp5-20261003\CP6.Space.IntegrationTests\SpaceAiAtomicApplySqlServerTests.cs:line 894
--- End of stack trace from previous location ---
   at CP6.Space.IntegrationTests.SpaceAiAtomicApplySqlServerTests.WithDatabaseAsync(Func`4 action) in D:\CP6\tmp\worktrees\db-compat-wp5-20261003\CP6.Space.IntegrationTests\SpaceAiAtomicApplySqlServerTests.cs:line 1193
   at CP6.Space.IntegrationTests.SpaceAiAtomicApplySqlServerTests.WithDatabaseAsync(Func`4 action) in D:\CP6\tmp\worktrees\db-compat-wp5-20261003\CP6.Space.IntegrationTests\SpaceAiAtomicApplySqlServerTests.cs:line 1194
   at CP6.Space.IntegrationTests.SpaceAiAtomicApplySqlServerTests.Apply_updates_existing_baseline_and_reconciles_rack_derivation() in D:\CP6\tmp\worktrees\db-compat-wp5-20261003\CP6.Space.IntegrationTests\SpaceAiAtomicApplySqlServerTests.cs:line 699
--- End of stack trace from previous location ---
  Standard Output Messages:
 Provider=PostgreSql; Core migrations=1; Space migrations=1; pending=0; WP5 owner verified; shared database.
 CoreMigrationIds=20261002161715_PostgreSqlCoreBaselineV1
 SpaceMigrationIds=20261002161945_PostgreSqlSpaceBaselineV1
 Provider=PostgreSql; Stage=ai-apply-business; SQLSTATE=42601; NativeCode=none; Kind=Unknown.


  Failed CP6.Space.IntegrationTests.SpaceAiAtomicApplySqlServerTests.Apply_materializes_hierarchy_rack_derivation_and_element [173 ms]
  Error Message:
   Assert.Equal() Failure: Values differ
Expected: Succeeded
Actual:   Applying
  Stack Trace:
     at CP6.Space.IntegrationTests.SpaceAiAtomicApplySqlServerTests.<>c.<<Apply_materializes_hierarchy_rack_derivation_and_element>b__16_0>d.MoveNext() in D:\CP6\tmp\worktrees\db-compat-wp5-20261003\CP6.Space.IntegrationTests\SpaceAiAtomicApplySqlServerTests.cs:line 659
--- End of stack trace from previous location ---
   at CP6.Space.IntegrationTests.SpaceAiAtomicApplySqlServerTests.WithDatabaseAsync(Func`4 action) in D:\CP6\tmp\worktrees\db-compat-wp5-20261003\CP6.Space.IntegrationTests\SpaceAiAtomicApplySqlServerTests.cs:line 1193
   at CP6.Space.IntegrationTests.SpaceAiAtomicApplySqlServerTests.WithDatabaseAsync(Func`4 action) in D:\CP6\tmp\worktrees\db-compat-wp5-20261003\CP6.Space.IntegrationTests\SpaceAiAtomicApplySqlServerTests.cs:line 1194
   at CP6.Space.IntegrationTests.SpaceAiAtomicApplySqlServerTests.Apply_materializes_hierarchy_rack_derivation_and_element() in D:\CP6\tmp\worktrees\db-compat-wp5-20261003\CP6.Space.IntegrationTests\SpaceAiAtomicApplySqlServerTests.cs:line 597
--- End of stack trace from previous location ---
  Standard Output Messages:
 Provider=PostgreSql; Core migrations=1; Space migrations=1; pending=0; WP5 owner verified; shared database.
 CoreMigrationIds=20261002161715_PostgreSqlCoreBaselineV1
 SpaceMigrationIds=20261002161945_PostgreSqlSpaceBaselineV1
 Provider=PostgreSql; Stage=ai-apply-business; SQLSTATE=42601; NativeCode=none; Kind=Unknown.


[xUnit.net 00:00:06.99]     CP6.Space.IntegrationTests.SpaceAiAtomicApplySqlServerTests.Commit_fault_rolls_back_then_reuses_plan_on_retry [FAIL]
[xUnit.net 00:00:07.20]     CP6.Space.IntegrationTests.SpaceAiAtomicApplySqlServerTests.Concurrent_same_key_creates_one_apply_job_and_replays [FAIL]
[xUnit.net 00:00:07.33]     CP6.Space.IntegrationTests.SpaceAiAtomicApplySqlServerTests.Apply_is_idempotent_and_commits_one_atomic_revision [FAIL]
  Failed CP6.Space.IntegrationTests.SpaceAiAtomicApplySqlServerTests.Commit_fault_rolls_back_then_reuses_plan_on_retry [192 ms]
  Error Message:
   Assert.Equal() Failure: Values differ
Expected: Succeeded
Actual:   Queued
  Stack Trace:
     at CP6.Space.IntegrationTests.SpaceAiAtomicApplySqlServerTests.<>c.<<Commit_fault_rolls_back_then_reuses_plan_on_retry>b__7_0>d.MoveNext() in D:\CP6\tmp\worktrees\db-compat-wp5-20261003\CP6.Space.IntegrationTests\SpaceAiAtomicApplySqlServerTests.cs:line 165
--- End of stack trace from previous location ---
   at CP6.Space.IntegrationTests.SpaceAiAtomicApplySqlServerTests.WithDatabaseAsync(Func`4 action) in D:\CP6\tmp\worktrees\db-compat-wp5-20261003\CP6.Space.IntegrationTests\SpaceAiAtomicApplySqlServerTests.cs:line 1193
   at CP6.Space.IntegrationTests.SpaceAiAtomicApplySqlServerTests.WithDatabaseAsync(Func`4 action) in D:\CP6\tmp\worktrees\db-compat-wp5-20261003\CP6.Space.IntegrationTests\SpaceAiAtomicApplySqlServerTests.cs:line 1194
   at CP6.Space.IntegrationTests.SpaceAiAtomicApplySqlServerTests.Commit_fault_rolls_back_then_reuses_plan_on_retry() in D:\CP6\tmp\worktrees\db-compat-wp5-20261003\CP6.Space.IntegrationTests\SpaceAiAtomicApplySqlServerTests.cs:line 130
--- End of stack trace from previous location ---
  Standard Output Messages:
 Provider=PostgreSql; Core migrations=1; Space migrations=1; pending=0; WP5 owner verified; shared database.
 CoreMigrationIds=20261002161715_PostgreSqlCoreBaselineV1
 SpaceMigrationIds=20261002161945_PostgreSqlSpaceBaselineV1
 Provider=PostgreSql; Stage=ai-apply-business; SQLSTATE=42601; NativeCode=none; Kind=Unknown.


  Failed CP6.Space.IntegrationTests.SpaceAiAtomicApplySqlServerTests.Concurrent_same_key_creates_one_apply_job_and_replays [128 ms]
  Error Message:
   System.InvalidOperationException : An exception has been raised that is likely due to a transient failure.
---- Microsoft.EntityFrameworkCore.DbUpdateException : An error occurred while saving the entity changes. See the inner exception for details.
-------- Npgsql.PostgresException : 40001: トランザクション間で read/write の依存性があったため、アクセスの直列化ができませんでした

DETAIL: Detail redacted as it may contain sensitive data. Specify 'Include Error Detail' in the connection string to include this information.
  Stack Trace:
     at Npgsql.EntityFrameworkCore.PostgreSQL.Storage.Internal.NpgsqlExecutionStrategy.ExecuteAsync[TState,TResult](TState state, Func`4 operation, Func`4 verifySucceeded, CancellationToken cancellationToken)
   at Microsoft.EntityFrameworkCore.DbContext.SaveChangesAsync(Boolean acceptAllChangesOnSuccess, CancellationToken cancellationToken)
   at Microsoft.EntityFrameworkCore.DbContext.SaveChangesAsync(Boolean acceptAllChangesOnSuccess, CancellationToken cancellationToken)
   at CP6.Space.Infrastructure.SpaceAiAtomicApplyService.QueueAsync(Guid runId, CreateSpaceAiAtomicApplyRequest request, String idempotencyKey, CancellationToken cancellationToken) in D:\CP6\tmp\worktrees\db-compat-wp5-20261003\CP6.Space.Infrastructure\SpaceAiAtomicApplyService.cs:line 178
   at CP6.Space.Infrastructure.SpaceAiAtomicApplyService.QueueAsync(Guid runId, CreateSpaceAiAtomicApplyRequest request, String idempotencyKey, CancellationToken cancellationToken) in D:\CP6\tmp\worktrees\db-compat-wp5-20261003\CP6.Space.Infrastructure\SpaceAiAtomicApplyService.cs:line 202
   at CP6.Space.Infrastructure.SpaceAiAtomicApplyService.QueueAsync(Guid runId, CreateSpaceAiAtomicApplyRequest request, String idempotencyKey, CancellationToken cancellationToken) in D:\CP6\tmp\worktrees\db-compat-wp5-20261003\CP6.Space.Infrastructure\SpaceAiAtomicApplyService.cs:line 203
   at CP6.Space.IntegrationTests.SpaceAiAtomicApplySqlServerTests.<>c__DisplayClass8_1.<<Concurrent_same_key_creates_one_apply_job_and_replays>g__QueueAsync|1>d.MoveNext() in D:\CP6\tmp\worktrees\db-compat-wp5-20261003\CP6.Space.IntegrationTests\SpaceAiAtomicApplySqlServerTests.cs:line 216
--- End of stack trace from previous location ---
   at CP6.Space.IntegrationTests.SpaceAiAtomicApplySqlServerTests.<Concurrent_same_key_creates_one_apply_job_and_replays>b__8_0(SpaceContext context, TestExecutionContext execution, MutableClock clock) in D:\CP6\tmp\worktrees\db-compat-wp5-20261003\CP6.Space.IntegrationTests\SpaceAiAtomicApplySqlServerTests.cs:line 229
   at CP6.Space.IntegrationTests.SpaceAiAtomicApplySqlServerTests.<Concurrent_same_key_creates_one_apply_job_and_replays>b__8_0(SpaceContext context, TestExecutionContext execution, MutableClock clock) in D:\CP6\tmp\worktrees\db-compat-wp5-20261003\CP6.Space.IntegrationTests\SpaceAiAtomicApplySqlServerTests.cs:line 237
   at CP6.Space.IntegrationTests.SpaceAiAtomicApplySqlServerTests.<Concurrent_same_key_creates_one_apply_job_and_replays>b__8_0(SpaceContext context, TestExecutionContext execution, MutableClock clock) in D:\CP6\tmp\worktrees\db-compat-wp5-20261003\CP6.Space.IntegrationTests\SpaceAiAtomicApplySqlServerTests.cs:line 237
   at CP6.Space.IntegrationTests.SpaceAiAtomicApplySqlServerTests.WithDatabaseAsync(Func`4 action) in D:\CP6\tmp\worktrees\db-compat-wp5-20261003\CP6.Space.IntegrationTests\SpaceAiAtomicApplySqlServerTests.cs:line 1193
   at CP6.Space.IntegrationTests.SpaceAiAtomicApplySqlServerTests.WithDatabaseAsync(Func`4 action) in D:\CP6\tmp\worktrees\db-compat-wp5-20261003\CP6.Space.IntegrationTests\SpaceAiAtomicApplySqlServerTests.cs:line 1194
   at CP6.Space.IntegrationTests.SpaceAiAtomicApplySqlServerTests.Concurrent_same_key_creates_one_apply_job_and_replays() in D:\CP6\tmp\worktrees\db-compat-wp5-20261003\CP6.Space.IntegrationTests\SpaceAiAtomicApplySqlServerTests.cs:line 183
--- End of stack trace from previous location ---
----- Inner Stack Trace -----
   at Microsoft.EntityFrameworkCore.Update.ReaderModificationCommandBatch.ExecuteAsync(IRelationalConnection connection, CancellationToken cancellationToken)
   at Microsoft.EntityFrameworkCore.Update.Internal.BatchExecutor.ExecuteAsync(IEnumerable`1 commandBatches, IRelationalConnection connection, CancellationToken cancellationToken)
   at Microsoft.EntityFrameworkCore.Update.Internal.BatchExecutor.ExecuteAsync(IEnumerable`1 commandBatches, IRelationalConnection connection, CancellationToken cancellationToken)
   at Microsoft.EntityFrameworkCore.Update.Internal.BatchExecutor.ExecuteAsync(IEnumerable`1 commandBatches, IRelationalConnection connection, CancellationToken cancellationToken)
   at Microsoft.EntityFrameworkCore.ChangeTracking.Internal.StateManager.SaveChangesAsync(IList`1 entriesToSave, CancellationToken cancellationToken)
   at Microsoft.EntityFrameworkCore.ChangeTracking.Internal.StateManager.SaveChangesAsync(StateManager stateManager, Boolean acceptAllChangesOnSuccess, CancellationToken cancellationToken)
   at Npgsql.EntityFrameworkCore.PostgreSQL.Storage.Internal.NpgsqlExecutionStrategy.ExecuteAsync[TState,TResult](TState state, Func`4 operation, Func`4 verifySucceeded, CancellationToken cancellationToken)
----- Inner Stack Trace -----
   at Npgsql.Internal.NpgsqlConnector.ReadMessageLong(Boolean async, DataRowLoadingMode dataRowLoadingMode, Boolean readingNotifications, Boolean isReadingPrependedMessage)
   at System.Runtime.CompilerServices.PoolingAsyncValueTaskMethodBuilder`1.StateMachineBox`1.System.Threading.Tasks.Sources.IValueTaskSource<TResult>.GetResult(Int16 token)
   at Npgsql.NpgsqlDataReader.NextResult(Boolean async, Boolean isConsuming, CancellationToken cancellationToken)
   at Npgsql.NpgsqlDataReader.NextResult(Boolean async, Boolean isConsuming, CancellationToken cancellationToken)
   at Npgsql.NpgsqlCommand.ExecuteReader(Boolean async, CommandBehavior behavior, CancellationToken cancellationToken)
   at Npgsql.NpgsqlCommand.ExecuteReader(Boolean async, CommandBehavior behavior, CancellationToken cancellationToken)
   at Npgsql.NpgsqlCommand.ExecuteDbDataReaderAsync(CommandBehavior behavior, CancellationToken cancellationToken)
   at Microsoft.EntityFrameworkCore.Storage.RelationalCommand.ExecuteReaderAsync(RelationalCommandParameterObject parameterObject, CancellationToken cancellationToken)
   at Microsoft.EntityFrameworkCore.Storage.RelationalCommand.ExecuteReaderAsync(RelationalCommandParameterObject parameterObject, CancellationToken cancellationToken)
   at Microsoft.EntityFrameworkCore.Update.ReaderModificationCommandBatch.ExecuteAsync(IRelationalConnection connection, CancellationToken cancellationToken)
  Standard Output Messages:
 Provider=PostgreSql; Core migrations=1; Space migrations=1; pending=0; WP5 owner verified; shared database.
 CoreMigrationIds=20261002161715_PostgreSqlCoreBaselineV1
 SpaceMigrationIds=20261002161945_PostgreSqlSpaceBaselineV1
 Provider=PostgreSql; Stage=ai-apply-business; SQLSTATE=40001; NativeCode=none; Kind=SerializationFailure.


  Failed CP6.Space.IntegrationTests.SpaceAiAtomicApplySqlServerTests.Apply_is_idempotent_and_commits_one_atomic_revision [131 ms]
  Error Message:
   Assert.Equal() Failure: Values differ
Expected: Succeeded
Actual:   Applying
  Stack Trace:
     at CP6.Space.IntegrationTests.SpaceAiAtomicApplySqlServerTests.<>c.<<Apply_is_idempotent_and_commits_one_atomic_revision>b__5_0>d.MoveNext() in D:\CP6\tmp\worktrees\db-compat-wp5-20261003\CP6.Space.IntegrationTests\SpaceAiAtomicApplySqlServerTests.cs:line 65
--- End of stack trace from previous location ---
   at CP6.Space.IntegrationTests.SpaceAiAtomicApplySqlServerTests.WithDatabaseAsync(Func`4 action) in D:\CP6\tmp\worktrees\db-compat-wp5-20261003\CP6.Space.IntegrationTests\SpaceAiAtomicApplySqlServerTests.cs:line 1193
   at CP6.Space.IntegrationTests.SpaceAiAtomicApplySqlServerTests.WithDatabaseAsync(Func`4 action) in D:\CP6\tmp\worktrees\db-compat-wp5-20261003\CP6.Space.IntegrationTests\SpaceAiAtomicApplySqlServerTests.cs:line 1194
   at CP6.Space.IntegrationTests.SpaceAiAtomicApplySqlServerTests.Apply_is_idempotent_and_commits_one_atomic_revision() in D:\CP6\tmp\worktrees\db-compat-wp5-20261003\CP6.Space.IntegrationTests\SpaceAiAtomicApplySqlServerTests.cs:line 24
--- End of stack trace from previous location ---
  Standard Output Messages:
 Provider=PostgreSql; Core migrations=1; Space migrations=1; pending=0; WP5 owner verified; shared database.
 CoreMigrationIds=20261002161715_PostgreSqlCoreBaselineV1
 SpaceMigrationIds=20261002161945_PostgreSqlSpaceBaselineV1
 Provider=PostgreSql; Stage=ai-apply-business; SQLSTATE=42601; NativeCode=none; Kind=Unknown.


Results File: D:\CP6\tmp\db-compat-wp5-tests\wp5-ai-atomic-pg-first-run\results.trx

Failed!  - Failed:     6, Passed:     7, Skipped:     0, Total:    13, Duration: 3 s - CP6.Space.IntegrationTests.dll (net8.0)
