Test run for D:\CP6\tmp\worktrees\bug-150-mapping-idempotency-20261003\CP6.Space.IntegrationTests\bin\Debug\net8.0\CP6.Space.IntegrationTests.dll (.NETCoreApp,Version=v8.0)
A total of 1 test files matched the specified pattern.
[xUnit.net 00:00:12.59]     CP6.Space.IntegrationTests.SpaceMappingProfileConcurrencyTests.Excel_same_key_concurrent_create_returns_one_profile_and_rejects_changed_payload [FAIL]
[xUnit.net 00:00:12.73]     CP6.Space.IntegrationTests.SpaceMappingProfileConcurrencyTests.Cad_same_key_concurrent_create_returns_one_profile_and_rejects_changed_payload [FAIL]
  Failed CP6.Space.IntegrationTests.SpaceMappingProfileConcurrencyTests.Excel_same_key_concurrent_create_returns_one_profile_and_rejects_changed_payload [537 ms]
  Error Message:
   Microsoft.EntityFrameworkCore.DbUpdateException : An error occurred while saving the entity changes. See the inner exception for details.
---- Npgsql.PostgresException : 23505: 重複したキー値は一意性制約"UX_Space_ExcelMappingProfile_CurrentName"違反となります

DETAIL: Detail redacted as it may contain sensitive data. Specify 'Include Error Detail' in the connection string to include this information.
  Stack Trace:
     at Microsoft.EntityFrameworkCore.Update.ReaderModificationCommandBatch.ExecuteAsync(IRelationalConnection connection, CancellationToken cancellationToken)
   at Microsoft.EntityFrameworkCore.Update.Internal.BatchExecutor.ExecuteAsync(IEnumerable`1 commandBatches, IRelationalConnection connection, CancellationToken cancellationToken)
   at Microsoft.EntityFrameworkCore.Update.Internal.BatchExecutor.ExecuteAsync(IEnumerable`1 commandBatches, IRelationalConnection connection, CancellationToken cancellationToken)
   at Microsoft.EntityFrameworkCore.Update.Internal.BatchExecutor.ExecuteAsync(IEnumerable`1 commandBatches, IRelationalConnection connection, CancellationToken cancellationToken)
   at Microsoft.EntityFrameworkCore.ChangeTracking.Internal.StateManager.SaveChangesAsync(IList`1 entriesToSave, CancellationToken cancellationToken)
   at Microsoft.EntityFrameworkCore.ChangeTracking.Internal.StateManager.SaveChangesAsync(StateManager stateManager, Boolean acceptAllChangesOnSuccess, CancellationToken cancellationToken)
   at Npgsql.EntityFrameworkCore.PostgreSQL.Storage.Internal.NpgsqlExecutionStrategy.ExecuteAsync[TState,TResult](TState state, Func`4 operation, Func`4 verifySucceeded, CancellationToken cancellationToken)
   at Microsoft.EntityFrameworkCore.DbContext.SaveChangesAsync(Boolean acceptAllChangesOnSuccess, CancellationToken cancellationToken)
   at Microsoft.EntityFrameworkCore.DbContext.SaveChangesAsync(Boolean acceptAllChangesOnSuccess, CancellationToken cancellationToken)
   at CP6.Space.Infrastructure.SpaceExcelMappingService.SaveProfileAsync(SaveSpaceExcelMappingProfileRequest request, String idempotencyKey, CancellationToken cancellationToken) in D:\CP6\tmp\worktrees\bug-150-mapping-idempotency-20261003\CP6.Space.Infrastructure\SpaceExcelMappingService.cs:line 357
   at CP6.Space.Infrastructure.SpaceExcelMappingService.SaveProfileAsync(SaveSpaceExcelMappingProfileRequest request, String idempotencyKey, CancellationToken cancellationToken) in D:\CP6\tmp\worktrees\bug-150-mapping-idempotency-20261003\CP6.Space.Infrastructure\SpaceExcelMappingService.cs:line 407
   at CP6.Space.IntegrationTests.SpaceMappingProfileConcurrencyTests.RaceAsync[T](TestExecution execution, TestClock clock, Func`3 save, CancellationTokenSource budget) in D:\CP6\tmp\worktrees\bug-150-mapping-idempotency-20261003\CP6.Space.IntegrationTests\SpaceMappingProfileConcurrencyTests.cs:line 167
   at CP6.Space.IntegrationTests.SpaceMappingProfileConcurrencyTests.RaceAsync[T](TestExecution execution, TestClock clock, Func`3 save, CancellationTokenSource budget) in D:\CP6\tmp\worktrees\bug-150-mapping-idempotency-20261003\CP6.Space.IntegrationTests\SpaceMappingProfileConcurrencyTests.cs:line 173
   at CP6.Space.IntegrationTests.SpaceMappingProfileConcurrencyTests.RaceAsync[T](TestExecution execution, TestClock clock, Func`3 save, CancellationTokenSource budget) in D:\CP6\tmp\worktrees\bug-150-mapping-idempotency-20261003\CP6.Space.IntegrationTests\SpaceMappingProfileConcurrencyTests.cs:line 173
   at CP6.Space.IntegrationTests.SpaceMappingProfileConcurrencyTests.RaceAsync[T](TestExecution execution, TestClock clock, Func`3 save, CancellationTokenSource budget) in D:\CP6\tmp\worktrees\bug-150-mapping-idempotency-20261003\CP6.Space.IntegrationTests\SpaceMappingProfileConcurrencyTests.cs:line 173
   at CP6.Space.IntegrationTests.SpaceMappingProfileConcurrencyTests.Excel_same_key_concurrent_create_returns_one_profile_and_rejects_changed_payload() in D:\CP6\tmp\worktrees\bug-150-mapping-idempotency-20261003\CP6.Space.IntegrationTests\SpaceMappingProfileConcurrencyTests.cs:line 88
--- End of stack trace from previous location ---
----- Inner Stack Trace -----
   at Npgsql.Internal.NpgsqlConnector.ReadMessageLong(Boolean async, DataRowLoadingMode dataRowLoadingMode, Boolean readingNotifications, Boolean isReadingPrependedMessage)
   at System.Runtime.CompilerServices.PoolingAsyncValueTaskMethodBuilder`1.StateMachineBox`1.System.Threading.Tasks.Sources.IValueTaskSource<TResult>.GetResult(Int16 token)
   at Npgsql.NpgsqlDataReader.NextResult(Boolean async, Boolean isConsuming, CancellationToken cancellationToken)
   at Npgsql.NpgsqlDataReader.NextResult(Boolean async, Boolean isConsuming, CancellationToken cancellationToken)
   at Npgsql.NpgsqlCommand.ExecuteReader(Boolean async, CommandBehavior behavior, CancellationToken cancellationToken)
   at Npgsql.NpgsqlCommand.ExecuteReader(Boolean async, CommandBehavior behavior, CancellationToken cancellationToken)
   at Npgsql.NpgsqlCommand.ExecuteDbDataReaderAsync(CommandBehavior behavior, CancellationToken cancellationToken)
   at Microsoft.EntityFrameworkCore.Storage.RelationalCommand.ExecuteReaderAsync(RelationalCommandParameterObject parameterObject, CancellationToken cancellationToken)
   at Microsoft.EntityFrameworkCore.Storage.RelationalCommand.ExecuteReaderAsync(RelationalCommandParameterObject parameterObject, CancellationToken cancellationToken)
   at Microsoft.EntityFrameworkCore.Update.ReaderModificationCommandBatch.ExecuteAsync(IRelationalConnection connection, CancellationToken cancellationToken)
  Standard Output Messages:
 Task=BUG-150; Provider=PostgreSql; owner verified; Core=1; Space=1; pending=0.
 CoreMigrationIds=20261002161715_PostgreSqlCoreBaselineV1
 SpaceMigrationIds=20261002161945_PostgreSqlSpaceBaselineV1
 Physical sessions=32164,11608; first-save barrier; no test-layer retry.
 Provider=PostgreSql; Stage=mapping-save; SQLSTATE=23505; NativeCode=none; Kind=UniqueConstraint.


  Failed CP6.Space.IntegrationTests.SpaceMappingProfileConcurrencyTests.Cad_same_key_concurrent_create_returns_one_profile_and_rejects_changed_payload [131 ms]
  Error Message:
   Microsoft.EntityFrameworkCore.DbUpdateException : An error occurred while saving the entity changes. See the inner exception for details.
---- Npgsql.PostgresException : 23505: 重複したキー値は一意性制約"UX_Space_LayerMappingProfile_CurrentName"違反となります

DETAIL: Detail redacted as it may contain sensitive data. Specify 'Include Error Detail' in the connection string to include this information.
  Stack Trace:
     at Microsoft.EntityFrameworkCore.Update.ReaderModificationCommandBatch.ExecuteAsync(IRelationalConnection connection, CancellationToken cancellationToken)
   at Microsoft.EntityFrameworkCore.Update.Internal.BatchExecutor.ExecuteAsync(IEnumerable`1 commandBatches, IRelationalConnection connection, CancellationToken cancellationToken)
   at Microsoft.EntityFrameworkCore.Update.Internal.BatchExecutor.ExecuteAsync(IEnumerable`1 commandBatches, IRelationalConnection connection, CancellationToken cancellationToken)
   at Microsoft.EntityFrameworkCore.Update.Internal.BatchExecutor.ExecuteAsync(IEnumerable`1 commandBatches, IRelationalConnection connection, CancellationToken cancellationToken)
   at Microsoft.EntityFrameworkCore.ChangeTracking.Internal.StateManager.SaveChangesAsync(IList`1 entriesToSave, CancellationToken cancellationToken)
   at Microsoft.EntityFrameworkCore.ChangeTracking.Internal.StateManager.SaveChangesAsync(StateManager stateManager, Boolean acceptAllChangesOnSuccess, CancellationToken cancellationToken)
   at Npgsql.EntityFrameworkCore.PostgreSQL.Storage.Internal.NpgsqlExecutionStrategy.ExecuteAsync[TState,TResult](TState state, Func`4 operation, Func`4 verifySucceeded, CancellationToken cancellationToken)
   at Microsoft.EntityFrameworkCore.DbContext.SaveChangesAsync(Boolean acceptAllChangesOnSuccess, CancellationToken cancellationToken)
   at Microsoft.EntityFrameworkCore.DbContext.SaveChangesAsync(Boolean acceptAllChangesOnSuccess, CancellationToken cancellationToken)
   at CP6.Space.Infrastructure.SpaceCadMappingProfileService.SaveProfileAsync(SaveSpaceCadMappingProfileRequest request, String idempotencyKey, CancellationToken cancellationToken) in D:\CP6\tmp\worktrees\bug-150-mapping-idempotency-20261003\CP6.Space.Infrastructure\SpaceCadMappingProfileService.cs:line 220
   at CP6.Space.Infrastructure.SpaceCadMappingProfileService.SaveProfileAsync(SaveSpaceCadMappingProfileRequest request, String idempotencyKey, CancellationToken cancellationToken) in D:\CP6\tmp\worktrees\bug-150-mapping-idempotency-20261003\CP6.Space.Infrastructure\SpaceCadMappingProfileService.cs:line 270
   at CP6.Space.IntegrationTests.SpaceMappingProfileConcurrencyTests.RaceAsync[T](TestExecution execution, TestClock clock, Func`3 save, CancellationTokenSource budget) in D:\CP6\tmp\worktrees\bug-150-mapping-idempotency-20261003\CP6.Space.IntegrationTests\SpaceMappingProfileConcurrencyTests.cs:line 167
   at CP6.Space.IntegrationTests.SpaceMappingProfileConcurrencyTests.RaceAsync[T](TestExecution execution, TestClock clock, Func`3 save, CancellationTokenSource budget) in D:\CP6\tmp\worktrees\bug-150-mapping-idempotency-20261003\CP6.Space.IntegrationTests\SpaceMappingProfileConcurrencyTests.cs:line 173
   at CP6.Space.IntegrationTests.SpaceMappingProfileConcurrencyTests.RaceAsync[T](TestExecution execution, TestClock clock, Func`3 save, CancellationTokenSource budget) in D:\CP6\tmp\worktrees\bug-150-mapping-idempotency-20261003\CP6.Space.IntegrationTests\SpaceMappingProfileConcurrencyTests.cs:line 173
   at CP6.Space.IntegrationTests.SpaceMappingProfileConcurrencyTests.RaceAsync[T](TestExecution execution, TestClock clock, Func`3 save, CancellationTokenSource budget) in D:\CP6\tmp\worktrees\bug-150-mapping-idempotency-20261003\CP6.Space.IntegrationTests\SpaceMappingProfileConcurrencyTests.cs:line 173
   at CP6.Space.IntegrationTests.SpaceMappingProfileConcurrencyTests.Cad_same_key_concurrent_create_returns_one_profile_and_rejects_changed_payload() in D:\CP6\tmp\worktrees\bug-150-mapping-idempotency-20261003\CP6.Space.IntegrationTests\SpaceMappingProfileConcurrencyTests.cs:line 30
--- End of stack trace from previous location ---
----- Inner Stack Trace -----
   at Npgsql.Internal.NpgsqlConnector.ReadMessageLong(Boolean async, DataRowLoadingMode dataRowLoadingMode, Boolean readingNotifications, Boolean isReadingPrependedMessage)
   at System.Runtime.CompilerServices.PoolingAsyncValueTaskMethodBuilder`1.StateMachineBox`1.System.Threading.Tasks.Sources.IValueTaskSource<TResult>.GetResult(Int16 token)
   at Npgsql.NpgsqlDataReader.NextResult(Boolean async, Boolean isConsuming, CancellationToken cancellationToken)
   at Npgsql.NpgsqlDataReader.NextResult(Boolean async, Boolean isConsuming, CancellationToken cancellationToken)
   at Npgsql.NpgsqlCommand.ExecuteReader(Boolean async, CommandBehavior behavior, CancellationToken cancellationToken)
   at Npgsql.NpgsqlCommand.ExecuteReader(Boolean async, CommandBehavior behavior, CancellationToken cancellationToken)
   at Npgsql.NpgsqlCommand.ExecuteDbDataReaderAsync(CommandBehavior behavior, CancellationToken cancellationToken)
   at Microsoft.EntityFrameworkCore.Storage.RelationalCommand.ExecuteReaderAsync(RelationalCommandParameterObject parameterObject, CancellationToken cancellationToken)
   at Microsoft.EntityFrameworkCore.Storage.RelationalCommand.ExecuteReaderAsync(RelationalCommandParameterObject parameterObject, CancellationToken cancellationToken)
   at Microsoft.EntityFrameworkCore.Update.ReaderModificationCommandBatch.ExecuteAsync(IRelationalConnection connection, CancellationToken cancellationToken)
  Standard Output Messages:
 Task=BUG-150; Provider=PostgreSql; owner verified; Core=1; Space=1; pending=0.
 CoreMigrationIds=20261002161715_PostgreSqlCoreBaselineV1
 SpaceMigrationIds=20261002161945_PostgreSqlSpaceBaselineV1
 Physical sessions=11608,32164; first-save barrier; no test-layer retry.
 Provider=PostgreSql; Stage=mapping-save; SQLSTATE=23505; NativeCode=none; Kind=UniqueConstraint.


Results File: D:\CP6\tmp\bug150-tests\bug150-pg-red\results.trx

Failed!  - Failed:     2, Passed:     0, Skipped:     0, Total:     2, Duration: 671 ms - CP6.Space.IntegrationTests.dll (net8.0)
