<?xml version="1.0" encoding="utf-8"?>
<TestRun id="3b48364d-8800-4f08-9b89-34a96c78c2ca" name="tt@LAPTOP-3QQ44FJS 2026-10-03 10:18:34" runUser="LAPTOP-3QQ44FJS\tt" xmlns="http://microsoft.com/schemas/VisualStudio/TeamTest/2010">
  <Times creation="2026-10-03T10:18:34.5469896-04:00" queuing="2026-10-03T10:18:34.5469900-04:00" start="2026-10-03T10:18:21.3449557-04:00" finish="2026-10-03T10:18:34.5513210-04:00" />
  <TestSettings name="default" id="1ab225e3-564e-4618-b2d3-83f90375a6d9">
    <Deployment runDeploymentRoot="tt_LAPTOP-3QQ44FJS_2026-10-03_10_18_34" />
  </TestSettings>
  <Results>
    <UnitTestResult executionId="346d5d59-d2f2-4f9d-8b73-eafba2be2a15" testId="0ffbaad8-16e3-70ad-88da-35fcad49f1c6" testName="CP6.Space.IntegrationTests.SpaceMappingProfileConcurrencyTests.Excel_same_key_concurrent_create_returns_one_profile_and_rejects_changed_payload" computerName="LAPTOP-3QQ44FJS" duration="00:00:00.5373035" startTime="2026-10-03T10:18:33.7937412-04:00" endTime="2026-10-03T10:18:34.3313634-04:00" testType="13cdc9d9-ddb5-4fa4-a97d-d965ccfc6d4b" outcome="Failed" testListId="8c84fa94-04c1-424b-9868-57a2d4851a1d" relativeResultsDirectory="346d5d59-d2f2-4f9d-8b73-eafba2be2a15">
      <Output>
        <StdOut>Task=BUG-150; Provider=PostgreSql; owner verified; Core=1; Space=1; pending=0.&#xD;
CoreMigrationIds=20261002161715_PostgreSqlCoreBaselineV1&#xD;
SpaceMigrationIds=20261002161945_PostgreSqlSpaceBaselineV1&#xD;
Physical sessions=32164,11608; first-save barrier; no test-layer retry.&#xD;
Provider=PostgreSql; Stage=mapping-save; SQLSTATE=23505; NativeCode=none; Kind=UniqueConstraint.</StdOut>
        <ErrorInfo>
          <Message>Microsoft.EntityFrameworkCore.DbUpdateException : An error occurred while saving the entity changes. See the inner exception for details.&#xD;
---- Npgsql.PostgresException : 23505: 重複したキー値は一意性制約"UX_Space_ExcelMappingProfile_CurrentName"違反となります&#xD;
&#xD;
DETAIL: Detail redacted as it may contain sensitive data. Specify 'Include Error Detail' in the connection string to include this information.</Message>
          <StackTrace>   at Microsoft.EntityFrameworkCore.Update.ReaderModificationCommandBatch.ExecuteAsync(IRelationalConnection connection, CancellationToken cancellationToken)&#xD;
   at Microsoft.EntityFrameworkCore.Update.Internal.BatchExecutor.ExecuteAsync(IEnumerable`1 commandBatches, IRelationalConnection connection, CancellationToken cancellationToken)&#xD;
   at Microsoft.EntityFrameworkCore.Update.Internal.BatchExecutor.ExecuteAsync(IEnumerable`1 commandBatches, IRelationalConnection connection, CancellationToken cancellationToken)&#xD;
   at Microsoft.EntityFrameworkCore.Update.Internal.BatchExecutor.ExecuteAsync(IEnumerable`1 commandBatches, IRelationalConnection connection, CancellationToken cancellationToken)&#xD;
   at Microsoft.EntityFrameworkCore.ChangeTracking.Internal.StateManager.SaveChangesAsync(IList`1 entriesToSave, CancellationToken cancellationToken)&#xD;
   at Microsoft.EntityFrameworkCore.ChangeTracking.Internal.StateManager.SaveChangesAsync(StateManager stateManager, Boolean acceptAllChangesOnSuccess, CancellationToken cancellationToken)&#xD;
   at Npgsql.EntityFrameworkCore.PostgreSQL.Storage.Internal.NpgsqlExecutionStrategy.ExecuteAsync[TState,TResult](TState state, Func`4 operation, Func`4 verifySucceeded, CancellationToken cancellationToken)&#xD;
   at Microsoft.EntityFrameworkCore.DbContext.SaveChangesAsync(Boolean acceptAllChangesOnSuccess, CancellationToken cancellationToken)&#xD;
   at Microsoft.EntityFrameworkCore.DbContext.SaveChangesAsync(Boolean acceptAllChangesOnSuccess, CancellationToken cancellationToken)&#xD;
   at CP6.Space.Infrastructure.SpaceExcelMappingService.SaveProfileAsync(SaveSpaceExcelMappingProfileRequest request, String idempotencyKey, CancellationToken cancellationToken) in D:\CP6\tmp\worktrees\bug-150-mapping-idempotency-20261003\CP6.Space.Infrastructure\SpaceExcelMappingService.cs:line 357&#xD;
   at CP6.Space.Infrastructure.SpaceExcelMappingService.SaveProfileAsync(SaveSpaceExcelMappingProfileRequest request, String idempotencyKey, CancellationToken cancellationToken) in D:\CP6\tmp\worktrees\bug-150-mapping-idempotency-20261003\CP6.Space.Infrastructure\SpaceExcelMappingService.cs:line 407&#xD;
   at CP6.Space.IntegrationTests.SpaceMappingProfileConcurrencyTests.RaceAsync[T](TestExecution execution, TestClock clock, Func`3 save, CancellationTokenSource budget) in D:\CP6\tmp\worktrees\bug-150-mapping-idempotency-20261003\CP6.Space.IntegrationTests\SpaceMappingProfileConcurrencyTests.cs:line 167&#xD;
   at CP6.Space.IntegrationTests.SpaceMappingProfileConcurrencyTests.RaceAsync[T](TestExecution execution, TestClock clock, Func`3 save, CancellationTokenSource budget) in D:\CP6\tmp\worktrees\bug-150-mapping-idempotency-20261003\CP6.Space.IntegrationTests\SpaceMappingProfileConcurrencyTests.cs:line 173&#xD;
   at CP6.Space.IntegrationTests.SpaceMappingProfileConcurrencyTests.RaceAsync[T](TestExecution execution, TestClock clock, Func`3 save, CancellationTokenSource budget) in D:\CP6\tmp\worktrees\bug-150-mapping-idempotency-20261003\CP6.Space.IntegrationTests\SpaceMappingProfileConcurrencyTests.cs:line 173&#xD;
   at CP6.Space.IntegrationTests.SpaceMappingProfileConcurrencyTests.RaceAsync[T](TestExecution execution, TestClock clock, Func`3 save, CancellationTokenSource budget) in D:\CP6\tmp\worktrees\bug-150-mapping-idempotency-20261003\CP6.Space.IntegrationTests\SpaceMappingProfileConcurrencyTests.cs:line 173&#xD;
   at CP6.Space.IntegrationTests.SpaceMappingProfileConcurrencyTests.Excel_same_key_concurrent_create_returns_one_profile_and_rejects_changed_payload() in D:\CP6\tmp\worktrees\bug-150-mapping-idempotency-20261003\CP6.Space.IntegrationTests\SpaceMappingProfileConcurrencyTests.cs:line 88&#xD;
--- End of stack trace from previous location ---&#xD;
----- Inner Stack Trace -----&#xD;
   at Npgsql.Internal.NpgsqlConnector.ReadMessageLong(Boolean async, DataRowLoadingMode dataRowLoadingMode, Boolean readingNotifications, Boolean isReadingPrependedMessage)&#xD;
   at System.Runtime.CompilerServices.PoolingAsyncValueTaskMethodBuilder`1.StateMachineBox`1.System.Threading.Tasks.Sources.IValueTaskSource&lt;TResult&gt;.GetResult(Int16 token)&#xD;
   at Npgsql.NpgsqlDataReader.NextResult(Boolean async, Boolean isConsuming, CancellationToken cancellationToken)&#xD;
   at Npgsql.NpgsqlDataReader.NextResult(Boolean async, Boolean isConsuming, CancellationToken cancellationToken)&#xD;
   at Npgsql.NpgsqlCommand.ExecuteReader(Boolean async, CommandBehavior behavior, CancellationToken cancellationToken)&#xD;
   at Npgsql.NpgsqlCommand.ExecuteReader(Boolean async, CommandBehavior behavior, CancellationToken cancellationToken)&#xD;
   at Npgsql.NpgsqlCommand.ExecuteDbDataReaderAsync(CommandBehavior behavior, CancellationToken cancellationToken)&#xD;
   at Microsoft.EntityFrameworkCore.Storage.RelationalCommand.ExecuteReaderAsync(RelationalCommandParameterObject parameterObject, CancellationToken cancellationToken)&#xD;
   at Microsoft.EntityFrameworkCore.Storage.RelationalCommand.ExecuteReaderAsync(RelationalCommandParameterObject parameterObject, CancellationToken cancellationToken)&#xD;
   at Microsoft.EntityFrameworkCore.Update.ReaderModificationCommandBatch.ExecuteAsync(IRelationalConnection connection, CancellationToken cancellationToken)</StackTrace>
        </ErrorInfo>
      </Output>
    </UnitTestResult>
    <UnitTestResult executionId="0f9b1b36-6ab0-4ff3-b406-709413887c79" testId="26bed983-8b4b-edd2-ffb8-029e821b4851" testName="CP6.Space.IntegrationTests.SpaceMappingProfileConcurrencyTests.Cad_same_key_concurrent_create_returns_one_profile_and_rejects_changed_payload" computerName="LAPTOP-3QQ44FJS" duration="00:00:00.1317481" startTime="2026-10-03T10:18:34.3413149-04:00" endTime="2026-10-03T10:18:34.4653445-04:00" testType="13cdc9d9-ddb5-4fa4-a97d-d965ccfc6d4b" outcome="Failed" testListId="8c84fa94-04c1-424b-9868-57a2d4851a1d" relativeResultsDirectory="0f9b1b36-6ab0-4ff3-b406-709413887c79">
      <Output>
        <StdOut>Task=BUG-150; Provider=PostgreSql; owner verified; Core=1; Space=1; pending=0.&#xD;
CoreMigrationIds=20261002161715_PostgreSqlCoreBaselineV1&#xD;
SpaceMigrationIds=20261002161945_PostgreSqlSpaceBaselineV1&#xD;
Physical sessions=11608,32164; first-save barrier; no test-layer retry.&#xD;
Provider=PostgreSql; Stage=mapping-save; SQLSTATE=23505; NativeCode=none; Kind=UniqueConstraint.</StdOut>
        <ErrorInfo>
          <Message>Microsoft.EntityFrameworkCore.DbUpdateException : An error occurred while saving the entity changes. See the inner exception for details.&#xD;
---- Npgsql.PostgresException : 23505: 重複したキー値は一意性制約"UX_Space_LayerMappingProfile_CurrentName"違反となります&#xD;
&#xD;
DETAIL: Detail redacted as it may contain sensitive data. Specify 'Include Error Detail' in the connection string to include this information.</Message>
          <StackTrace>   at Microsoft.EntityFrameworkCore.Update.ReaderModificationCommandBatch.ExecuteAsync(IRelationalConnection connection, CancellationToken cancellationToken)&#xD;
   at Microsoft.EntityFrameworkCore.Update.Internal.BatchExecutor.ExecuteAsync(IEnumerable`1 commandBatches, IRelationalConnection connection, CancellationToken cancellationToken)&#xD;
   at Microsoft.EntityFrameworkCore.Update.Internal.BatchExecutor.ExecuteAsync(IEnumerable`1 commandBatches, IRelationalConnection connection, CancellationToken cancellationToken)&#xD;
   at Microsoft.EntityFrameworkCore.Update.Internal.BatchExecutor.ExecuteAsync(IEnumerable`1 commandBatches, IRelationalConnection connection, CancellationToken cancellationToken)&#xD;
   at Microsoft.EntityFrameworkCore.ChangeTracking.Internal.StateManager.SaveChangesAsync(IList`1 entriesToSave, CancellationToken cancellationToken)&#xD;
   at Microsoft.EntityFrameworkCore.ChangeTracking.Internal.StateManager.SaveChangesAsync(StateManager stateManager, Boolean acceptAllChangesOnSuccess, CancellationToken cancellationToken)&#xD;
   at Npgsql.EntityFrameworkCore.PostgreSQL.Storage.Internal.NpgsqlExecutionStrategy.ExecuteAsync[TState,TResult](TState state, Func`4 operation, Func`4 verifySucceeded, CancellationToken cancellationToken)&#xD;
   at Microsoft.EntityFrameworkCore.DbContext.SaveChangesAsync(Boolean acceptAllChangesOnSuccess, CancellationToken cancellationToken)&#xD;
   at Microsoft.EntityFrameworkCore.DbContext.SaveChangesAsync(Boolean acceptAllChangesOnSuccess, CancellationToken cancellationToken)&#xD;
   at CP6.Space.Infrastructure.SpaceCadMappingProfileService.SaveProfileAsync(SaveSpaceCadMappingProfileRequest request, String idempotencyKey, CancellationToken cancellationToken) in D:\CP6\tmp\worktrees\bug-150-mapping-idempotency-20261003\CP6.Space.Infrastructure\SpaceCadMappingProfileService.cs:line 220&#xD;
   at CP6.Space.Infrastructure.SpaceCadMappingProfileService.SaveProfileAsync(SaveSpaceCadMappingProfileRequest request, String idempotencyKey, CancellationToken cancellationToken) in D:\CP6\tmp\worktrees\bug-150-mapping-idempotency-20261003\CP6.Space.Infrastructure\SpaceCadMappingProfileService.cs:line 270&#xD;
   at CP6.Space.IntegrationTests.SpaceMappingProfileConcurrencyTests.RaceAsync[T](TestExecution execution, TestClock clock, Func`3 save, CancellationTokenSource budget) in D:\CP6\tmp\worktrees\bug-150-mapping-idempotency-20261003\CP6.Space.IntegrationTests\SpaceMappingProfileConcurrencyTests.cs:line 167&#xD;
   at CP6.Space.IntegrationTests.SpaceMappingProfileConcurrencyTests.RaceAsync[T](TestExecution execution, TestClock clock, Func`3 save, CancellationTokenSource budget) in D:\CP6\tmp\worktrees\bug-150-mapping-idempotency-20261003\CP6.Space.IntegrationTests\SpaceMappingProfileConcurrencyTests.cs:line 173&#xD;
   at CP6.Space.IntegrationTests.SpaceMappingProfileConcurrencyTests.RaceAsync[T](TestExecution execution, TestClock clock, Func`3 save, CancellationTokenSource budget) in D:\CP6\tmp\worktrees\bug-150-mapping-idempotency-20261003\CP6.Space.IntegrationTests\SpaceMappingProfileConcurrencyTests.cs:line 173&#xD;
   at CP6.Space.IntegrationTests.SpaceMappingProfileConcurrencyTests.RaceAsync[T](TestExecution execution, TestClock clock, Func`3 save, CancellationTokenSource budget) in D:\CP6\tmp\worktrees\bug-150-mapping-idempotency-20261003\CP6.Space.IntegrationTests\SpaceMappingProfileConcurrencyTests.cs:line 173&#xD;
   at CP6.Space.IntegrationTests.SpaceMappingProfileConcurrencyTests.Cad_same_key_concurrent_create_returns_one_profile_and_rejects_changed_payload() in D:\CP6\tmp\worktrees\bug-150-mapping-idempotency-20261003\CP6.Space.IntegrationTests\SpaceMappingProfileConcurrencyTests.cs:line 30&#xD;
--- End of stack trace from previous location ---&#xD;
----- Inner Stack Trace -----&#xD;
   at Npgsql.Internal.NpgsqlConnector.ReadMessageLong(Boolean async, DataRowLoadingMode dataRowLoadingMode, Boolean readingNotifications, Boolean isReadingPrependedMessage)&#xD;
   at System.Runtime.CompilerServices.PoolingAsyncValueTaskMethodBuilder`1.StateMachineBox`1.System.Threading.Tasks.Sources.IValueTaskSource&lt;TResult&gt;.GetResult(Int16 token)&#xD;
   at Npgsql.NpgsqlDataReader.NextResult(Boolean async, Boolean isConsuming, CancellationToken cancellationToken)&#xD;
   at Npgsql.NpgsqlDataReader.NextResult(Boolean async, Boolean isConsuming, CancellationToken cancellationToken)&#xD;
   at Npgsql.NpgsqlCommand.ExecuteReader(Boolean async, CommandBehavior behavior, CancellationToken cancellationToken)&#xD;
   at Npgsql.NpgsqlCommand.ExecuteReader(Boolean async, CommandBehavior behavior, CancellationToken cancellationToken)&#xD;
   at Npgsql.NpgsqlCommand.ExecuteDbDataReaderAsync(CommandBehavior behavior, CancellationToken cancellationToken)&#xD;
   at Microsoft.EntityFrameworkCore.Storage.RelationalCommand.ExecuteReaderAsync(RelationalCommandParameterObject parameterObject, CancellationToken cancellationToken)&#xD;
   at Microsoft.EntityFrameworkCore.Storage.RelationalCommand.ExecuteReaderAsync(RelationalCommandParameterObject parameterObject, CancellationToken cancellationToken)&#xD;
   at Microsoft.EntityFrameworkCore.Update.ReaderModificationCommandBatch.ExecuteAsync(IRelationalConnection connection, CancellationToken cancellationToken)</StackTrace>
        </ErrorInfo>
      </Output>
    </UnitTestResult>
  </Results>
  <TestDefinitions>
    <UnitTest name="CP6.Space.IntegrationTests.SpaceMappingProfileConcurrencyTests.Excel_same_key_concurrent_create_returns_one_profile_and_rejects_changed_payload" storage="d:\cp6\tmp\worktrees\bug-150-mapping-idempotency-20261003\cp6.space.integrationtests\bin\debug\net8.0\cp6.space.integrationtests.dll" id="0ffbaad8-16e3-70ad-88da-35fcad49f1c6">
      <Execution id="346d5d59-d2f2-4f9d-8b73-eafba2be2a15" />
      <TestMethod codeBase="D:\CP6\tmp\worktrees\bug-150-mapping-idempotency-20261003\CP6.Space.IntegrationTests\bin\Debug\net8.0\CP6.Space.IntegrationTests.dll" adapterTypeName="executor://xunit/VsTestRunner3/netcore/" className="CP6.Space.IntegrationTests.SpaceMappingProfileConcurrencyTests" name="Excel_same_key_concurrent_create_returns_one_profile_and_rejects_changed_payload" />
    </UnitTest>
    <UnitTest name="CP6.Space.IntegrationTests.SpaceMappingProfileConcurrencyTests.Cad_same_key_concurrent_create_returns_one_profile_and_rejects_changed_payload" storage="d:\cp6\tmp\worktrees\bug-150-mapping-idempotency-20261003\cp6.space.integrationtests\bin\debug\net8.0\cp6.space.integrationtests.dll" id="26bed983-8b4b-edd2-ffb8-029e821b4851">
      <Execution id="0f9b1b36-6ab0-4ff3-b406-709413887c79" />
      <TestMethod codeBase="D:\CP6\tmp\worktrees\bug-150-mapping-idempotency-20261003\CP6.Space.IntegrationTests\bin\Debug\net8.0\CP6.Space.IntegrationTests.dll" adapterTypeName="executor://xunit/VsTestRunner3/netcore/" className="CP6.Space.IntegrationTests.SpaceMappingProfileConcurrencyTests" name="Cad_same_key_concurrent_create_returns_one_profile_and_rejects_changed_payload" />
    </UnitTest>
  </TestDefinitions>
  <TestEntries>
    <TestEntry testId="0ffbaad8-16e3-70ad-88da-35fcad49f1c6" executionId="346d5d59-d2f2-4f9d-8b73-eafba2be2a15" testListId="8c84fa94-04c1-424b-9868-57a2d4851a1d" />
    <TestEntry testId="26bed983-8b4b-edd2-ffb8-029e821b4851" executionId="0f9b1b36-6ab0-4ff3-b406-709413887c79" testListId="8c84fa94-04c1-424b-9868-57a2d4851a1d" />
  </TestEntries>
  <TestLists>
    <TestList name="Results Not in a List" id="8c84fa94-04c1-424b-9868-57a2d4851a1d" />
    <TestList name="All Loaded Results" id="19431567-8539-422a-85d7-44ee4e166bda" />
  </TestLists>
  <ResultSummary outcome="Failed">
    <Counters total="2" executed="2" passed="0" failed="2" error="0" timeout="0" aborted="0" inconclusive="0" passedButRunAborted="0" notRunnable="0" notExecuted="0" disconnected="0" warning="0" completed="0" inProgress="0" pending="0" />
    <Output>
      <StdOut>[xUnit.net 00:00:00.00] xUnit.net VSTest Adapter v3.1.4+50e68bbb8b (64-bit .NET 8.0.29)&#xD;
[xUnit.net 00:00:00.10]   Discovering: CP6.Space.IntegrationTests&#xD;
[xUnit.net 00:00:00.15]   Discovered:  CP6.Space.IntegrationTests&#xD;
[xUnit.net 00:00:00.16]   Starting:    CP6.Space.IntegrationTests&#xD;
[xUnit.net 00:00:12.59]       Microsoft.EntityFrameworkCore.DbUpdateException : An error occurred while saving the entity changes. See the inner exception for details.&#xD;
[xUnit.net 00:00:12.59]       ---- Npgsql.PostgresException : 23505: 重複したキー値は一意性制約"UX_Space_ExcelMappingProfile_CurrentName"違反となります&#xD;
[xUnit.net 00:00:12.59]       &#xD;
[xUnit.net 00:00:12.59]       DETAIL: Detail redacted as it may contain sensitive data. Specify 'Include Error Detail' in the connection string to include this information.&#xD;
[xUnit.net 00:00:12.59]       Stack Trace:&#xD;
[xUnit.net 00:00:12.59]            at Microsoft.EntityFrameworkCore.Update.ReaderModificationCommandBatch.ExecuteAsync(IRelationalConnection connection, CancellationToken cancellationToken)&#xD;
[xUnit.net 00:00:12.59]            at Microsoft.EntityFrameworkCore.Update.Internal.BatchExecutor.ExecuteAsync(IEnumerable`1 commandBatches, IRelationalConnection connection, CancellationToken cancellationToken)&#xD;
[xUnit.net 00:00:12.59]            at Microsoft.EntityFrameworkCore.Update.Internal.BatchExecutor.ExecuteAsync(IEnumerable`1 commandBatches, IRelationalConnection connection, CancellationToken cancellationToken)&#xD;
[xUnit.net 00:00:12.59]            at Microsoft.EntityFrameworkCore.Update.Internal.BatchExecutor.ExecuteAsync(IEnumerable`1 commandBatches, IRelationalConnection connection, CancellationToken cancellationToken)&#xD;
[xUnit.net 00:00:12.59]            at Microsoft.EntityFrameworkCore.ChangeTracking.Internal.StateManager.SaveChangesAsync(IList`1 entriesToSave, CancellationToken cancellationToken)&#xD;
[xUnit.net 00:00:12.59]            at Microsoft.EntityFrameworkCore.ChangeTracking.Internal.StateManager.SaveChangesAsync(StateManager stateManager, Boolean acceptAllChangesOnSuccess, CancellationToken cancellationToken)&#xD;
[xUnit.net 00:00:12.59]            at Npgsql.EntityFrameworkCore.PostgreSQL.Storage.Internal.NpgsqlExecutionStrategy.ExecuteAsync[TState,TResult](TState state, Func`4 operation, Func`4 verifySucceeded, CancellationToken cancellationToken)&#xD;
[xUnit.net 00:00:12.59]            at Microsoft.EntityFrameworkCore.DbContext.SaveChangesAsync(Boolean acceptAllChangesOnSuccess, CancellationToken cancellationToken)&#xD;
[xUnit.net 00:00:12.59]            at Microsoft.EntityFrameworkCore.DbContext.SaveChangesAsync(Boolean acceptAllChangesOnSuccess, CancellationToken cancellationToken)&#xD;
[xUnit.net 00:00:12.59]         D:\CP6\tmp\worktrees\bug-150-mapping-idempotency-20261003\CP6.Space.Infrastructure\SpaceExcelMappingService.cs(357,0): at CP6.Space.Infrastructure.SpaceExcelMappingService.SaveProfileAsync(SaveSpaceExcelMappingProfileRequest request, String idempotencyKey, CancellationToken cancellationToken)&#xD;
[xUnit.net 00:00:12.59]         D:\CP6\tmp\worktrees\bug-150-mapping-idempotency-20261003\CP6.Space.Infrastructure\SpaceExcelMappingService.cs(407,0): at CP6.Space.Infrastructure.SpaceExcelMappingService.SaveProfileAsync(SaveSpaceExcelMappingProfileRequest request, String idempotencyKey, CancellationToken cancellationToken)&#xD;
[xUnit.net 00:00:12.59]         D:\CP6\tmp\worktrees\bug-150-mapping-idempotency-20261003\CP6.Space.IntegrationTests\SpaceMappingProfileConcurrencyTests.cs(167,0): at CP6.Space.IntegrationTests.SpaceMappingProfileConcurrencyTests.RaceAsync[T](TestExecution execution, TestClock clock, Func`3 save, CancellationTokenSource budget)&#xD;
[xUnit.net 00:00:12.59]         D:\CP6\tmp\worktrees\bug-150-mapping-idempotency-20261003\CP6.Space.IntegrationTests\SpaceMappingProfileConcurrencyTests.cs(173,0): at CP6.Space.IntegrationTests.SpaceMappingProfileConcurrencyTests.RaceAsync[T](TestExecution execution, TestClock clock, Func`3 save, CancellationTokenSource budget)&#xD;
[xUnit.net 00:00:12.59]         D:\CP6\tmp\worktrees\bug-150-mapping-idempotency-20261003\CP6.Space.IntegrationTests\SpaceMappingProfileConcurrencyTests.cs(173,0): at CP6.Space.IntegrationTests.SpaceMappingProfileConcurrencyTests.RaceAsync[T](TestExecution execution, TestClock clock, Func`3 save, CancellationTokenSource budget)&#xD;
[xUnit.net 00:00:12.59]         D:\CP6\tmp\worktrees\bug-150-mapping-idempotency-20261003\CP6.Space.IntegrationTests\SpaceMappingProfileConcurrencyTests.cs(173,0): at CP6.Space.IntegrationTests.SpaceMappingProfileConcurrencyTests.RaceAsync[T](TestExecution execution, TestClock clock, Func`3 save, CancellationTokenSource budget)&#xD;
[xUnit.net 00:00:12.59]         D:\CP6\tmp\worktrees\bug-150-mapping-idempotency-20261003\CP6.Space.IntegrationTests\SpaceMappingProfileConcurrencyTests.cs(88,0): at CP6.Space.IntegrationTests.SpaceMappingProfileConcurrencyTests.Excel_same_key_concurrent_create_returns_one_profile_and_rejects_changed_payload()&#xD;
[xUnit.net 00:00:12.59]         --- End of stack trace from previous location ---&#xD;
[xUnit.net 00:00:12.59]         ----- Inner Stack Trace -----&#xD;
[xUnit.net 00:00:12.59]            at Npgsql.Internal.NpgsqlConnector.ReadMessageLong(Boolean async, DataRowLoadingMode dataRowLoadingMode, Boolean readingNotifications, Boolean isReadingPrependedMessage)&#xD;
[xUnit.net 00:00:12.59]            at System.Runtime.CompilerServices.PoolingAsyncValueTaskMethodBuilder`1.StateMachineBox`1.System.Threading.Tasks.Sources.IValueTaskSource&lt;TResult&gt;.GetResult(Int16 token)&#xD;
[xUnit.net 00:00:12.59]            at Npgsql.NpgsqlDataReader.NextResult(Boolean async, Boolean isConsuming, CancellationToken cancellationToken)&#xD;
[xUnit.net 00:00:12.59]            at Npgsql.NpgsqlDataReader.NextResult(Boolean async, Boolean isConsuming, CancellationToken cancellationToken)&#xD;
[xUnit.net 00:00:12.59]            at Npgsql.NpgsqlCommand.ExecuteReader(Boolean async, CommandBehavior behavior, CancellationToken cancellationToken)&#xD;
[xUnit.net 00:00:12.59]            at Npgsql.NpgsqlCommand.ExecuteReader(Boolean async, CommandBehavior behavior, CancellationToken cancellationToken)&#xD;
[xUnit.net 00:00:12.59]            at Npgsql.NpgsqlCommand.ExecuteDbDataReaderAsync(CommandBehavior behavior, CancellationToken cancellationToken)&#xD;
[xUnit.net 00:00:12.59]            at Microsoft.EntityFrameworkCore.Storage.RelationalCommand.ExecuteReaderAsync(RelationalCommandParameterObject parameterObject, CancellationToken cancellationToken)&#xD;
[xUnit.net 00:00:12.59]            at Microsoft.EntityFrameworkCore.Storage.RelationalCommand.ExecuteReaderAsync(RelationalCommandParameterObject parameterObject, CancellationToken cancellationToken)&#xD;
[xUnit.net 00:00:12.59]            at Microsoft.EntityFrameworkCore.Update.ReaderModificationCommandBatch.ExecuteAsync(IRelationalConnection connection, CancellationToken cancellationToken)&#xD;
[xUnit.net 00:00:12.59]       Output:&#xD;
[xUnit.net 00:00:12.59]         Task=BUG-150; Provider=PostgreSql; owner verified; Core=1; Space=1; pending=0.&#xD;
[xUnit.net 00:00:12.59]         CoreMigrationIds=20261002161715_PostgreSqlCoreBaselineV1&#xD;
[xUnit.net 00:00:12.59]         SpaceMigrationIds=20261002161945_PostgreSqlSpaceBaselineV1&#xD;
[xUnit.net 00:00:12.59]         Physical sessions=32164,11608; first-save barrier; no test-layer retry.&#xD;
[xUnit.net 00:00:12.59]         Provider=PostgreSql; Stage=mapping-save; SQLSTATE=23505; NativeCode=none; Kind=UniqueConstraint.&#xD;
[xUnit.net 00:00:12.73]       Microsoft.EntityFrameworkCore.DbUpdateException : An error occurred while saving the entity changes. See the inner exception for details.&#xD;
[xUnit.net 00:00:12.73]       ---- Npgsql.PostgresException : 23505: 重複したキー値は一意性制約"UX_Space_LayerMappingProfile_CurrentName"違反となります&#xD;
[xUnit.net 00:00:12.73]       &#xD;
[xUnit.net 00:00:12.73]       DETAIL: Detail redacted as it may contain sensitive data. Specify 'Include Error Detail' in the connection string to include this information.&#xD;
[xUnit.net 00:00:12.73]       Stack Trace:&#xD;
[xUnit.net 00:00:12.73]            at Microsoft.EntityFrameworkCore.Update.ReaderModificationCommandBatch.ExecuteAsync(IRelationalConnection connection, CancellationToken cancellationToken)&#xD;
[xUnit.net 00:00:12.73]            at Microsoft.EntityFrameworkCore.Update.Internal.BatchExecutor.ExecuteAsync(IEnumerable`1 commandBatches, IRelationalConnection connection, CancellationToken cancellationToken)&#xD;
[xUnit.net 00:00:12.73]            at Microsoft.EntityFrameworkCore.Update.Internal.BatchExecutor.ExecuteAsync(IEnumerable`1 commandBatches, IRelationalConnection connection, CancellationToken cancellationToken)&#xD;
[xUnit.net 00:00:12.73]            at Microsoft.EntityFrameworkCore.Update.Internal.BatchExecutor.ExecuteAsync(IEnumerable`1 commandBatches, IRelationalConnection connection, CancellationToken cancellationToken)&#xD;
[xUnit.net 00:00:12.73]            at Microsoft.EntityFrameworkCore.ChangeTracking.Internal.StateManager.SaveChangesAsync(IList`1 entriesToSave, CancellationToken cancellationToken)&#xD;
[xUnit.net 00:00:12.73]            at Microsoft.EntityFrameworkCore.ChangeTracking.Internal.StateManager.SaveChangesAsync(StateManager stateManager, Boolean acceptAllChangesOnSuccess, CancellationToken cancellationToken)&#xD;
[xUnit.net 00:00:12.73]            at Npgsql.EntityFrameworkCore.PostgreSQL.Storage.Internal.NpgsqlExecutionStrategy.ExecuteAsync[TState,TResult](TState state, Func`4 operation, Func`4 verifySucceeded, CancellationToken cancellationToken)&#xD;
[xUnit.net 00:00:12.73]            at Microsoft.EntityFrameworkCore.DbContext.SaveChangesAsync(Boolean acceptAllChangesOnSuccess, CancellationToken cancellationToken)&#xD;
[xUnit.net 00:00:12.73]            at Microsoft.EntityFrameworkCore.DbContext.SaveChangesAsync(Boolean acceptAllChangesOnSuccess, CancellationToken cancellationToken)&#xD;
[xUnit.net 00:00:12.73]         D:\CP6\tmp\worktrees\bug-150-mapping-idempotency-20261003\CP6.Space.Infrastructure\SpaceCadMappingProfileService.cs(220,0): at CP6.Space.Infrastructure.SpaceCadMappingProfileService.SaveProfileAsync(SaveSpaceCadMappingProfileRequest request, String idempotencyKey, CancellationToken cancellationToken)&#xD;
[xUnit.net 00:00:12.73]         D:\CP6\tmp\worktrees\bug-150-mapping-idempotency-20261003\CP6.Space.Infrastructure\SpaceCadMappingProfileService.cs(270,0): at CP6.Space.Infrastructure.SpaceCadMappingProfileService.SaveProfileAsync(SaveSpaceCadMappingProfileRequest request, String idempotencyKey, CancellationToken cancellationToken)&#xD;
[xUnit.net 00:00:12.73]         D:\CP6\tmp\worktrees\bug-150-mapping-idempotency-20261003\CP6.Space.IntegrationTests\SpaceMappingProfileConcurrencyTests.cs(167,0): at CP6.Space.IntegrationTests.SpaceMappingProfileConcurrencyTests.RaceAsync[T](TestExecution execution, TestClock clock, Func`3 save, CancellationTokenSource budget)&#xD;
[xUnit.net 00:00:12.73]         D:\CP6\tmp\worktrees\bug-150-mapping-idempotency-20261003\CP6.Space.IntegrationTests\SpaceMappingProfileConcurrencyTests.cs(173,0): at CP6.Space.IntegrationTests.SpaceMappingProfileConcurrencyTests.RaceAsync[T](TestExecution execution, TestClock clock, Func`3 save, CancellationTokenSource budget)&#xD;
[xUnit.net 00:00:12.73]         D:\CP6\tmp\worktrees\bug-150-mapping-idempotency-20261003\CP6.Space.IntegrationTests\SpaceMappingProfileConcurrencyTests.cs(173,0): at CP6.Space.IntegrationTests.SpaceMappingProfileConcurrencyTests.RaceAsync[T](TestExecution execution, TestClock clock, Func`3 save, CancellationTokenSource budget)&#xD;
[xUnit.net 00:00:12.73]         D:\CP6\tmp\worktrees\bug-150-mapping-idempotency-20261003\CP6.Space.IntegrationTests\SpaceMappingProfileConcurrencyTests.cs(173,0): at CP6.Space.IntegrationTests.SpaceMappingProfileConcurrencyTests.RaceAsync[T](TestExecution execution, TestClock clock, Func`3 save, CancellationTokenSource budget)&#xD;
[xUnit.net 00:00:12.73]         D:\CP6\tmp\worktrees\bug-150-mapping-idempotency-20261003\CP6.Space.IntegrationTests\SpaceMappingProfileConcurrencyTests.cs(30,0): at CP6.Space.IntegrationTests.SpaceMappingProfileConcurrencyTests.Cad_same_key_concurrent_create_returns_one_profile_and_rejects_changed_payload()&#xD;
[xUnit.net 00:00:12.73]         --- End of stack trace from previous location ---&#xD;
[xUnit.net 00:00:12.73]         ----- Inner Stack Trace -----&#xD;
[xUnit.net 00:00:12.73]            at Npgsql.Internal.NpgsqlConnector.ReadMessageLong(Boolean async, DataRowLoadingMode dataRowLoadingMode, Boolean readingNotifications, Boolean isReadingPrependedMessage)&#xD;
[xUnit.net 00:00:12.73]            at System.Runtime.CompilerServices.PoolingAsyncValueTaskMethodBuilder`1.StateMachineBox`1.System.Threading.Tasks.Sources.IValueTaskSource&lt;TResult&gt;.GetResult(Int16 token)&#xD;
[xUnit.net 00:00:12.73]            at Npgsql.NpgsqlDataReader.NextResult(Boolean async, Boolean isConsuming, CancellationToken cancellationToken)&#xD;
[xUnit.net 00:00:12.73]            at Npgsql.NpgsqlDataReader.NextResult(Boolean async, Boolean isConsuming, CancellationToken cancellationToken)&#xD;
[xUnit.net 00:00:12.73]            at Npgsql.NpgsqlCommand.ExecuteReader(Boolean async, CommandBehavior behavior, CancellationToken cancellationToken)&#xD;
[xUnit.net 00:00:12.73]            at Npgsql.NpgsqlCommand.ExecuteReader(Boolean async, CommandBehavior behavior, CancellationToken cancellationToken)&#xD;
[xUnit.net 00:00:12.73]            at Npgsql.NpgsqlCommand.ExecuteDbDataReaderAsync(CommandBehavior behavior, CancellationToken cancellationToken)&#xD;
[xUnit.net 00:00:12.73]            at Microsoft.EntityFrameworkCore.Storage.RelationalCommand.ExecuteReaderAsync(RelationalCommandParameterObject parameterObject, CancellationToken cancellationToken)&#xD;
[xUnit.net 00:00:12.73]            at Microsoft.EntityFrameworkCore.Storage.RelationalCommand.ExecuteReaderAsync(RelationalCommandParameterObject parameterObject, CancellationToken cancellationToken)&#xD;
[xUnit.net 00:00:12.73]            at Microsoft.EntityFrameworkCore.Update.ReaderModificationCommandBatch.ExecuteAsync(IRelationalConnection connection, CancellationToken cancellationToken)&#xD;
[xUnit.net 00:00:12.73]       Output:&#xD;
[xUnit.net 00:00:12.73]         Task=BUG-150; Provider=PostgreSql; owner verified; Core=1; Space=1; pending=0.&#xD;
[xUnit.net 00:00:12.73]         CoreMigrationIds=20261002161715_PostgreSqlCoreBaselineV1&#xD;
[xUnit.net 00:00:12.73]         SpaceMigrationIds=20261002161945_PostgreSqlSpaceBaselineV1&#xD;
[xUnit.net 00:00:12.73]         Physical sessions=11608,32164; first-save barrier; no test-layer retry.&#xD;
[xUnit.net 00:00:12.73]         Provider=PostgreSql; Stage=mapping-save; SQLSTATE=23505; NativeCode=none; Kind=UniqueConstraint.&#xD;
[xUnit.net 00:00:12.73]   Finished:    CP6.Space.IntegrationTests&#xD;
</StdOut>
    </Output>
    <RunInfos>
      <RunInfo computerName="LAPTOP-3QQ44FJS" outcome="Error" timestamp="2026-10-03T10:18:34.3331260-04:00">
        <Text>[xUnit.net 00:00:12.59]     CP6.Space.IntegrationTests.SpaceMappingProfileConcurrencyTests.Excel_same_key_concurrent_create_returns_one_profile_and_rejects_changed_payload [FAIL]</Text>
      </RunInfo>
      <RunInfo computerName="LAPTOP-3QQ44FJS" outcome="Error" timestamp="2026-10-03T10:18:34.4659399-04:00">
        <Text>[xUnit.net 00:00:12.73]     CP6.Space.IntegrationTests.SpaceMappingProfileConcurrencyTests.Cad_same_key_concurrent_create_returns_one_profile_and_rejects_changed_payload [FAIL]</Text>
      </RunInfo>
    </RunInfos>
  </ResultSummary>
</TestRun>