Test run for D:\CP6\tmp\worktrees\bug-150-mapping-idempotency-20261003\CP6.Space.IntegrationTests\bin\Debug\net8.0\CP6.Space.IntegrationTests.dll (.NETCoreApp,Version=v8.0)
A total of 1 test files matched the specified pattern.
[xUnit.net 00:00:40.80]     CP6.Space.IntegrationTests.SpaceMappingProfileConcurrencyTests.Excel_same_key_concurrent_create_returns_one_profile_and_rejects_changed_payload [FAIL]
  Failed CP6.Space.IntegrationTests.SpaceMappingProfileConcurrencyTests.Excel_same_key_concurrent_create_returns_one_profile_and_rejects_changed_payload [4 s]
  Error Message:
   System.InvalidOperationException : An exception has been raised that is likely due to a transient failure. Consider enabling transient error resiliency by adding 'EnableRetryOnFailure' to the 'UseSqlServer' call.
---- Microsoft.EntityFrameworkCore.DbUpdateException : An error occurred while saving the entity changes. See the inner exception for details.
-------- Microsoft.Data.SqlClient.SqlException : 事务(进程 ID 56)与另一个进程被死锁在 锁 资源上，并且已被选作死锁牺牲品。请重新运行该事务。
  Stack Trace:
     at Microsoft.EntityFrameworkCore.SqlServer.Storage.Internal.SqlServerExecutionStrategy.ExecuteAsync[TState,TResult](TState state, Func`4 operation, Func`4 verifySucceeded, CancellationToken cancellationToken)
   at Microsoft.EntityFrameworkCore.DbContext.SaveChangesAsync(Boolean acceptAllChangesOnSuccess, CancellationToken cancellationToken)
   at Microsoft.EntityFrameworkCore.DbContext.SaveChangesAsync(Boolean acceptAllChangesOnSuccess, CancellationToken cancellationToken)
   at CP6.Space.Infrastructure.SpaceExcelMappingService.SaveProfileAsync(SaveSpaceExcelMappingProfileRequest request, String idempotencyKey, CancellationToken cancellationToken) in D:\CP6\tmp\worktrees\bug-150-mapping-idempotency-20261003\CP6.Space.Infrastructure\SpaceExcelMappingService.cs:line 357
   at CP6.Space.Infrastructure.SpaceExcelMappingService.SaveProfileAsync(SaveSpaceExcelMappingProfileRequest request, String idempotencyKey, CancellationToken cancellationToken) in D:\CP6\tmp\worktrees\bug-150-mapping-idempotency-20261003\CP6.Space.Infrastructure\SpaceExcelMappingService.cs:line 407
   at CP6.Space.IntegrationTests.SpaceMappingProfileConcurrencyTests.RaceAsync[T](TestExecution execution, TestClock clock, Func`3 save, CancellationTokenSource budget) in D:\CP6\tmp\worktrees\bug-150-mapping-idempotency-20261003\CP6.Space.IntegrationTests\SpaceMappingProfileConcurrencyTests.cs:line 167
   at CP6.Space.IntegrationTests.SpaceMappingProfileConcurrencyTests.RaceAsync[T](TestExecution execution, TestClock clock, Func`3 save, CancellationTokenSource budget) in D:\CP6\tmp\worktrees\bug-150-mapping-idempotency-20261003\CP6.Space.IntegrationTests\SpaceMappingProfileConcurrencyTests.cs:line 173
   at CP6.Space.IntegrationTests.SpaceMappingProfileConcurrencyTests.RaceAsync[T](TestExecution execution, TestClock clock, Func`3 save, CancellationTokenSource budget) in D:\CP6\tmp\worktrees\bug-150-mapping-idempotency-20261003\CP6.Space.IntegrationTests\SpaceMappingProfileConcurrencyTests.cs:line 173
   at CP6.Space.IntegrationTests.SpaceMappingProfileConcurrencyTests.RaceAsync[T](TestExecution execution, TestClock clock, Func`3 save, CancellationTokenSource budget) in D:\CP6\tmp\worktrees\bug-150-mapping-idempotency-20261003\CP6.Space.IntegrationTests\SpaceMappingProfileConcurrencyTests.cs:line 173
   at CP6.Space.IntegrationTests.SpaceMappingProfileConcurrencyTests.Excel_same_key_concurrent_create_returns_one_profile_and_rejects_changed_payload() in D:\CP6\tmp\worktrees\bug-150-mapping-idempotency-20261003\CP6.Space.IntegrationTests\SpaceMappingProfileConcurrencyTests.cs:line 88
--- End of stack trace from previous location ---
----- Inner Stack Trace -----
   at Microsoft.EntityFrameworkCore.Update.AffectedCountModificationCommandBatch.ConsumeResultSetAsync(Int32 startCommandIndex, RelationalDataReader reader, CancellationToken cancellationToken)
   at Microsoft.EntityFrameworkCore.Update.AffectedCountModificationCommandBatch.ConsumeAsync(RelationalDataReader reader, CancellationToken cancellationToken)
   at Microsoft.EntityFrameworkCore.Update.ReaderModificationCommandBatch.ExecuteAsync(IRelationalConnection connection, CancellationToken cancellationToken)
   at Microsoft.EntityFrameworkCore.Update.ReaderModificationCommandBatch.ExecuteAsync(IRelationalConnection connection, CancellationToken cancellationToken)
   at Microsoft.EntityFrameworkCore.SqlServer.Update.Internal.SqlServerModificationCommandBatch.ExecuteAsync(IRelationalConnection connection, CancellationToken cancellationToken)
   at Microsoft.EntityFrameworkCore.Update.Internal.BatchExecutor.ExecuteAsync(IEnumerable`1 commandBatches, IRelationalConnection connection, CancellationToken cancellationToken)
   at Microsoft.EntityFrameworkCore.Update.Internal.BatchExecutor.ExecuteAsync(IEnumerable`1 commandBatches, IRelationalConnection connection, CancellationToken cancellationToken)
   at Microsoft.EntityFrameworkCore.Update.Internal.BatchExecutor.ExecuteAsync(IEnumerable`1 commandBatches, IRelationalConnection connection, CancellationToken cancellationToken)
   at Microsoft.EntityFrameworkCore.ChangeTracking.Internal.StateManager.SaveChangesAsync(IList`1 entriesToSave, CancellationToken cancellationToken)
   at Microsoft.EntityFrameworkCore.ChangeTracking.Internal.StateManager.SaveChangesAsync(StateManager stateManager, Boolean acceptAllChangesOnSuccess, CancellationToken cancellationToken)
   at Microsoft.EntityFrameworkCore.SqlServer.Storage.Internal.SqlServerExecutionStrategy.ExecuteAsync[TState,TResult](TState state, Func`4 operation, Func`4 verifySucceeded, CancellationToken cancellationToken)
----- Inner Stack Trace -----
   at Microsoft.Data.SqlClient.SqlConnection.OnError(SqlException exception, Boolean breakConnection, Action`1 wrapCloseInAction)
   at Microsoft.Data.SqlClient.SqlInternalConnection.OnError(SqlException exception, Boolean breakConnection, Action`1 wrapCloseInAction)
   at Microsoft.Data.SqlClient.TdsParser.ThrowExceptionAndWarning(TdsParserStateObject stateObj, Boolean callerHasConnectionLock, Boolean asyncClose)
   at Microsoft.Data.SqlClient.TdsParser.TryRun(RunBehavior runBehavior, SqlCommand cmdHandler, SqlDataReader dataStream, BulkCopySimpleResultSet bulkCopyHandler, TdsParserStateObject stateObj, Boolean& dataReady)
   at Microsoft.Data.SqlClient.SqlDataReader.TryHasMoreRows(Boolean& moreRows)
   at Microsoft.Data.SqlClient.SqlDataReader.TryReadInternal(Boolean setTimeout, Boolean& more)
   at Microsoft.Data.SqlClient.SqlDataReader.ReadAsyncExecute(Task task, Object state)
   at Microsoft.Data.SqlClient.SqlDataReader.InvokeAsyncCall[T](SqlDataReaderBaseAsyncCallContext`1 context)
--- End of stack trace from previous location ---
   at Microsoft.EntityFrameworkCore.Update.AffectedCountModificationCommandBatch.ConsumeResultSetAsync(Int32 startCommandIndex, RelationalDataReader reader, CancellationToken cancellationToken)
  Standard Output Messages:
 Task=BUG-150; Provider=SqlServer; owner verified; Core=140; Space=47; pending=0.
 CoreMigrationIds=20260408123616_Init,20260409141540_AddSysLang,20260412143011_AddDictTables,20260413120133_AddOperLog,20260418152603_AddEstimateCalcMSBBPA010,20260420115704_AddQuotationMSBBPA030,20260420121204_FixQtnCalcNoMaxLength,20260426043055_AddProductMasterMSBBPA050,20260502225006_AddBpAndFscPA110,20260506103359_RestoreMissingOrderTablesPA070,20260506103852_AddSheetPriceAndPlateMold,20260515124952_AddMesModule,20260518113635_AddMachineAndOee,20260518115050_AddMesStoredProcedures,20260522132938_AddWmsCore,20260523060454_AddWmsInbound,20260523062608_AddWmsOutbound,20260523064741_AddWmsStockTake,20260523135539_AddWmsPhase5,20260524115345_AddWmsKitting,20260524164522_AddWmsLogistics,20260524170410_AddWmsPaperIndustry,20260525132938_AddWmsPaperIndustry2,20260527111136_AddWmsConnectivity,20260529141447_AddWmsMobile,20260530154659_AddOrderShipmentTracking,20260531094653_WidenProductCategorySml,20260531141900_ChangeDocNumberFormat13,20260531153048_RemoveArticleAndDashboardRevamp,20260603151821_Phase6OrderCancelAndIntegrationEvent,20260605142325_Phase7AddStockQcStatus,20260606034052_Phase9AddMaterialShortage,20260606040754_Phase10aAddCreditNoteAndReturnedQty,20260606142241_Gap41AddOrderDetailBackorderQty,20260609133018_Gap42AddOutboundRouting,20260609173439_Gap43AddFxRate,20260613170522_PubB0OrgModel,20260613173639_PubB1Multirole,20260613175034_PubB2FunctionPerm,20260613180525_PubB3DataScope,20260613181519_PubB4FieldPerm,20260613183157_PubCommonSeq,20260613183545_PubCommonAttachment,20260613185625_PubCommonCodeGen,20260613201058_OaStage1FormEngine,20260614043719_OaStage1FlowEngine,20260614065230_I18nP1_SysLangUniqueKey,20260614072712_I18nP3_SysLangTenantAudit,20260614154841_FinGlAccountCostCenter,20260614155853_FinJournalKernel,20260614160303_FinFiscalPeriod,20260615105428_FinPostingRule,20260615110704_FinAutoVoucherIdx,20260615111704_FinApEntities,20260615120914_FinArEntities,20260615150811_FinCostSheet,20260615153849_FinJournalLineNoMutateTrigger,20260615162917_OaStage2ApprovalBinding,20260616111118_OaStage3AdvancedFlow,20260616120820_MultiTenantWf,20260616121814_MultiTenantFinPub,20260616122021_MultiTenantBiz,20260616122601_MultiTenantSysAuth,20260616124237_MultiTenantSysTenantRegistry,20260616125141_MultiTenantOperLog,20260616132134_MultiTenantCompositeUniqueIndexes,20260616143021_PurSupplierPrice,20260616143741_PurPurchaseOrder,20260616144422_PurGoodsReceipt,20260616145228_PurThreeWayMatch,20260616160708_PurPurchaseRequest,20260616162420_PurRfq,20260617124905_PurSubcontract,20260617131622_PurConsignWidenWmsIssueNo,20260617153022_PlanProductMaterialUsage,20260617153654_PlanItemPlanningPolicy,20260617154156_PlanMrpEntities,20260618110636_A2WorkCenter,20260618111548_A2ProcessCostRate,20260618112404_A2ProductProcessHours,20260618112802_A2WorkOrderProcessHours,20260618114602_A2CostSheetTruth,20260620054555_A3FixedAsset,20260620080710_A4BankReconciliation,20260620153748_A5Budget,20260621064516_A5BudgetI18nFix,20260621110743_SecAuthHardening,20260621161612_SecAuthTables,20260624115800_Sso,20260625111842_TwoFactor,20260625235757_FieldAudit,20260626005423_TenantCompliance,20260626201249_WfsPhaseAKernel,20260626202009_WfsPhaseAReadModel,20260627105302_WfsPhaseBInboxL2,20260627105640_SpaceP1Init,20260627145800_WfsPhaseCAppSupport,20260628052241_WfsPhaseCprimeDesigner,20260628083022_OaPhaseD1Notification,20260628111925_WfsSerialSign,20260628171102_WfsApproverMap,20260629135411_SpaceP4Connector,20260629142700_WfsServiceTask,20260629162744_SpaceP5ConnectorCost,20260705172214_SpaceWave1WmsBin,20260708085236_PersistDataProtectionKeys,20260708093013_SysRoleTenantize,20260708100345_SysRoleMenuTenantize,20260710172302_SysRoleMenuUniqueIndex,20260713135253_WfsFlowTrigger,20260714003924_WfsInfra,20260714075419_WfsSubFlow,20260723153450_OaP0FoundationExpand,20260724000423_OaP0DraftAccess,20260725144609_SpaceE00S04ObservabilityAudit,20260725174242_SpaceIntegrationEventRetryLeaseFence,20260725181400_SpaceRetryCompletionAndDeadLetterOutbox,20260725203000_SpaceIntegrationEventOccurredAtUtc,20260726080238_NativeClientsAndMobileTaskV1,20260726152637_ProductionMoveSerialLpnV2,20260726161123_ProductionDataIntegrityAndScanRetention,20260727141550_WmsRoleOperationalScopes,20260728153808_WmsFeatureFlagApproval,20260730161925_SpaceE07S02WmsAdapterLedger,20260802184419_SpaceE11S04DispatchApproval,20260802192420_SpaceE11S05ExecutionReceiptsCompensation,20260809092206_SpaceAnalyticsControlTowerCurrent,20260811030108_CrmFoundation,20260908010000_CrmOidcGrantStore,20260908011000_CrmOidcBrowserSessionFamily,20260910043605_CrmIdentityEvents,20260910045338_CrmIdentityBootstrap,20260912071606_CrmErpIntegration,20260912074643_CrmErpReplayAudit,20260912085508_CrmErpDeliveryReplayAudit,20260916130000_RetireLegacyCrmModel,20261002151353_CrmIdentityTenantGenerationV1,20261002175000_RestoreMissingOrderModelIndexes,20261002184500_RestoreMissingOrderModelForeignKeys,20261002193500_RestoreQuotationAuditColumnCapacity
 SpaceMigrationIds=20260726064940_SpaceE01S01ModelVersionBaseline,20260726072628_SpaceE01S02SourceFileLineage,20260726080918_SpaceE01S03JobLedger,20260726085852_SpaceE01S04PublishedClone,20260726092519_SpaceE01S05DesignApiIdempotency,20260730152005_SpaceE01S06FileSafetyRetention,20260730174231_SpaceE13S02GenerationDataModel,20260730183757_SpaceE13S12AiCapacityLedger,20260731001924_SpaceE05S02RackLevelSpecification,20260731010047_SpaceE05S04AssetLibrary,20260731032506_SpaceE04S02UnderlayCalibration,20260731035237_SpaceE04S03ElementCommands,20260731090933_SpaceE07S05WmsAdoption,20260801172135_SpaceE09S01ExternalOrganizations,20260801182535_SpaceE09S02ExternalGrants,20260801191107_SpaceE09S03ExternalPortal,20260802103430_SpaceE03S02ExcelMappingProfiles,20260802115537_SpaceE13S16AiPolicyManagement,20260802125928_SpaceE10S01PersonnelEvents,20260802141148_SpaceE10S03DeviceEvents,20260802144027_SpaceE10S04DeviceRuntime,20260802172258_SpaceE11S02PutawayRecommendations,20260802180049_SpaceE11S03DispatchRecommendations,20260802204901_SpaceE12S01PlanningScenarioBranches,20260802212845_SpaceE12S02HistoricalReplayDataset,20260802221548_SpaceE12S03PlanningSimulation,20260802224514_SpaceE12S04PlanningComparisonDecision,20260806054950_SpaceE13S09ProposalDecisions,20260806110504_SpaceE13S10AtomicApply,20260806160931_SpaceE13S17AiRetention,20260807105256_SpaceE06S01ValidationEngine,20260807135544_SpaceE06S03PublishOrchestration,20260807144532_SpaceE06S04PublishRecovery,20260807170204_SpaceE06S05HistoricalRepublish,20260808131619_SpaceE03S05ExcelDesignMetadata,20260808164544_SpaceE13RackGenerationProfiles,20260813045207_SpaceStudioEditLease,20260813062308_SpaceCadChangesetFence,20260814004311_SpaceCadStartWizardPreparation,20260814011926_SpaceCadProviderRouting,20260814051514_SpaceCadProviderQualificationEvidence,20260814060254_SpaceCadMappingReplaySnapshot,20260814063519_SpaceCadProviderVersionFence,20260815201701_SpaceCadManualCorrectionLock,20260816054703_SpaceCadTenantMappingProfiles,20260816094318_SpaceTenantWarehouseTemplates,20260827053057_SpaceV1UnifiedDraftCreation
 Physical sessions=56,54; first-save barrier; no test-layer retry.


[xUnit.net 00:00:45.80]     CP6.Space.IntegrationTests.SpaceMappingProfileConcurrencyTests.Cad_same_key_concurrent_create_returns_one_profile_and_rejects_changed_payload [FAIL]
  Failed CP6.Space.IntegrationTests.SpaceMappingProfileConcurrencyTests.Cad_same_key_concurrent_create_returns_one_profile_and_rejects_changed_payload [4 s]
  Error Message:
   System.InvalidOperationException : An exception has been raised that is likely due to a transient failure. Consider enabling transient error resiliency by adding 'EnableRetryOnFailure' to the 'UseSqlServer' call.
---- Microsoft.EntityFrameworkCore.DbUpdateException : An error occurred while saving the entity changes. See the inner exception for details.
-------- Microsoft.Data.SqlClient.SqlException : 事务(进程 ID 56)与另一个进程被死锁在 锁 资源上，并且已被选作死锁牺牲品。请重新运行该事务。
  Stack Trace:
     at Microsoft.EntityFrameworkCore.SqlServer.Storage.Internal.SqlServerExecutionStrategy.ExecuteAsync[TState,TResult](TState state, Func`4 operation, Func`4 verifySucceeded, CancellationToken cancellationToken)
   at Microsoft.EntityFrameworkCore.DbContext.SaveChangesAsync(Boolean acceptAllChangesOnSuccess, CancellationToken cancellationToken)
   at Microsoft.EntityFrameworkCore.DbContext.SaveChangesAsync(Boolean acceptAllChangesOnSuccess, CancellationToken cancellationToken)
   at CP6.Space.Infrastructure.SpaceCadMappingProfileService.SaveProfileAsync(SaveSpaceCadMappingProfileRequest request, String idempotencyKey, CancellationToken cancellationToken) in D:\CP6\tmp\worktrees\bug-150-mapping-idempotency-20261003\CP6.Space.Infrastructure\SpaceCadMappingProfileService.cs:line 220
   at CP6.Space.Infrastructure.SpaceCadMappingProfileService.SaveProfileAsync(SaveSpaceCadMappingProfileRequest request, String idempotencyKey, CancellationToken cancellationToken) in D:\CP6\tmp\worktrees\bug-150-mapping-idempotency-20261003\CP6.Space.Infrastructure\SpaceCadMappingProfileService.cs:line 270
   at CP6.Space.IntegrationTests.SpaceMappingProfileConcurrencyTests.RaceAsync[T](TestExecution execution, TestClock clock, Func`3 save, CancellationTokenSource budget) in D:\CP6\tmp\worktrees\bug-150-mapping-idempotency-20261003\CP6.Space.IntegrationTests\SpaceMappingProfileConcurrencyTests.cs:line 167
   at CP6.Space.IntegrationTests.SpaceMappingProfileConcurrencyTests.RaceAsync[T](TestExecution execution, TestClock clock, Func`3 save, CancellationTokenSource budget) in D:\CP6\tmp\worktrees\bug-150-mapping-idempotency-20261003\CP6.Space.IntegrationTests\SpaceMappingProfileConcurrencyTests.cs:line 173
   at CP6.Space.IntegrationTests.SpaceMappingProfileConcurrencyTests.RaceAsync[T](TestExecution execution, TestClock clock, Func`3 save, CancellationTokenSource budget) in D:\CP6\tmp\worktrees\bug-150-mapping-idempotency-20261003\CP6.Space.IntegrationTests\SpaceMappingProfileConcurrencyTests.cs:line 173
   at CP6.Space.IntegrationTests.SpaceMappingProfileConcurrencyTests.RaceAsync[T](TestExecution execution, TestClock clock, Func`3 save, CancellationTokenSource budget) in D:\CP6\tmp\worktrees\bug-150-mapping-idempotency-20261003\CP6.Space.IntegrationTests\SpaceMappingProfileConcurrencyTests.cs:line 173
   at CP6.Space.IntegrationTests.SpaceMappingProfileConcurrencyTests.Cad_same_key_concurrent_create_returns_one_profile_and_rejects_changed_payload() in D:\CP6\tmp\worktrees\bug-150-mapping-idempotency-20261003\CP6.Space.IntegrationTests\SpaceMappingProfileConcurrencyTests.cs:line 30
--- End of stack trace from previous location ---
----- Inner Stack Trace -----
   at Microsoft.EntityFrameworkCore.Update.AffectedCountModificationCommandBatch.ConsumeResultSetAsync(Int32 startCommandIndex, RelationalDataReader reader, CancellationToken cancellationToken)
   at Microsoft.EntityFrameworkCore.Update.AffectedCountModificationCommandBatch.ConsumeAsync(RelationalDataReader reader, CancellationToken cancellationToken)
   at Microsoft.EntityFrameworkCore.Update.ReaderModificationCommandBatch.ExecuteAsync(IRelationalConnection connection, CancellationToken cancellationToken)
   at Microsoft.EntityFrameworkCore.Update.ReaderModificationCommandBatch.ExecuteAsync(IRelationalConnection connection, CancellationToken cancellationToken)
   at Microsoft.EntityFrameworkCore.SqlServer.Update.Internal.SqlServerModificationCommandBatch.ExecuteAsync(IRelationalConnection connection, CancellationToken cancellationToken)
   at Microsoft.EntityFrameworkCore.Update.Internal.BatchExecutor.ExecuteAsync(IEnumerable`1 commandBatches, IRelationalConnection connection, CancellationToken cancellationToken)
   at Microsoft.EntityFrameworkCore.Update.Internal.BatchExecutor.ExecuteAsync(IEnumerable`1 commandBatches, IRelationalConnection connection, CancellationToken cancellationToken)
   at Microsoft.EntityFrameworkCore.Update.Internal.BatchExecutor.ExecuteAsync(IEnumerable`1 commandBatches, IRelationalConnection connection, CancellationToken cancellationToken)
   at Microsoft.EntityFrameworkCore.ChangeTracking.Internal.StateManager.SaveChangesAsync(IList`1 entriesToSave, CancellationToken cancellationToken)
   at Microsoft.EntityFrameworkCore.ChangeTracking.Internal.StateManager.SaveChangesAsync(StateManager stateManager, Boolean acceptAllChangesOnSuccess, CancellationToken cancellationToken)
   at Microsoft.EntityFrameworkCore.SqlServer.Storage.Internal.SqlServerExecutionStrategy.ExecuteAsync[TState,TResult](TState state, Func`4 operation, Func`4 verifySucceeded, CancellationToken cancellationToken)
----- Inner Stack Trace -----
   at Microsoft.Data.SqlClient.SqlConnection.OnError(SqlException exception, Boolean breakConnection, Action`1 wrapCloseInAction)
   at Microsoft.Data.SqlClient.SqlInternalConnection.OnError(SqlException exception, Boolean breakConnection, Action`1 wrapCloseInAction)
   at Microsoft.Data.SqlClient.TdsParser.ThrowExceptionAndWarning(TdsParserStateObject stateObj, Boolean callerHasConnectionLock, Boolean asyncClose)
   at Microsoft.Data.SqlClient.TdsParser.TryRun(RunBehavior runBehavior, SqlCommand cmdHandler, SqlDataReader dataStream, BulkCopySimpleResultSet bulkCopyHandler, TdsParserStateObject stateObj, Boolean& dataReady)
   at Microsoft.Data.SqlClient.SqlDataReader.TryHasMoreRows(Boolean& moreRows)
   at Microsoft.Data.SqlClient.SqlDataReader.TryReadInternal(Boolean setTimeout, Boolean& more)
   at Microsoft.Data.SqlClient.SqlDataReader.ReadAsyncExecute(Task task, Object state)
   at Microsoft.Data.SqlClient.SqlDataReader.InvokeAsyncCall[T](SqlDataReaderBaseAsyncCallContext`1 context)
--- End of stack trace from previous location ---
   at Microsoft.EntityFrameworkCore.Update.AffectedCountModificationCommandBatch.ConsumeResultSetAsync(Int32 startCommandIndex, RelationalDataReader reader, CancellationToken cancellationToken)
  Standard Output Messages:
 Task=BUG-150; Provider=SqlServer; owner verified; Core=140; Space=47; pending=0.
 CoreMigrationIds=20260408123616_Init,20260409141540_AddSysLang,20260412143011_AddDictTables,20260413120133_AddOperLog,20260418152603_AddEstimateCalcMSBBPA010,20260420115704_AddQuotationMSBBPA030,20260420121204_FixQtnCalcNoMaxLength,20260426043055_AddProductMasterMSBBPA050,20260502225006_AddBpAndFscPA110,20260506103359_RestoreMissingOrderTablesPA070,20260506103852_AddSheetPriceAndPlateMold,20260515124952_AddMesModule,20260518113635_AddMachineAndOee,20260518115050_AddMesStoredProcedures,20260522132938_AddWmsCore,20260523060454_AddWmsInbound,20260523062608_AddWmsOutbound,20260523064741_AddWmsStockTake,20260523135539_AddWmsPhase5,20260524115345_AddWmsKitting,20260524164522_AddWmsLogistics,20260524170410_AddWmsPaperIndustry,20260525132938_AddWmsPaperIndustry2,20260527111136_AddWmsConnectivity,20260529141447_AddWmsMobile,20260530154659_AddOrderShipmentTracking,20260531094653_WidenProductCategorySml,20260531141900_ChangeDocNumberFormat13,20260531153048_RemoveArticleAndDashboardRevamp,20260603151821_Phase6OrderCancelAndIntegrationEvent,20260605142325_Phase7AddStockQcStatus,20260606034052_Phase9AddMaterialShortage,20260606040754_Phase10aAddCreditNoteAndReturnedQty,20260606142241_Gap41AddOrderDetailBackorderQty,20260609133018_Gap42AddOutboundRouting,20260609173439_Gap43AddFxRate,20260613170522_PubB0OrgModel,20260613173639_PubB1Multirole,20260613175034_PubB2FunctionPerm,20260613180525_PubB3DataScope,20260613181519_PubB4FieldPerm,20260613183157_PubCommonSeq,20260613183545_PubCommonAttachment,20260613185625_PubCommonCodeGen,20260613201058_OaStage1FormEngine,20260614043719_OaStage1FlowEngine,20260614065230_I18nP1_SysLangUniqueKey,20260614072712_I18nP3_SysLangTenantAudit,20260614154841_FinGlAccountCostCenter,20260614155853_FinJournalKernel,20260614160303_FinFiscalPeriod,20260615105428_FinPostingRule,20260615110704_FinAutoVoucherIdx,20260615111704_FinApEntities,20260615120914_FinArEntities,20260615150811_FinCostSheet,20260615153849_FinJournalLineNoMutateTrigger,20260615162917_OaStage2ApprovalBinding,20260616111118_OaStage3AdvancedFlow,20260616120820_MultiTenantWf,20260616121814_MultiTenantFinPub,20260616122021_MultiTenantBiz,20260616122601_MultiTenantSysAuth,20260616124237_MultiTenantSysTenantRegistry,20260616125141_MultiTenantOperLog,20260616132134_MultiTenantCompositeUniqueIndexes,20260616143021_PurSupplierPrice,20260616143741_PurPurchaseOrder,20260616144422_PurGoodsReceipt,20260616145228_PurThreeWayMatch,20260616160708_PurPurchaseRequest,20260616162420_PurRfq,20260617124905_PurSubcontract,20260617131622_PurConsignWidenWmsIssueNo,20260617153022_PlanProductMaterialUsage,20260617153654_PlanItemPlanningPolicy,20260617154156_PlanMrpEntities,20260618110636_A2WorkCenter,20260618111548_A2ProcessCostRate,20260618112404_A2ProductProcessHours,20260618112802_A2WorkOrderProcessHours,20260618114602_A2CostSheetTruth,20260620054555_A3FixedAsset,20260620080710_A4BankReconciliation,20260620153748_A5Budget,20260621064516_A5BudgetI18nFix,20260621110743_SecAuthHardening,20260621161612_SecAuthTables,20260624115800_Sso,20260625111842_TwoFactor,20260625235757_FieldAudit,20260626005423_TenantCompliance,20260626201249_WfsPhaseAKernel,20260626202009_WfsPhaseAReadModel,20260627105302_WfsPhaseBInboxL2,20260627105640_SpaceP1Init,20260627145800_WfsPhaseCAppSupport,20260628052241_WfsPhaseCprimeDesigner,20260628083022_OaPhaseD1Notification,20260628111925_WfsSerialSign,20260628171102_WfsApproverMap,20260629135411_SpaceP4Connector,20260629142700_WfsServiceTask,20260629162744_SpaceP5ConnectorCost,20260705172214_SpaceWave1WmsBin,20260708085236_PersistDataProtectionKeys,20260708093013_SysRoleTenantize,20260708100345_SysRoleMenuTenantize,20260710172302_SysRoleMenuUniqueIndex,20260713135253_WfsFlowTrigger,20260714003924_WfsInfra,20260714075419_WfsSubFlow,20260723153450_OaP0FoundationExpand,20260724000423_OaP0DraftAccess,20260725144609_SpaceE00S04ObservabilityAudit,20260725174242_SpaceIntegrationEventRetryLeaseFence,20260725181400_SpaceRetryCompletionAndDeadLetterOutbox,20260725203000_SpaceIntegrationEventOccurredAtUtc,20260726080238_NativeClientsAndMobileTaskV1,20260726152637_ProductionMoveSerialLpnV2,20260726161123_ProductionDataIntegrityAndScanRetention,20260727141550_WmsRoleOperationalScopes,20260728153808_WmsFeatureFlagApproval,20260730161925_SpaceE07S02WmsAdapterLedger,20260802184419_SpaceE11S04DispatchApproval,20260802192420_SpaceE11S05ExecutionReceiptsCompensation,20260809092206_SpaceAnalyticsControlTowerCurrent,20260811030108_CrmFoundation,20260908010000_CrmOidcGrantStore,20260908011000_CrmOidcBrowserSessionFamily,20260910043605_CrmIdentityEvents,20260910045338_CrmIdentityBootstrap,20260912071606_CrmErpIntegration,20260912074643_CrmErpReplayAudit,20260912085508_CrmErpDeliveryReplayAudit,20260916130000_RetireLegacyCrmModel,20261002151353_CrmIdentityTenantGenerationV1,20261002175000_RestoreMissingOrderModelIndexes,20261002184500_RestoreMissingOrderModelForeignKeys,20261002193500_RestoreQuotationAuditColumnCapacity
 SpaceMigrationIds=20260726064940_SpaceE01S01ModelVersionBaseline,20260726072628_SpaceE01S02SourceFileLineage,20260726080918_SpaceE01S03JobLedger,20260726085852_SpaceE01S04PublishedClone,20260726092519_SpaceE01S05DesignApiIdempotency,20260730152005_SpaceE01S06FileSafetyRetention,20260730174231_SpaceE13S02GenerationDataModel,20260730183757_SpaceE13S12AiCapacityLedger,20260731001924_SpaceE05S02RackLevelSpecification,20260731010047_SpaceE05S04AssetLibrary,20260731032506_SpaceE04S02UnderlayCalibration,20260731035237_SpaceE04S03ElementCommands,20260731090933_SpaceE07S05WmsAdoption,20260801172135_SpaceE09S01ExternalOrganizations,20260801182535_SpaceE09S02ExternalGrants,20260801191107_SpaceE09S03ExternalPortal,20260802103430_SpaceE03S02ExcelMappingProfiles,20260802115537_SpaceE13S16AiPolicyManagement,20260802125928_SpaceE10S01PersonnelEvents,20260802141148_SpaceE10S03DeviceEvents,20260802144027_SpaceE10S04DeviceRuntime,20260802172258_SpaceE11S02PutawayRecommendations,20260802180049_SpaceE11S03DispatchRecommendations,20260802204901_SpaceE12S01PlanningScenarioBranches,20260802212845_SpaceE12S02HistoricalReplayDataset,20260802221548_SpaceE12S03PlanningSimulation,20260802224514_SpaceE12S04PlanningComparisonDecision,20260806054950_SpaceE13S09ProposalDecisions,20260806110504_SpaceE13S10AtomicApply,20260806160931_SpaceE13S17AiRetention,20260807105256_SpaceE06S01ValidationEngine,20260807135544_SpaceE06S03PublishOrchestration,20260807144532_SpaceE06S04PublishRecovery,20260807170204_SpaceE06S05HistoricalRepublish,20260808131619_SpaceE03S05ExcelDesignMetadata,20260808164544_SpaceE13RackGenerationProfiles,20260813045207_SpaceStudioEditLease,20260813062308_SpaceCadChangesetFence,20260814004311_SpaceCadStartWizardPreparation,20260814011926_SpaceCadProviderRouting,20260814051514_SpaceCadProviderQualificationEvidence,20260814060254_SpaceCadMappingReplaySnapshot,20260814063519_SpaceCadProviderVersionFence,20260815201701_SpaceCadManualCorrectionLock,20260816054703_SpaceCadTenantMappingProfiles,20260816094318_SpaceTenantWarehouseTemplates,20260827053057_SpaceV1UnifiedDraftCreation
 Physical sessions=56,54; first-save barrier; no test-layer retry.


Results File: D:\CP6\tmp\bug150-tests\bug150-sql-red\results.trx

Failed!  - Failed:     2, Passed:     0, Skipped:     0, Total:     2, Duration: 9 s - CP6.Space.IntegrationTests.dll (net8.0)
