  CP6.Space.Domain -> D:\CP6\tmp\worktrees\db-compat-wp2-20261002\CP6.Space.Domain\bin\Debug\net8.0\CP6.Space.Domain.dll
  CP6.Space.Contracts -> D:\CP6\tmp\worktrees\db-compat-wp2-20261002\CP6.Space.Contracts\bin\Debug\net8.0\CP6.Space.Contracts.dll
  CP6.Entity -> D:\CP6\tmp\worktrees\db-compat-wp2-20261002\CP6.Entity\bin\Debug\net8.0\CP6.Entity.dll
  CP6.Space.Application -> D:\CP6\tmp\worktrees\db-compat-wp2-20261002\CP6.Space.Application\bin\Debug\net8.0\CP6.Space.Application.dll
  CP6.Core -> D:\CP6\tmp\worktrees\db-compat-wp2-20261002\CP6.Core\bin\Debug\net8.0\CP6.Core.dll
  CP6.Space.Infrastructure -> D:\CP6\tmp\worktrees\db-compat-wp2-20261002\CP6.Space.Infrastructure\bin\Debug\net8.0\CP6.Space.Infrastructure.dll
  CP6.Persistence.PostgreSql -> D:\CP6\tmp\worktrees\db-compat-wp2-20261002\CP6.Persistence.PostgreSql\bin\Debug\net8.0\CP6.Persistence.PostgreSql.dll
  CP6.WebApi -> D:\CP6\tmp\worktrees\db-compat-wp2-20261002\CP6.WebApi\bin\Debug\net8.0\CP6.WebApi.dll
  CP6.Tests -> D:\CP6\tmp\worktrees\db-compat-wp2-20261002\CP6.Tests\bin\Debug\net8.0\CP6.Tests.dll
Test run for D:\CP6\tmp\worktrees\db-compat-wp2-20261002\CP6.Tests\bin\Debug\net8.0\CP6.Tests.dll (.NETCoreApp,Version=v8.0)
A total of 1 test files matched the specified pattern.
[xUnit.net 00:00:01.03]     CP6.Tests.Persistence.DatabaseModelCompatibilityTests.A_new_general_fixed_unicode_column_cannot_silently_use_pg_codepoint_padding(storage: "char(8)") [FAIL]
[xUnit.net 00:00:01.04]     CP6.Tests.Persistence.DatabaseModelCompatibilityTests.A_new_general_fixed_unicode_column_cannot_silently_use_pg_codepoint_padding(storage: "nchar(8)") [FAIL]
  Failed CP6.Tests.Persistence.DatabaseModelCompatibilityTests.A_new_general_fixed_unicode_column_cannot_silently_use_pg_codepoint_padding(storage: "char(8)") [69 ms]
  Error Message:
   Assert.Throws() Failure: No exception was thrown
Expected: typeof(System.InvalidOperationException)
  Stack Trace:
     at CP6.Tests.Persistence.DatabaseModelCompatibilityTests.A_new_general_fixed_unicode_column_cannot_silently_use_pg_codepoint_padding(String storage) in D:\CP6\tmp\worktrees\db-compat-wp2-20261002\CP6.Tests\Persistence\DatabaseModelCompatibilityTests.cs:line 421
   at System.RuntimeMethodHandle.InvokeMethod(Object target, Void** arguments, Signature sig, Boolean isConstructor)
   at System.Reflection.MethodBaseInvoker.InvokeDirectByRefWithFewArgs(Object obj, Span`1 copyOfArgs, BindingFlags invokeAttr)
  Failed CP6.Tests.Persistence.DatabaseModelCompatibilityTests.A_new_general_fixed_unicode_column_cannot_silently_use_pg_codepoint_padding(storage: "nchar(8)") [1 ms]
  Error Message:
   Assert.Throws() Failure: No exception was thrown
Expected: typeof(System.InvalidOperationException)
  Stack Trace:
     at CP6.Tests.Persistence.DatabaseModelCompatibilityTests.A_new_general_fixed_unicode_column_cannot_silently_use_pg_codepoint_padding(String storage) in D:\CP6\tmp\worktrees\db-compat-wp2-20261002\CP6.Tests\Persistence\DatabaseModelCompatibilityTests.cs:line 421
   at InvokeStub_DatabaseModelCompatibilityTests.A_new_general_fixed_unicode_column_cannot_silently_use_pg_codepoint_padding(Object, Span`1)
   at System.Reflection.MethodBaseInvoker.InvokeWithOneArg(Object obj, BindingFlags invokeAttr, Binder binder, Object[] parameters, CultureInfo culture)
[xUnit.net 00:00:03.75]     CP6.Tests.Persistence.DatabaseModelCompatibilityTests.Postgre_sql_fixed_text_is_limited_to_the_exact_audited_ascii_domains(kind: "Space") [FAIL]
  Failed CP6.Tests.Persistence.DatabaseModelCompatibilityTests.Postgre_sql_fixed_text_is_limited_to_the_exact_audited_ascii_domains(kind: "Space") [2 s]
  Error Message:
   Assert.Equal() Failure: Values differ
Expected: 77
Actual:   0
  Stack Trace:
     at CP6.Tests.Persistence.DatabaseModelCompatibilityTests.Postgre_sql_fixed_text_is_limited_to_the_exact_audited_ascii_domains(String kind) in D:\CP6\tmp\worktrees\db-compat-wp2-20261002\CP6.Tests\Persistence\DatabaseModelCompatibilityTests.cs:line 401
   at InvokeStub_DatabaseModelCompatibilityTests.Postgre_sql_fixed_text_is_limited_to_the_exact_audited_ascii_domains(Object, Span`1)
   at System.Reflection.MethodBaseInvoker.InvokeWithOneArg(Object obj, BindingFlags invokeAttr, Binder binder, Object[] parameters, CultureInfo culture)
[xUnit.net 00:00:07.04]     CP6.Tests.Persistence.DatabaseModelCompatibilityTests.Postgre_sql_fixed_text_is_limited_to_the_exact_audited_ascii_domains(kind: "Core") [FAIL]
  Failed CP6.Tests.Persistence.DatabaseModelCompatibilityTests.Postgre_sql_fixed_text_is_limited_to_the_exact_audited_ascii_domains(kind: "Core") [3 s]
  Error Message:
   Assert.Equal() Failure: Values differ
Expected: 6
Actual:   0
  Stack Trace:
     at CP6.Tests.Persistence.DatabaseModelCompatibilityTests.Postgre_sql_fixed_text_is_limited_to_the_exact_audited_ascii_domains(String kind) in D:\CP6\tmp\worktrees\db-compat-wp2-20261002\CP6.Tests\Persistence\DatabaseModelCompatibilityTests.cs:line 401
   at InvokeStub_DatabaseModelCompatibilityTests.Postgre_sql_fixed_text_is_limited_to_the_exact_audited_ascii_domains(Object, Span`1)
   at System.Reflection.MethodBaseInvoker.InvokeWithOneArg(Object obj, BindingFlags invokeAttr, Binder binder, Object[] parameters, CultureInfo culture)
Results File: D:\CP6\tmp\worktrees\db-compat-wp2-20261002\tmp\db-compat-wp2-tests\fixed-ascii-red\wp2-fixed-ascii-red.trx

Failed!  - Failed:     4, Passed:     2, Skipped:     0, Total:     6, Duration: 6 s - CP6.Tests.dll (net8.0)
