  CP6.Space.Contracts -> D:\CP6\tmp\worktrees\db-compat-wp2-20261002\CP6.Space.Contracts\bin\Debug\net8.0\CP6.Space.Contracts.dll
  CP6.Entity -> D:\CP6\tmp\worktrees\db-compat-wp2-20261002\CP6.Entity\bin\Debug\net8.0\CP6.Entity.dll
  CP6.Space.Domain -> D:\CP6\tmp\worktrees\db-compat-wp2-20261002\CP6.Space.Domain\bin\Debug\net8.0\CP6.Space.Domain.dll
  CP6.Space.Application -> D:\CP6\tmp\worktrees\db-compat-wp2-20261002\CP6.Space.Application\bin\Debug\net8.0\CP6.Space.Application.dll
  CP6.Core -> D:\CP6\tmp\worktrees\db-compat-wp2-20261002\CP6.Core\bin\Debug\net8.0\CP6.Core.dll
  CP6.Space.Infrastructure -> D:\CP6\tmp\worktrees\db-compat-wp2-20261002\CP6.Space.Infrastructure\bin\Debug\net8.0\CP6.Space.Infrastructure.dll
  CP6.Persistence.PostgreSql -> D:\CP6\tmp\worktrees\db-compat-wp2-20261002\CP6.Persistence.PostgreSql\bin\Debug\net8.0\CP6.Persistence.PostgreSql.dll
  CP6.WebApi -> D:\CP6\tmp\worktrees\db-compat-wp2-20261002\CP6.WebApi\bin\Debug\net8.0\CP6.WebApi.dll
  CP6.Tests -> D:\CP6\tmp\worktrees\db-compat-wp2-20261002\CP6.Tests\bin\Debug\net8.0\CP6.Tests.dll
Test run for D:\CP6\tmp\worktrees\db-compat-wp2-20261002\CP6.Tests\bin\Debug\net8.0\CP6.Tests.dll (.NETCoreApp,Version=v8.0)
A total of 1 test files matched the specified pattern.
[xUnit.net 00:00:00.87]     CP6.Tests.Persistence.DatabaseSearchPathTests.Unsupported_search_path_fails_before_provider_or_connection_use(searchPath: "Public") [FAIL]
[xUnit.net 00:00:00.88]     CP6.Tests.Persistence.DatabaseSearchPathTests.Unsupported_search_path_fails_before_provider_or_connection_use(searchPath: "public,pg_catalog") [FAIL]
[xUnit.net 00:00:00.88]     CP6.Tests.Persistence.DatabaseSearchPathTests.Unsupported_search_path_fails_before_provider_or_connection_use(searchPath: "$user, public") [FAIL]
[xUnit.net 00:00:00.88]     CP6.Tests.Persistence.DatabaseSearchPathTests.Unsupported_search_path_fails_before_provider_or_connection_use(searchPath: "custom") [FAIL]
[xUnit.net 00:00:00.88]     CP6.Tests.Persistence.DatabaseSearchPathTests.Caller_owned_closed_connection_is_pinned_before_open_without_replacing_it [FAIL]
[xUnit.net 00:00:00.88]     CP6.Tests.Persistence.DatabaseSearchPathTests.Factory_pins_missing_search_path_to_public_before_opening [FAIL]
[xUnit.net 00:00:00.88]     CP6.Tests.Persistence.DatabaseSearchPathTests.Ef_string_path_uses_the_same_fixed_public_schema [FAIL]
  Failed CP6.Tests.Persistence.DatabaseSearchPathTests.Unsupported_search_path_fails_before_provider_or_connection_use(searchPath: "Public") [77 ms]
  Error Message:
   Assert.Throws() Failure: No exception was thrown
Expected: typeof(System.InvalidOperationException)
  Stack Trace:
     at CP6.Tests.Persistence.DatabaseSearchPathTests.Unsupported_search_path_fails_before_provider_or_connection_use(String searchPath) in D:\CP6\tmp\worktrees\db-compat-wp2-20261002\CP6.Tests\Persistence\DatabaseSearchPathTests.cs:line 46
   at System.RuntimeMethodHandle.InvokeMethod(Object target, Void** arguments, Signature sig, Boolean isConstructor)
   at System.Reflection.MethodBaseInvoker.InvokeDirectByRefWithFewArgs(Object obj, Span`1 copyOfArgs, BindingFlags invokeAttr)
  Failed CP6.Tests.Persistence.DatabaseSearchPathTests.Unsupported_search_path_fails_before_provider_or_connection_use(searchPath: "public,pg_catalog") [< 1 ms]
  Error Message:
   Assert.Throws() Failure: No exception was thrown
Expected: typeof(System.InvalidOperationException)
  Stack Trace:
     at CP6.Tests.Persistence.DatabaseSearchPathTests.Unsupported_search_path_fails_before_provider_or_connection_use(String searchPath) in D:\CP6\tmp\worktrees\db-compat-wp2-20261002\CP6.Tests\Persistence\DatabaseSearchPathTests.cs:line 46
   at InvokeStub_DatabaseSearchPathTests.Unsupported_search_path_fails_before_provider_or_connection_use(Object, Span`1)
   at System.Reflection.MethodBaseInvoker.InvokeWithOneArg(Object obj, BindingFlags invokeAttr, Binder binder, Object[] parameters, CultureInfo culture)
  Failed CP6.Tests.Persistence.DatabaseSearchPathTests.Unsupported_search_path_fails_before_provider_or_connection_use(searchPath: "$user, public") [< 1 ms]
  Error Message:
   Assert.Throws() Failure: No exception was thrown
Expected: typeof(System.InvalidOperationException)
  Stack Trace:
     at CP6.Tests.Persistence.DatabaseSearchPathTests.Unsupported_search_path_fails_before_provider_or_connection_use(String searchPath) in D:\CP6\tmp\worktrees\db-compat-wp2-20261002\CP6.Tests\Persistence\DatabaseSearchPathTests.cs:line 46
   at InvokeStub_DatabaseSearchPathTests.Unsupported_search_path_fails_before_provider_or_connection_use(Object, Span`1)
   at System.Reflection.MethodBaseInvoker.InvokeWithOneArg(Object obj, BindingFlags invokeAttr, Binder binder, Object[] parameters, CultureInfo culture)
  Failed CP6.Tests.Persistence.DatabaseSearchPathTests.Unsupported_search_path_fails_before_provider_or_connection_use(searchPath: "custom") [< 1 ms]
  Error Message:
   Assert.Throws() Failure: No exception was thrown
Expected: typeof(System.InvalidOperationException)
  Stack Trace:
     at CP6.Tests.Persistence.DatabaseSearchPathTests.Unsupported_search_path_fails_before_provider_or_connection_use(String searchPath) in D:\CP6\tmp\worktrees\db-compat-wp2-20261002\CP6.Tests\Persistence\DatabaseSearchPathTests.cs:line 46
   at InvokeStub_DatabaseSearchPathTests.Unsupported_search_path_fails_before_provider_or_connection_use(Object, Span`1)
   at System.Reflection.MethodBaseInvoker.InvokeWithOneArg(Object obj, BindingFlags invokeAttr, Binder binder, Object[] parameters, CultureInfo culture)
  Failed CP6.Tests.Persistence.DatabaseSearchPathTests.Caller_owned_closed_connection_is_pinned_before_open_without_replacing_it [4 ms]
  Error Message:
   Assert.Equal() Failure: Strings differ
Expected: "public"
Actual:   null
  Stack Trace:
     at CP6.Tests.Persistence.DatabaseSearchPathTests.Caller_owned_closed_connection_is_pinned_before_open_without_replacing_it() in D:\CP6\tmp\worktrees\db-compat-wp2-20261002\CP6.Tests\Persistence\DatabaseSearchPathTests.cs:line 34
   at System.RuntimeMethodHandle.InvokeMethod(Object target, Void** arguments, Signature sig, Boolean isConstructor)
   at System.Reflection.MethodBaseInvoker.InvokeWithNoArgs(Object obj, BindingFlags invokeAttr)
  Failed CP6.Tests.Persistence.DatabaseSearchPathTests.Factory_pins_missing_search_path_to_public_before_opening [< 1 ms]
  Error Message:
   Assert.Equal() Failure: Strings differ
Expected: "public"
Actual:   null
  Stack Trace:
     at CP6.Tests.Persistence.DatabaseSearchPathTests.Factory_pins_missing_search_path_to_public_before_opening() in D:\CP6\tmp\worktrees\db-compat-wp2-20261002\CP6.Tests\Persistence\DatabaseSearchPathTests.cs:line 16
   at System.RuntimeMethodHandle.InvokeMethod(Object target, Void** arguments, Signature sig, Boolean isConstructor)
   at System.Reflection.MethodBaseInvoker.InvokeWithNoArgs(Object obj, BindingFlags invokeAttr)
  Failed CP6.Tests.Persistence.DatabaseSearchPathTests.Ef_string_path_uses_the_same_fixed_public_schema [< 1 ms]
  Error Message:
   Assert.Equal() Failure: Strings differ
Expected: "public"
Actual:   null
  Stack Trace:
     at CP6.Tests.Persistence.DatabaseSearchPathTests.Ef_string_path_uses_the_same_fixed_public_schema() in D:\CP6\tmp\worktrees\db-compat-wp2-20261002\CP6.Tests\Persistence\DatabaseSearchPathTests.cs:line 24
   at System.RuntimeMethodHandle.InvokeMethod(Object target, Void** arguments, Signature sig, Boolean isConstructor)
   at System.Reflection.MethodBaseInvoker.InvokeWithNoArgs(Object obj, BindingFlags invokeAttr)
Results File: D:\CP6\tmp\worktrees\db-compat-wp2-20261002\tmp\db-compat-wp2-tests\search-path-red\wp2-search-path-red.trx

Failed!  - Failed:     7, Passed:     0, Skipped:     0, Total:     7, Duration: 106 ms - CP6.Tests.dll (net8.0)
