Passed: Text.RawRoundTrip: Observed expected SQL Server contract.
Passed: Text.FixedCharPaddingRoundTrip: Observed expected SQL Server contract.
Failed: Text.PadSpaceParameter: Parameter equality must preserve the source collation contract.
Failed: Text.CaseParameter: Parameter equality must preserve the source collation contract.
Passed: Text.WidthParameter: Observed expected SQL Server contract.
Passed: Text.NfcParameter: Observed expected SQL Server contract.
Passed: Text.AccentDistinct: Observed expected SQL Server contract.
Passed: Text.MiddleSpaceDistinct: Observed expected SQL Server contract.
Failed: Text.ArrayParameterPadSpace: Array membership must retain scalar comparison semantics.
Passed: Text.ContainsTailSpace: Observed expected SQL Server contract.
Passed: Text.SubstringTailSpace: Observed expected SQL Server contract.
Passed: Text.ConcatTailSpace: Observed expected SQL Server contract.
Failed: Text.LenUtf16: SQL LEN counts the astral UTF-16 pair and excludes U+0020 tails.
Failed: Text.LenUtf16NoTail: Astral UTF-16 pair must count as two after trimming.
Passed: Text.ConcatThenEquality: Observed expected SQL Server contract.
Passed: Text.TrimTail: Observed expected SQL Server contract.
Passed: Capacity.Cp936.Emoji: Observed expected SQL Server contract.
Passed: Capacity.Cp936.Euro: Observed expected SQL Server contract.
Passed: Capacity.Cp936.Chinese: Observed expected SQL Server contract.
Passed: Capacity.Cp936.Fullwidth: Observed expected SQL Server contract.
Passed: Capacity.Cp936.SharpS: Observed expected SQL Server contract.
Passed: Capacity.Cp936.RareHan: Observed expected SQL Server contract.
Passed: Capacity.Cp936.Variation: Observed expected SQL Server contract.
Passed: Range.Hex.U41: Observed expected SQL Server contract.
Passed: Range.Hex.UFF26: Observed expected SQL Server contract.
Passed: Range.Hex.UE4: Observed expected SQL Server contract.
Passed: Range.Hex.UE9: Observed expected SQL Server contract.
Passed: Range.Hex.U107: Observed expected SQL Server contract.
Passed: Range.Hex.UDF: Observed expected SQL Server contract.
Passed: Range.Hex.U67: Observed expected SQL Server contract.
Passed: Range.Hex.U20: Observed expected SQL Server contract.
Passed: Range.AlphaLowerCase: Observed expected SQL Server contract.
Passed: Range.NullPropagation: Observed expected SQL Server contract.
Failed: Text.ForeignKeyPadSpace: PostgresException SQLSTATE=23503
Failed: Text.UniquePadSpace: Native unique key must reject the case/tail-space equivalent value.
Passed: Isolation.RollbackCleanup: Observed expected SQL Server contract.
Passed: Isolation.CollationCleanup: Observed expected SQL Server contract.
