Passed: Text.RawRoundTrip: Observed expected SQL Server contract.
Failed: Text.PadSpaceParameter: Parameter equality must preserve the source collation contract.
Failed: Text.CaseParameter: Parameter equality must preserve the source collation contract.
Passed: Text.WidthParameter: Observed expected SQL Server contract.
Passed: Text.NfcParameter: Observed expected SQL Server contract.
Passed: Text.AccentDistinct: Observed expected SQL Server contract.
Passed: Text.MiddleSpaceDistinct: Observed expected SQL Server contract.
Failed: Text.ArrayParameterPadSpace: Array membership must retain scalar comparison semantics.
Passed: Text.ContainsTailSpace: Observed expected SQL Server contract.
Passed: Text.SubstringTailSpace: Observed expected SQL Server contract.
Passed: Text.ConcatTailSpace: Observed expected SQL Server contract.
Passed: Text.LenUtf16: Observed expected SQL Server contract.
Failed: Text.ForeignKeyPadSpace: PostgresException SQLSTATE=23503
Failed: Text.UniquePadSpace: PostgresException SQLSTATE=25P02
Unhandled exception. System.ObjectDisposedException: NpgsqlTransaction
 ---> Npgsql.PostgresException (0x80004005): 25P02: 現在のトランザクションがアボートしました。トランザクションブロックが終わるまでコマンドは無視されます
   at Npgsql.Internal.NpgsqlConnector.ReadMessageLong(Boolean async, DataRowLoadingMode dataRowLoadingMode, Boolean readingNotifications, Boolean isReadingPrependedMessage)
   at System.Runtime.CompilerServices.PoolingAsyncValueTaskMethodBuilder`1.StateMachineBox`1.System.Threading.Tasks.Sources.IValueTaskSource<TResult>.GetResult(Int16 token)
   at Npgsql.Internal.NpgsqlConnector.ReadMessageLong(Boolean async, DataRowLoadingMode dataRowLoadingMode, Boolean readingNotifications, Boolean isReadingPrependedMessage)
   at System.Runtime.CompilerServices.PoolingAsyncValueTaskMethodBuilder`1.StateMachineBox`1.System.Threading.Tasks.Sources.IValueTaskSource<TResult>.GetResult(Int16 token)
   at Npgsql.NpgsqlDataReader.NextResult(Boolean async, Boolean isConsuming, CancellationToken cancellationToken)
   at Npgsql.NpgsqlDataReader.NextResult(Boolean async, Boolean isConsuming, CancellationToken cancellationToken)
   at Npgsql.NpgsqlCommand.ExecuteReader(Boolean async, CommandBehavior behavior, CancellationToken cancellationToken)
   at Npgsql.NpgsqlCommand.ExecuteReader(Boolean async, CommandBehavior behavior, CancellationToken cancellationToken)
   at Npgsql.NpgsqlCommand.ExecuteNonQuery(Boolean async, CancellationToken cancellationToken)
   at Dapper.SqlMapper.ExecuteImplAsync(IDbConnection cnn, CommandDefinition command, Object param) in /_/Dapper/SqlMapper.Async.cs:line 663
   at Program.<>c__DisplayClass0_1.<<<Main>$>b__15>d.MoveNext() in D:\CP6\tmp\worktrees\db-compat-wp2-20261002\tools\CP6.DatabaseCompatibility.TextProbe\Program.cs:line 113
--- End of stack trace from previous location ---
   at Program.<>c__DisplayClass0_1.<<<Main>$>g__Check|1>d.MoveNext() in D:\CP6\tmp\worktrees\db-compat-wp2-20261002\tools\CP6.DatabaseCompatibility.TextProbe\Program.cs:line 35
  Exception data:
    Severity: ERROR
    SqlState: 25P02
    MessageText: 現在のトランザクションがアボートしました。トランザクションブロックが終わるまでコマンドは無視されます
    File: postgres.c
    Line: 1140
    Routine: exec_simple_query
   --- End of inner exception stack trace ---
   at Npgsql.ThrowHelper.ThrowObjectDisposedException(String objectName, Exception innerException)
   at Npgsql.NpgsqlTransaction.CheckDisposed()
   at Npgsql.NpgsqlTransaction.CheckReady()
   at Npgsql.NpgsqlTransaction.Rollback(Boolean async, CancellationToken cancellationToken)
   at Program.<Main>$(String[] args) in D:\CP6\tmp\worktrees\db-compat-wp2-20261002\tools\CP6.DatabaseCompatibility.TextProbe\Program.cs:line 123
   at Program.<Main>(String[] args)
