Passed: Text.RawRoundTrip: Observed expected SQL Server contract.
Passed: Text.FixedCharPaddingRoundTrip: Observed expected SQL Server contract.
Passed: Text.PadSpaceParameter: Observed expected SQL Server contract.
Passed: Text.CaseParameter: Observed expected SQL Server contract.
Passed: Text.WidthParameter: Observed expected SQL Server contract.
Passed: Text.NfcParameter: Observed expected SQL Server contract.
Passed: Text.AccentDistinct: Observed expected SQL Server contract.
Passed: Text.MiddleSpaceDistinct: Observed expected SQL Server contract.
Passed: Text.ArrayParameterPadSpace: Observed expected SQL Server contract.
Passed: Text.ContainsTailSpace: Observed expected SQL Server contract.
Passed: Text.SubstringTailSpace: Observed expected SQL Server contract.
Passed: Text.ConcatTailSpace: Observed expected SQL Server contract.
Passed: Text.LenUtf16: Observed expected SQL Server contract.
Passed: Text.LenUtf16NoTail: Observed expected SQL Server contract.
Passed: Text.ConcatThenEquality: Observed expected SQL Server contract.
Passed: Text.ConcatThenCaseEquality: Observed expected SQL Server contract.
Passed: Text.SubstringThenWidthEquality: Observed expected SQL Server contract.
Passed: Text.ConcatThenNfcEquality: Observed expected SQL Server contract.
Passed: Text.TrimTail: Observed expected SQL Server contract.
Passed: Capacity.Cp936.Emoji: Observed expected SQL Server contract.
Passed: Capacity.Cp936.Euro: Observed expected SQL Server contract.
Passed: Capacity.Cp936.Chinese: Observed expected SQL Server contract.
Passed: Capacity.Cp936.Fullwidth: Observed expected SQL Server contract.
Passed: Capacity.Cp936.SharpS: Observed expected SQL Server contract.
Passed: Capacity.Cp936.RareHan: Observed expected SQL Server contract.
Passed: Capacity.Cp936.Variation: Observed expected SQL Server contract.
Passed: Range.Hex.U41: Observed expected SQL Server contract.
Passed: Range.Hex.UFF26: Observed expected SQL Server contract.
Passed: Range.Hex.UE4: Observed expected SQL Server contract.
Passed: Range.Hex.UE9: Observed expected SQL Server contract.
Passed: Range.Hex.U107: Observed expected SQL Server contract.
Passed: Range.Hex.UDF: Observed expected SQL Server contract.
Passed: Range.Hex.U67: Observed expected SQL Server contract.
Passed: Range.Hex.U20: Observed expected SQL Server contract.
Passed: Range.AlphaLowerCase: Observed expected SQL Server contract.
Passed: Range.NullPropagation: Observed expected SQL Server contract.
Passed: Range.EmptyPropagation: Observed expected SQL Server contract.
Passed: Text.ForeignKeyPadSpace: Observed expected SQL Server contract.
Passed: Text.UniquePadSpace: Observed expected SQL Server contract.
Passed: Orm.PadSpaceForeignKeyFixup: Observed expected SQL Server contract.
Passed: Orm.KeyEqualityAndHash: Observed expected SQL Server contract.
Passed: Orm.BinaryCaseDistinct: Observed expected SQL Server contract.
Passed: Orm.BinaryNativeKeysCoexist: Observed expected SQL Server contract.
Passed: Orm.CaseChangeValueComparison: Observed expected SQL Server contract.
Passed: Isolation.RollbackCleanup: Observed expected SQL Server contract.
Passed: Isolation.CollationCleanup: Observed expected SQL Server contract.
