Passed: Migration.Core.Forward: Applied=137, previouslyApplied=137, pending=0.
Passed: Migration.Core.Repeat: Repeated real migration retained the same applied history.
Passed: Catalog.Core.EveryTableAndColumn: Verified every column in 233 actual model tables.
Passed: Catalog.Core.EveryDatabaseToken: Verified 157 native token generators; no application-only token substitute.
Passed: Write.Core.InstalledTokens: Installed actual context EF insert/update exact eight-byte readback, native and ExecuteUpdate token advance, both stale EF rejections and complete fixture rollback.
Passed: Migration.Space.Forward: Applied=47, previouslyApplied=47, pending=0.
Passed: Migration.Space.Repeat: Repeated real migration retained the same applied history.
Passed: Catalog.Space.EveryTableAndColumn: Verified every column in 83 actual model tables.
Passed: Catalog.Space.EveryDatabaseToken: Verified 41 native token generators; no application-only token substitute.
Passed: Write.Space.InstalledTokens: Installed actual context EF insert/update exact eight-byte readback, native and ExecuteUpdate token advance, both stale EF rejections and complete fixture rollback.
Passed: Migration.IdentityPriority.CoreOwnership: SQL Core canonical history owns installed queue operations; standalone template identities are not falsely inserted as applied.
Passed: Catalog.IdentityPriority.EveryTableAndColumn: Verified every column in 4 actual model tables.
Passed: Catalog.IdentityPriority.EveryDatabaseToken: Verified 4 native token generators; no application-only token substitute.
Passed: Write.IdentityPriority.InstalledTokens: Installed actual context EF insert/update exact eight-byte readback, native and ExecuteUpdate token advance, both stale EF rejections and complete fixture rollback.
Passed: Migration.ErpIntegration.CoreOwnership: SQL Core canonical history owns installed queue operations; standalone template identities are not falsely inserted as applied.
Passed: Catalog.ErpIntegration.EveryTableAndColumn: Verified every column in 8 actual model tables.
Passed: Catalog.ErpIntegration.EveryDatabaseToken: Verified 6 native token generators; no application-only token substitute.
Passed: Write.ErpIntegration.InstalledTokens: Installed actual context EF insert/update exact eight-byte readback, native and ExecuteUpdate token advance, both stale EF rejections and complete fixture rollback.
Passed: Catalog.ManagedOidcLedger: Both OIDC ledger tables are installed.
Passed: Catalog.ManagedJournalGuard: Posted-journal mutation guard is present and enabled; write behavior is a separate gate.
Passed: Write.IdentityGeneration: Installed INSERT/UPDATE/tenant move/physical DELETE advanced opaque generations; both tenant versions rolled back with the snapshot transaction.
Passed: Write.LanguageNullAndTenantUniqueness: Actual NULL global/case/padding duplicate rejection and distinct tenant override coexistence; fixtures rolled back.
Passed: Write.TimeDateAndNumericBoundaries: Actual microsecond UTC/wall-clock/offset and DateOnly leap-date round trips; numeric scale rounding and overflow; Min/Max sentinels; PG invalid-kind/offset rejection; full rollback. Extra SQL 100ns precision is not promised by PG.
Passed: Write.FinancePostingMutationRace: UPDATE and DELETE each waited on the actual posting session; after Status=2 committed, E-FIN-160 rejected both mutations and preserved both original lines. Exact fixtures removed and absence verified.
