Test run for D:\CP6\tmp\worktrees\db-compat-wp5-20261003\CP6.Space.IntegrationTests\bin\Debug\net8.0\CP6.Space.IntegrationTests.dll (.NETCoreApp,Version=v8.0)
A total of 1 test files matched the specified pattern.
[xUnit.net 00:00:06.52]     CP6.Space.IntegrationTests.SpaceCadParseSqlServerTests.Sql_start_cancel_and_retry_preserve_one_idempotent_lineage [FAIL]
  Failed CP6.Space.IntegrationTests.SpaceCadParseSqlServerTests.Sql_start_cancel_and_retry_preserve_one_idempotent_lineage [275 ms]
  Error Message:
   System.InvalidOperationException : An exception has been raised that is likely due to a transient failure.
---- Microsoft.EntityFrameworkCore.DbUpdateException : An error occurred while saving the entity changes. See the inner exception for details.
-------- Npgsql.PostgresException : 40001: トランザクション間で read/write の依存性があったため、アクセスの直列化ができませんでした

DETAIL: Detail redacted as it may contain sensitive data. Specify 'Include Error Detail' in the connection string to include this information.
  Stack Trace:
     at Npgsql.EntityFrameworkCore.PostgreSQL.Storage.Internal.NpgsqlExecutionStrategy.ExecuteAsync[TState,TResult](TState state, Func`4 operation, Func`4 verifySucceeded, CancellationToken cancellationToken)
   at Microsoft.EntityFrameworkCore.DbContext.SaveChangesAsync(Boolean acceptAllChangesOnSuccess, CancellationToken cancellationToken)
   at Microsoft.EntityFrameworkCore.DbContext.SaveChangesAsync(Boolean acceptAllChangesOnSuccess, CancellationToken cancellationToken)
   at CP6.Space.Infrastructure.SpaceCadParseService.RetryAsync(Guid versionId, Guid sourceId, Guid jobId, String idempotencyKey, CancellationToken cancellationToken) in D:\CP6\tmp\worktrees\db-compat-wp5-20261003\CP6.Space.Infrastructure\SpaceCadParseService.cs:line 1585
   at CP6.Space.Infrastructure.SpaceCadParseService.RetryAsync(Guid versionId, Guid sourceId, Guid jobId, String idempotencyKey, CancellationToken cancellationToken) in D:\CP6\tmp\worktrees\db-compat-wp5-20261003\CP6.Space.Infrastructure\SpaceCadParseService.cs:line 1620
   at CP6.Space.Infrastructure.SpaceCadParseService.RetryAsync(Guid versionId, Guid sourceId, Guid jobId, String idempotencyKey, CancellationToken cancellationToken) in D:\CP6\tmp\worktrees\db-compat-wp5-20261003\CP6.Space.Infrastructure\SpaceCadParseService.cs:line 1626
   at CP6.Space.IntegrationTests.SpaceCadParseSqlServerTests.<>c__DisplayClass4_1.<<Sql_start_cancel_and_retry_preserve_one_idempotent_lineage>g__RetryAsync|0>d.MoveNext() in D:\CP6\tmp\worktrees\db-compat-wp5-20261003\CP6.Space.IntegrationTests\SpaceCadParseSqlServerTests.cs:line 110
--- End of stack trace from previous location ---
   at CP6.Space.IntegrationTests.SpaceCadParseSqlServerTests.Sql_start_cancel_and_retry_preserve_one_idempotent_lineage() in D:\CP6\tmp\worktrees\db-compat-wp5-20261003\CP6.Space.IntegrationTests\SpaceCadParseSqlServerTests.cs:line 126
   at CP6.Space.IntegrationTests.SpaceCadParseSqlServerTests.Sql_start_cancel_and_retry_preserve_one_idempotent_lineage() in D:\CP6\tmp\worktrees\db-compat-wp5-20261003\CP6.Space.IntegrationTests\SpaceCadParseSqlServerTests.cs:line 146
   at CP6.Space.IntegrationTests.SpaceCadParseSqlServerTests.Sql_start_cancel_and_retry_preserve_one_idempotent_lineage() in D:\CP6\tmp\worktrees\db-compat-wp5-20261003\CP6.Space.IntegrationTests\SpaceCadParseSqlServerTests.cs:line 146
   at CP6.Space.IntegrationTests.SpaceCadParseSqlServerTests.Sql_start_cancel_and_retry_preserve_one_idempotent_lineage() in D:\CP6\tmp\worktrees\db-compat-wp5-20261003\CP6.Space.IntegrationTests\SpaceCadParseSqlServerTests.cs:line 155
   at CP6.Space.IntegrationTests.SpaceCadParseSqlServerTests.Sql_start_cancel_and_retry_preserve_one_idempotent_lineage() in D:\CP6\tmp\worktrees\db-compat-wp5-20261003\CP6.Space.IntegrationTests\SpaceCadParseSqlServerTests.cs:line 155
--- End of stack trace from previous location ---
----- Inner Stack Trace -----
   at Microsoft.EntityFrameworkCore.Update.ReaderModificationCommandBatch.ExecuteAsync(IRelationalConnection connection, CancellationToken cancellationToken)
   at Microsoft.EntityFrameworkCore.Update.Internal.BatchExecutor.ExecuteAsync(IEnumerable`1 commandBatches, IRelationalConnection connection, CancellationToken cancellationToken)
   at Microsoft.EntityFrameworkCore.Update.Internal.BatchExecutor.ExecuteAsync(IEnumerable`1 commandBatches, IRelationalConnection connection, CancellationToken cancellationToken)
   at Microsoft.EntityFrameworkCore.Update.Internal.BatchExecutor.ExecuteAsync(IEnumerable`1 commandBatches, IRelationalConnection connection, CancellationToken cancellationToken)
   at Microsoft.EntityFrameworkCore.ChangeTracking.Internal.StateManager.SaveChangesAsync(IList`1 entriesToSave, CancellationToken cancellationToken)
   at Microsoft.EntityFrameworkCore.ChangeTracking.Internal.StateManager.SaveChangesAsync(StateManager stateManager, Boolean acceptAllChangesOnSuccess, CancellationToken cancellationToken)
   at Npgsql.EntityFrameworkCore.PostgreSQL.Storage.Internal.NpgsqlExecutionStrategy.ExecuteAsync[TState,TResult](TState state, Func`4 operation, Func`4 verifySucceeded, CancellationToken cancellationToken)
----- Inner Stack Trace -----
   at Npgsql.Internal.NpgsqlConnector.ReadMessageLong(Boolean async, DataRowLoadingMode dataRowLoadingMode, Boolean readingNotifications, Boolean isReadingPrependedMessage)
   at System.Runtime.CompilerServices.PoolingAsyncValueTaskMethodBuilder`1.StateMachineBox`1.System.Threading.Tasks.Sources.IValueTaskSource<TResult>.GetResult(Int16 token)
   at Npgsql.NpgsqlDataReader.NextResult(Boolean async, Boolean isConsuming, CancellationToken cancellationToken)
   at Npgsql.NpgsqlDataReader.NextResult(Boolean async, Boolean isConsuming, CancellationToken cancellationToken)
   at Npgsql.NpgsqlCommand.ExecuteReader(Boolean async, CommandBehavior behavior, CancellationToken cancellationToken)
   at Npgsql.NpgsqlCommand.ExecuteReader(Boolean async, CommandBehavior behavior, CancellationToken cancellationToken)
   at Npgsql.NpgsqlCommand.ExecuteDbDataReaderAsync(CommandBehavior behavior, CancellationToken cancellationToken)
   at Microsoft.EntityFrameworkCore.Storage.RelationalCommand.ExecuteReaderAsync(RelationalCommandParameterObject parameterObject, CancellationToken cancellationToken)
   at Microsoft.EntityFrameworkCore.Storage.RelationalCommand.ExecuteReaderAsync(RelationalCommandParameterObject parameterObject, CancellationToken cancellationToken)
   at Microsoft.EntityFrameworkCore.Update.ReaderModificationCommandBatch.ExecuteAsync(IRelationalConnection connection, CancellationToken cancellationToken)
  Standard Output Messages:
 Provider=PostgreSql; Core migrations=1; Space migrations=1; pending=0; WP5 owner verified; shared database.
 CoreMigrationIds=20261002161715_PostgreSqlCoreBaselineV1
 SpaceMigrationIds=20261002161945_PostgreSqlSpaceBaselineV1
 Provider=PostgreSql; Stage=cad-parse-business; SQLSTATE=40001; NativeCode=none; Kind=SerializationFailure.


Results File: D:\CP6\tmp\db-compat-wp5-tests\wp5-cad-assets-collaboration-pg-first-run\results.trx

Failed!  - Failed:     1, Passed:    16, Skipped:     0, Total:    17, Duration: 3 s - CP6.Space.IntegrationTests.dll (net8.0)
