{
  "SchemaVersion": 1,
  "Task": "DB-COMPAT-01-WP6",
  "Command": "notification-status",
  "Provider": "PostgreSql",
  "DatabaseName": "CP6Compat_WP6_20261003_7ba9af02_restore",
  "Role": "Restore",
  "Status": "Passed",
  "StartedUtc": "2026-10-03T16:47:59.3592518+00:00",
  "FinishedUtc": "2026-10-03T16:48:01.6024073+00:00",
  "Assertions": [
    {
      "Name": "owner-and-physical-database-verified",
      "Passed": true
    },
    {
      "Name": "notification-one-owned-row",
      "Passed": true,
      "ExpectedCount": 1,
      "ActualCount": 1
    },
    {
      "Name": "notification-status-exact",
      "Passed": true,
      "ExpectedCount": 1,
      "ActualCount": 1
    },
    {
      "Name": "notification-attempts-exact",
      "Passed": true,
      "ExpectedCount": 1,
      "ActualCount": 1
    },
    {
      "Name": "notification-success-persisted",
      "Passed": true
    }
  ],
  "Counts": {
    "NotificationRows": 1,
    "DispatchStatus": 1,
    "DispatchAttempts": 1
  },
  "Hashes": {
    "EventKeySha256": "59DB3222894662668F053C8EE18D8907D75CEE180918E78E7CC6A8F904735A91",
    "TenantSha256": "868425ABA2AED381A87AA2863A1A873FA639D90C8E4BAB2AF2FCE29A1F92AAD3",
    "UserSha256": "4E087F423CCF42E3B80187FAC130A6A9E9B8DE634BB6AD2FCBA70DEE16D833D8",
    "NotificationIdSha256": "195C9C0C3CAC67F53061073D40D612F32F4785ABB4C90FE0E4A6EEFC8B6BD69E"
  },
  "HistoryProfiles": [],
  "TableSummaries": [],
  "TableComparisons": [],
  "Inputs": [
    {
      "Name": "CP6.DatabaseCompatibility.ApplicationProbe",
      "Version": "1.0.0.0",
      "Sha256": "97E39D25F52FD02118432CEBA04837F0754A71C434CA183AF17BC4B16B771F8E"
    },
    {
      "Name": "CP6.Core",
      "Version": "1.0.0.0",
      "Sha256": "D186E2DB20A9F772AAD537B30F7EC1A84114581362BC27621C384229A28692B8"
    },
    {
      "Name": "CP6.Space.Infrastructure",
      "Version": "1.0.0.0",
      "Sha256": "B33E7235E9FE476560491565B132CC79D221974B4301D7372EBC275A6E97FF34"
    }
  ],
  "Scope": "WP6 owned application/restore fixture only; metadata, counts and hashes. No raw connection, password, token, DP XML or row values. Does not establish HTTP authentication, DP decryption, external delivery or complete application acceptance."
}
