Test run for D:\CP6\tmp\worktrees\db-compat-wp5-20261003\CP6.Space.IntegrationTests\bin\Debug\net8.0\CP6.Space.IntegrationTests.dll (.NETCoreApp,Version=v8.0)
A total of 1 test files matched the specified pattern.
[xUnit.net 00:00:02.74]     CP6.Space.IntegrationTests.SpaceSqlServerTests.Migration_creates_only_design_tables_and_separate_history [FAIL]
  Failed CP6.Space.IntegrationTests.SpaceSqlServerTests.Migration_creates_only_design_tables_and_separate_history [2 s]
  Error Message:
   Npgsql.PostgresException : 42704: エンコーディング"UTF8"の照合順序"cp6_ci_as_provider_v1"は存在しません

POSITION: 122
  Stack Trace:
     at Npgsql.Internal.NpgsqlConnector.ReadMessageLong(Boolean async, DataRowLoadingMode dataRowLoadingMode, Boolean readingNotifications, Boolean isReadingPrependedMessage)
   at System.Runtime.CompilerServices.PoolingAsyncValueTaskMethodBuilder`1.StateMachineBox`1.System.Threading.Tasks.Sources.IValueTaskSource<TResult>.GetResult(Int16 token)
   at Npgsql.NpgsqlDataReader.NextResult(Boolean async, Boolean isConsuming, CancellationToken cancellationToken)
   at Npgsql.NpgsqlDataReader.NextResult(Boolean async, Boolean isConsuming, CancellationToken cancellationToken)
   at Npgsql.NpgsqlCommand.ExecuteReader(Boolean async, CommandBehavior behavior, CancellationToken cancellationToken)
   at Npgsql.NpgsqlCommand.ExecuteReader(Boolean async, CommandBehavior behavior, CancellationToken cancellationToken)
   at Npgsql.NpgsqlCommand.ExecuteNonQuery(Boolean async, CancellationToken cancellationToken)
   at Microsoft.EntityFrameworkCore.Storage.RelationalCommand.ExecuteNonQueryAsync(RelationalCommandParameterObject parameterObject, CancellationToken cancellationToken)
   at Microsoft.EntityFrameworkCore.Storage.RelationalCommand.ExecuteNonQueryAsync(RelationalCommandParameterObject parameterObject, CancellationToken cancellationToken)
   at Microsoft.EntityFrameworkCore.Storage.RelationalCommand.ExecuteNonQueryAsync(RelationalCommandParameterObject parameterObject, CancellationToken cancellationToken)
   at Microsoft.EntityFrameworkCore.Migrations.Internal.MigrationCommandExecutor.ExecuteNonQueryAsync(IEnumerable`1 migrationCommands, IRelationalConnection connection, CancellationToken cancellationToken)
   at Microsoft.EntityFrameworkCore.Migrations.Internal.MigrationCommandExecutor.ExecuteNonQueryAsync(IEnumerable`1 migrationCommands, IRelationalConnection connection, CancellationToken cancellationToken)
   at Microsoft.EntityFrameworkCore.Migrations.Internal.MigrationCommandExecutor.ExecuteNonQueryAsync(IEnumerable`1 migrationCommands, IRelationalConnection connection, CancellationToken cancellationToken)
   at Microsoft.EntityFrameworkCore.Migrations.Internal.MigrationCommandExecutor.ExecuteNonQueryAsync(IEnumerable`1 migrationCommands, IRelationalConnection connection, CancellationToken cancellationToken)
   at Microsoft.EntityFrameworkCore.Migrations.Internal.Migrator.MigrateAsync(String targetMigration, CancellationToken cancellationToken)
   at Npgsql.EntityFrameworkCore.PostgreSQL.Migrations.Internal.NpgsqlMigrator.MigrateAsync(String targetMigration, CancellationToken cancellationToken)
   at CP6.Space.IntegrationTests.SpaceMigrationTestDatabase.MigrateAsync(SpaceContext context, String historicalStart) in D:\CP6\tmp\worktrees\db-compat-wp5-20261003\CP6.Space.IntegrationTests\SpaceMigrationTestDatabase.cs:line 93
   at CP6.Space.IntegrationTests.SpaceSqlServerTests.WithSchemaDatabaseAsync(Func`2 action) in D:\CP6\tmp\worktrees\db-compat-wp5-20261003\CP6.Space.IntegrationTests\SpaceSqlServerTests.cs:line 956
   at CP6.Space.IntegrationTests.SpaceSqlServerTests.WithSchemaDatabaseAsync(Func`2 action) in D:\CP6\tmp\worktrees\db-compat-wp5-20261003\CP6.Space.IntegrationTests\SpaceSqlServerTests.cs:line 964
   at CP6.Space.IntegrationTests.SpaceSqlServerTests.Migration_creates_only_design_tables_and_separate_history() in D:\CP6\tmp\worktrees\db-compat-wp5-20261003\CP6.Space.IntegrationTests\SpaceSqlServerTests.cs:line 26
--- End of stack trace from previous location ---
  Standard Output Messages:
 Provider=PostgreSql; Task=DB-COMPAT-01-WP5; Owner=4f8d0aa0a7864d36829a0873dafb9f70; Target=latest; Lifecycle=runner-owned; CoreProfile=not-applied.
 MigrationSource=CP6.Persistence.PostgreSql/Migrations/Space\20261002161945_PostgreSqlSpaceBaselineV1.cs; SHA256=88A09564B7560D102F5F8F62683B809A5879AB871D8DD8904BD60EF0A0B8410F.
 Provider=PostgreSql; Stage=before-migration; AppliedCount=0; PendingCount=1.
 AppliedMigrationIds=
 PendingMigrationIds=20261002161945_PostgreSqlSpaceBaselineV1
 Provider=PostgreSql; Stage=space-only-migration; SQLSTATE=42704; NativeCode=none; Kind=Unknown.


Results File: D:\CP6\tmp\db-compat-wp5-tests\wp5-space-only-pg-first-run\results.trx

Failed!  - Failed:     1, Passed:     0, Skipped:     0, Total:     1, Duration: 2 s - CP6.Space.IntegrationTests.dll (net8.0)
