{
  "SchemaVersion": 1,
  "Task": "DB-COMPAT-01-WP6",
  "Command": "signalr-verification",
  "Provider": "SqlServer",
  "DatabaseName": "CP6Compat_WP6_20261004_9bd35dba_application",
  "Role": "Application",
  "Status": "Passed",
  "StartedUtc": "2026-10-04T02:02:40.4472084+00:00",
  "FinishedUtc": "2026-10-04T02:02:57.4210609+00:00",
  "Assertions": [
    {
      "Name": "owner-and-physical-database-verified",
      "Passed": true
    },
    {
      "Name": "signalr-two-http-users-authenticated",
      "Passed": true,
      "ExpectedCount": 2,
      "ActualCount": 2
    },
    {
      "Name": "signalr-two-websocket-clients-connected",
      "Passed": true,
      "ExpectedCount": 2,
      "ActualCount": 2
    },
    {
      "Name": "signalr-target-delivery-exact",
      "Passed": true,
      "ExpectedCount": 1,
      "ActualCount": 1
    },
    {
      "Name": "signalr-other-user-excluded",
      "Passed": true,
      "ExpectedCount": 0,
      "ActualCount": 0
    },
    {
      "Name": "signalr-worker-two-subsequent-batches-completed",
      "Passed": true,
      "ExpectedCount": 2,
      "ActualCount": 2
    },
    {
      "Name": "signalr-target-not-repeated",
      "Passed": true,
      "ExpectedCount": 1,
      "ActualCount": 1
    },
    {
      "Name": "signalr-production-replay-kept-row-and-state",
      "Passed": true,
      "ExpectedSha256": "89C982CD183AAD1275312A84D0657D010FC29D696F23FC01CB24C20E8DCBC46D",
      "ActualSha256": "89C982CD183AAD1275312A84D0657D010FC29D696F23FC01CB24C20E8DCBC46D"
    },
    {
      "Name": "signalr-clients-stopped",
      "Passed": true,
      "ExpectedCount": 2,
      "ActualCount": 2
    }
  ],
  "Counts": {
    "LoginProfiles": 2,
    "SignalRClients": 2,
    "NotificationRows": 1,
    "DispatchStatus": 1,
    "DispatchAttempts": 1,
    "AdminTargetEvents": 1,
    "OrdinaryTargetEvents": 0,
    "SignalRMarkerRows": 2,
    "AdminMarkerEvents": 2,
    "OrdinaryMarkerEvents": 0,
    "CompletedFollowupWorkerBatches": 2
  },
  "Hashes": {
    "EventKeySha256": "511A9DA11EF521FF3EDA6BF74F0537C6542AA19C756FF7C7EADD4F74FFE5FB50",
    "TenantSha256": "868425ABA2AED381A87AA2863A1A873FA639D90C8E4BAB2AF2FCE29A1F92AAD3",
    "UserSha256": "22A8984B3C788863653EB451F25C8E8F547A19FACA4EA39273386B6E923C0AE9",
    "NotificationIdSha256": "220AD792F795AB909CC62259452CBFA1F3E94FF1564FD5FA082E4D3E5339CF8E",
    "TargetPayloadSha256": "D1227FC1443631C09F96E6C028461AAE6973AE9563D43AE376C1481788404934",
    "FollowupBatchEvidenceSha256": "C0FF2E3A11B8B804FAA80C84465A262DC282A39A80E0A7A749A89D26F488A2B6",
    "OriginalNotificationStateSha256": "89C982CD183AAD1275312A84D0657D010FC29D696F23FC01CB24C20E8DCBC46D",
    "ReplayedNotificationStateSha256": "89C982CD183AAD1275312A84D0657D010FC29D696F23FC01CB24C20E8DCBC46D"
  },
  "HistoryProfiles": [],
  "TableSummaries": [],
  "TableComparisons": [],
  "Inputs": [
    {
      "Name": "CP6.DatabaseCompatibility.ApplicationProbe",
      "Version": "1.0.0.0",
      "Sha256": "634D635269B0E3CFA294F217FF0B4DCBE261C8AEA9D9D40ACB1F94E8AC49078E"
    },
    {
      "Name": "CP6.Core",
      "Version": "1.0.0.0",
      "Sha256": "88CB493C6DF91148D551A57B5B34BCBF85E11AE83A2E9C2EE38975ACCBD32E71"
    },
    {
      "Name": "CP6.Space.Infrastructure",
      "Version": "1.0.0.0",
      "Sha256": "9612514A4DED797E172E59D1166EA19B19364123BC1B7A3206BB1FDC0E898224"
    },
    {
      "Name": "Microsoft.AspNetCore.SignalR.Client.Core",
      "Version": "8.0.12.0",
      "Sha256": "7D42214FF7145EF20C90CD6A7E18AD60787A08E221F8BAC42561666CC651E6DA"
    }
  ],
  "Scope": "WP6 owned application/restore fixture and loopback API: actual HTTP login, two WebSocket SignalR clients, exact user delivery, two subsequent real worker batches and production event replay. One target plus two fixture marker rows. Public hashes/counts only; no cookies/passwords/tokens/raw payloads. Bounded observation, not external CRM/email delivery, DP decryption or complete application acceptance."
}
