Microsoft.EntityFrameworkCore.DbUpdateException: An error occurred while saving the entity changes. See the inner exception for details.
 ---> Microsoft.Data.SqlClient.SqlException (0x80131904): 无法解决 equal to 运算中 "Chinese_PRC_CI_AS" 和 "Latin1_General_100_BIN2" 之间的排序规则冲突。
   at Microsoft.Data.SqlClient.SqlCommand.<>c.<ExecuteDbDataReaderAsync>b__211_0(Task`1 result)
   at System.Threading.Tasks.ContinuationResultTaskFromResultTask`2.InnerInvoke()
   at System.Threading.ExecutionContext.RunInternal(ExecutionContext executionContext, ContextCallback callback, Object state)
--- End of stack trace from previous location ---
   at System.Threading.ExecutionContext.RunInternal(ExecutionContext executionContext, ContextCallback callback, Object state)
   at System.Threading.Tasks.Task.ExecuteWithThreadLocal(Task& currentTaskSlot, Thread threadPoolThread)
--- End of stack trace from previous location ---
   at Microsoft.EntityFrameworkCore.Storage.RelationalCommand.ExecuteReaderAsync(RelationalCommandParameterObject parameterObject, CancellationToken cancellationToken)
   at Microsoft.EntityFrameworkCore.Storage.RelationalCommand.ExecuteReaderAsync(RelationalCommandParameterObject parameterObject, CancellationToken cancellationToken)
   at Microsoft.EntityFrameworkCore.Update.ReaderModificationCommandBatch.ExecuteAsync(IRelationalConnection connection, CancellationToken cancellationToken)
ClientConnectionId:7319b4d8-61bb-4da4-ad95-de3fb2f3cb54
Error Number:468,State:9,Class:16
   --- End of inner exception stack trace ---
   at Microsoft.EntityFrameworkCore.Update.ReaderModificationCommandBatch.ExecuteAsync(IRelationalConnection connection, CancellationToken cancellationToken)
   at Microsoft.EntityFrameworkCore.SqlServer.Update.Internal.SqlServerModificationCommandBatch.ExecuteAsync(IRelationalConnection connection, CancellationToken cancellationToken)
   at Microsoft.EntityFrameworkCore.Update.Internal.BatchExecutor.ExecuteAsync(IEnumerable`1 commandBatches, IRelationalConnection connection, CancellationToken cancellationToken)
   at Microsoft.EntityFrameworkCore.Update.Internal.BatchExecutor.ExecuteAsync(IEnumerable`1 commandBatches, IRelationalConnection connection, CancellationToken cancellationToken)
   at Microsoft.EntityFrameworkCore.Update.Internal.BatchExecutor.ExecuteAsync(IEnumerable`1 commandBatches, IRelationalConnection connection, CancellationToken cancellationToken)
   at Microsoft.EntityFrameworkCore.ChangeTracking.Internal.StateManager.SaveChangesAsync(IList`1 entriesToSave, CancellationToken cancellationToken)
   at Microsoft.EntityFrameworkCore.ChangeTracking.Internal.StateManager.SaveChangesAsync(StateManager stateManager, Boolean acceptAllChangesOnSuccess, CancellationToken cancellationToken)
   at Microsoft.EntityFrameworkCore.SqlServer.Storage.Internal.SqlServerExecutionStrategy.ExecuteAsync[TState,TResult](TState state, Func`4 operation, Func`4 verifySucceeded, CancellationToken cancellationToken)
   at Microsoft.EntityFrameworkCore.DbContext.SaveChangesAsync(Boolean acceptAllChangesOnSuccess, CancellationToken cancellationToken)
   at Microsoft.EntityFrameworkCore.DbContext.SaveChangesAsync(Boolean acceptAllChangesOnSuccess, CancellationToken cancellationToken)
   at CP6.Core.EFDbContext.CP6Context.SaveChangesAsync(Boolean acceptAllChangesOnSuccess, CancellationToken cancellationToken) in D:\CP6\tmp\worktrees\db-compat-wp4-20261003\CP6.Core\EFDbContext\CP6Context.cs:line 2840
   at CP6.Core.EFDbContext.CP6Context.SaveChangesAsync(Boolean acceptAllChangesOnSuccess, CancellationToken cancellationToken) in D:\CP6\tmp\worktrees\db-compat-wp4-20261003\CP6.Core\EFDbContext\CP6Context.cs:line 2849
   at CP6.Core.EFDbContext.CP6Context.SaveChangesAsync(Boolean acceptAllChangesOnSuccess, CancellationToken cancellationToken) in D:\CP6\tmp\worktrees\db-compat-wp4-20261003\CP6.Core\EFDbContext\CP6Context.cs:line 2851
   at IdentitySqlFixture.SeedAsync() in D:\CP6\tmp\worktrees\db-compat-wp4-20261003\eng\crm\identity-events-fixture\Program.cs:line 365
   at IdentitySqlFixture.SeedAsync() in D:\CP6\tmp\worktrees\db-compat-wp4-20261003\eng\crm\identity-events-fixture\Program.cs:line 366
   at IdentitySqlFixture.ValidSnapshotsAsync() in D:\CP6\tmp\worktrees\db-compat-wp4-20261003\eng\crm\identity-events-fixture\Program.cs:line 186
   at Evidence.Case(String name, Func`1 run) in D:\CP6\tmp\worktrees\db-compat-wp4-20261003\eng\crm\identity-events-fixture\Program.cs:line 106