<?xml version="1.0" encoding="utf-8"?>
<TestRun id="3418f460-7e03-4d17-adcd-891be767e9c0" name="tt@LAPTOP-3QQ44FJS 2026-10-02 14:55:36" runUser="LAPTOP-3QQ44FJS\tt" xmlns="http://microsoft.com/schemas/VisualStudio/TeamTest/2010">
  <Times creation="2026-10-02T14:55:36.4352548-04:00" queuing="2026-10-02T14:55:36.4352551-04:00" start="2026-10-02T14:55:34.2132540-04:00" finish="2026-10-02T14:56:17.8898184-04:00" />
  <TestSettings name="default" id="e1d4b75b-cdcc-4fdf-8220-a8524f2e44be">
    <Deployment runDeploymentRoot="tt_LAPTOP-3QQ44FJS_2026-10-02_14_55_36" />
  </TestSettings>
  <Results>
    <UnitTestResult executionId="21f03b4f-23b6-43a2-899d-f00997b3a273" testId="e956c9e2-9359-5515-5806-3eeb3d3d5570" testName="CP6.Tests.Persistence.OrderModelIndexRepairTests.Complete_sql_chain_installs_each_frozen_nonunique_query_index(table: &quot;T_OrderDetail&quot;, name: &quot;IX_T_OrderDetail_HaibaiNo2_HaibaiNo3&quot;, columns: [&quot;HaibaiNo2&quot;, &quot;HaibaiNo3&quot;])" computerName="LAPTOP-3QQ44FJS" duration="00:00:00.0052739" startTime="2026-10-02T14:56:00.6018855-04:00" endTime="2026-10-02T14:56:00.6061551-04:00" testType="13cdc9d9-ddb5-4fa4-a97d-d965ccfc6d4b" outcome="Passed" testListId="8c84fa94-04c1-424b-9868-57a2d4851a1d" relativeResultsDirectory="21f03b4f-23b6-43a2-899d-f00997b3a273" />
    <UnitTestResult executionId="5b445d51-476a-4179-92f7-bdceb50a5192" testId="8ad44b71-074b-cdcc-cccf-54f9d2b0c532" testName="CP6.Tests.Persistence.OrderModelForeignKeyRepairTests.Frozen_snapshot_has_each_required_global_business_key_cascade(table: &quot;T_OrderDetail&quot;, name: &quot;FK_T_OrderDetail_T_Order_WebOrderNo&quot;, principal: &quot;T_Order&quot;, columns: [&quot;WebOrderNo&quot;])" computerName="LAPTOP-3QQ44FJS" duration="00:00:00.0001040" startTime="2026-10-02T14:55:36.1117748-04:00" endTime="2026-10-02T14:55:36.1124674-04:00" testType="13cdc9d9-ddb5-4fa4-a97d-d965ccfc6d4b" outcome="Passed" testListId="8c84fa94-04c1-424b-9868-57a2d4851a1d" relativeResultsDirectory="5b445d51-476a-4179-92f7-bdceb50a5192" />
    <UnitTestResult executionId="e4ba5b3c-08ff-4496-a667-580474c78b13" testId="4966f90f-dc34-7b76-1087-fe781bf6b866" testName="CP6.Tests.Persistence.OrderModelIndexRepairTests.Complete_sql_chain_installs_each_frozen_nonunique_query_index(table: &quot;T_PlateMold&quot;, name: &quot;IX_T_PlateMold_BaseCd_IsDeleted&quot;, columns: [&quot;BaseCd&quot;, &quot;IsDeleted&quot;])" computerName="LAPTOP-3QQ44FJS" duration="00:00:00.0054008" startTime="2026-10-02T14:56:00.5665270-04:00" endTime="2026-10-02T14:56:00.5708029-04:00" testType="13cdc9d9-ddb5-4fa4-a97d-d965ccfc6d4b" outcome="Passed" testListId="8c84fa94-04c1-424b-9868-57a2d4851a1d" relativeResultsDirectory="e4ba5b3c-08ff-4496-a667-580474c78b13" />
    <UnitTestResult executionId="fb2a412e-f8fd-4b54-9972-6adb7b37fc22" testId="fff63ca5-b3fb-b896-f04b-083800a78c05" testName="CP6.Tests.Persistence.OrderModelForeignKeyRepairTests.Frozen_snapshot_has_each_required_global_business_key_cascade(table: &quot;T_OrderProcessNote&quot;, name: &quot;FK_T_OrderProcessNote_T_OrderDetail_WebOrderNo_Web&quot;···, principal: &quot;T_OrderDetail&quot;, columns: [&quot;WebOrderNo&quot;, &quot;WebOrderDetailNo&quot;, &quot;ProductCd&quot;])" computerName="LAPTOP-3QQ44FJS" duration="00:00:00.0001214" startTime="2026-10-02T14:55:36.1117115-04:00" endTime="2026-10-02T14:55:36.1117359-04:00" testType="13cdc9d9-ddb5-4fa4-a97d-d965ccfc6d4b" outcome="Passed" testListId="8c84fa94-04c1-424b-9868-57a2d4851a1d" relativeResultsDirectory="fb2a412e-f8fd-4b54-9972-6adb7b37fc22" />
    <UnitTestResult executionId="f134e8dd-13e7-40aa-bd00-a5e824df6ff1" testId="36ffeb88-0b60-ff9a-34b4-5fcae4ad9201" testName="CP6.Tests.Persistence.OrderModelIndexRepairTests.Complete_sql_chain_installs_each_frozen_nonunique_query_index(table: &quot;T_OrderMaterial&quot;, name: &quot;IX_T_OrderMaterial_WebOrderNo_WebOrderDetailNo_Sor&quot;···, columns: [&quot;WebOrderNo&quot;, &quot;WebOrderDetailNo&quot;, &quot;SortOrder&quot;])" computerName="LAPTOP-3QQ44FJS" duration="00:00:00.0117247" startTime="2026-10-02T14:56:00.6165860-04:00" endTime="2026-10-02T14:56:00.6283100-04:00" testType="13cdc9d9-ddb5-4fa4-a97d-d965ccfc6d4b" outcome="Passed" testListId="8c84fa94-04c1-424b-9868-57a2d4851a1d" relativeResultsDirectory="f134e8dd-13e7-40aa-bd00-a5e824df6ff1" />
    <UnitTestResult executionId="2ac1c264-02b6-4be3-bf99-b3dbba947bca" testId="050c1673-3a6d-8650-9f94-3f98e4221187" testName="CP6.Tests.Persistence.OrderModelIndexRepairTests.Complete_sql_chain_installs_each_frozen_nonunique_query_index(table: &quot;T_SheetUnitPrice&quot;, name: &quot;IX_T_SheetUnitPrice_BaseCd_CustomerCd_IsDeleted&quot;, columns: [&quot;BaseCd&quot;, &quot;CustomerCd&quot;, &quot;IsDeleted&quot;])" computerName="LAPTOP-3QQ44FJS" duration="00:00:00.0050413" startTime="2026-10-02T14:56:00.6114886-04:00" endTime="2026-10-02T14:56:00.6164834-04:00" testType="13cdc9d9-ddb5-4fa4-a97d-d965ccfc6d4b" outcome="Passed" testListId="8c84fa94-04c1-424b-9868-57a2d4851a1d" relativeResultsDirectory="2ac1c264-02b6-4be3-bf99-b3dbba947bca" />
    <UnitTestResult executionId="9a292966-e5eb-4215-a701-5e4e57299255" testId="31c9718f-f957-c872-7597-8b4bb6561b24" testName="CP6.Tests.Persistence.OrderModelIndexRepairTests.Complete_sql_chain_installs_each_frozen_nonunique_query_index(table: &quot;T_SheetUnitPriceEstimate&quot;, name: &quot;IX_T_SheetUnitPriceEstimate_RevisionDate&quot;, columns: [&quot;RevisionDate&quot;])" computerName="LAPTOP-3QQ44FJS" duration="00:00:00.0051828" startTime="2026-10-02T14:56:00.5711323-04:00" endTime="2026-10-02T14:56:00.5760194-04:00" testType="13cdc9d9-ddb5-4fa4-a97d-d965ccfc6d4b" outcome="Passed" testListId="8c84fa94-04c1-424b-9868-57a2d4851a1d" relativeResultsDirectory="9a292966-e5eb-4215-a701-5e4e57299255" />
    <UnitTestResult executionId="d5c0adad-d1eb-489c-9c20-e95a775a7849" testId="860cbb71-0fe9-780b-ad5c-b974e9114769" testName="CP6.Tests.Persistence.OrderModelIndexRepairTests.Repair_rejects_other_providers_before_creating_operations_and_rejects_down" computerName="LAPTOP-3QQ44FJS" duration="00:00:00.0025235" startTime="2026-10-02T14:56:17.7276570-04:00" endTime="2026-10-02T14:56:17.7300718-04:00" testType="13cdc9d9-ddb5-4fa4-a97d-d965ccfc6d4b" outcome="Passed" testListId="8c84fa94-04c1-424b-9868-57a2d4851a1d" relativeResultsDirectory="d5c0adad-d1eb-489c-9c20-e95a775a7849" />
    <UnitTestResult executionId="bc3dd9d9-770f-41ac-820d-cae4bed0cca6" testId="87395a22-e0ec-c21e-bd2f-3402208f780e" testName="CP6.Tests.Persistence.OrderModelIndexRepairTests.Original_136_chain_does_not_install_any_of_the_21_omissions" computerName="LAPTOP-3QQ44FJS" duration="00:00:17.0513507" startTime="2026-10-02T14:56:00.6732138-04:00" endTime="2026-10-02T14:56:17.7238050-04:00" testType="13cdc9d9-ddb5-4fa4-a97d-d965ccfc6d4b" outcome="Passed" testListId="8c84fa94-04c1-424b-9868-57a2d4851a1d" relativeResultsDirectory="bc3dd9d9-770f-41ac-820d-cae4bed0cca6" />
    <UnitTestResult executionId="59ab051a-b70f-4859-af95-0c0de862713e" testId="52c28a7a-924f-aa92-d20e-fa23f5b7d435" testName="CP6.Tests.Persistence.OrderModelIndexRepairTests.Complete_sql_chain_installs_each_frozen_nonunique_query_index(table: &quot;T_PlateMold&quot;, name: &quot;IX_T_PlateMold_RepresentativeProductCd&quot;, columns: [&quot;RepresentativeProductCd&quot;])" computerName="LAPTOP-3QQ44FJS" duration="00:00:00.0050427" startTime="2026-10-02T14:56:00.6569875-04:00" endTime="2026-10-02T14:56:00.6619399-04:00" testType="13cdc9d9-ddb5-4fa4-a97d-d965ccfc6d4b" outcome="Passed" testListId="8c84fa94-04c1-424b-9868-57a2d4851a1d" relativeResultsDirectory="59ab051a-b70f-4859-af95-0c0de862713e" />
    <UnitTestResult executionId="91384e29-c04c-4dd8-b6b8-7db4bf7d3b17" testId="290a5ff5-e1b3-ae0f-6ddb-54076bcc8c5b" testName="CP6.Tests.Persistence.OrderModelForeignKeyRepairTests.Complete_chain_creates_each_missing_fk_with_check_and_frozen_actions(table: &quot;T_OrderProcessNote&quot;, name: &quot;FK_T_OrderProcessNote_T_OrderDetail_WebOrderNo_Web&quot;···, principal: &quot;T_OrderDetail&quot;, columns: [&quot;WebOrderNo&quot;, &quot;WebOrderDetailNo&quot;, &quot;ProductCd&quot;])" computerName="LAPTOP-3QQ44FJS" duration="00:00:00.0098358" startTime="2026-10-02T14:56:00.5516051-04:00" endTime="2026-10-02T14:56:00.5613384-04:00" testType="13cdc9d9-ddb5-4fa4-a97d-d965ccfc6d4b" outcome="Passed" testListId="8c84fa94-04c1-424b-9868-57a2d4851a1d" relativeResultsDirectory="91384e29-c04c-4dd8-b6b8-7db4bf7d3b17" />
    <UnitTestResult executionId="0f08ac23-b488-41ef-84dc-696db6ce1596" testId="a0e82901-2dbc-561d-066d-921b9554bd46" testName="CP6.Tests.Persistence.OrderModelIndexRepairTests.Complete_sql_chain_installs_each_frozen_nonunique_query_index(table: &quot;T_OrderDetail&quot;, name: &quot;IX_T_OrderDetail_ItemCd&quot;, columns: [&quot;ItemCd&quot;])" computerName="LAPTOP-3QQ44FJS" duration="00:00:00.0052103" startTime="2026-10-02T14:56:00.6517524-04:00" endTime="2026-10-02T14:56:00.6568771-04:00" testType="13cdc9d9-ddb5-4fa4-a97d-d965ccfc6d4b" outcome="Passed" testListId="8c84fa94-04c1-424b-9868-57a2d4851a1d" relativeResultsDirectory="0f08ac23-b488-41ef-84dc-696db6ce1596" />
    <UnitTestResult executionId="35c13c82-4417-4699-b3da-67d550a6601c" testId="a0bb0610-4514-a2ec-06df-50eede2e42c8" testName="CP6.Tests.Persistence.OrderModelForeignKeyRepairTests.Complete_chain_creates_each_missing_fk_with_check_and_frozen_actions(table: &quot;T_OrderProcess&quot;, name: &quot;FK_T_OrderProcess_T_OrderDetail_WebOrderNo_WebOrde&quot;···, principal: &quot;T_OrderDetail&quot;, columns: [&quot;WebOrderNo&quot;, &quot;WebOrderDetailNo&quot;, &quot;ProductCd&quot;])" computerName="LAPTOP-3QQ44FJS" duration="00:00:00.0133262" startTime="2026-10-02T14:56:00.5382141-04:00" endTime="2026-10-02T14:56:00.5515092-04:00" testType="13cdc9d9-ddb5-4fa4-a97d-d965ccfc6d4b" outcome="Passed" testListId="8c84fa94-04c1-424b-9868-57a2d4851a1d" relativeResultsDirectory="35c13c82-4417-4699-b3da-67d550a6601c" />
    <UnitTestResult executionId="42a91c7c-ea57-4806-87b1-3b018361c190" testId="d3dcff1e-61eb-35b6-0f7c-9f387e8a9837" testName="CP6.Tests.Persistence.OrderModelIndexRepairTests.Complete_sql_chain_installs_each_frozen_nonunique_query_index(table: &quot;T_PlateMold&quot;, name: &quot;IX_T_PlateMold_PlaceCd&quot;, columns: [&quot;PlaceCd&quot;])" computerName="LAPTOP-3QQ44FJS" duration="00:00:00.0051668" startTime="2026-10-02T14:56:00.6062481-04:00" endTime="2026-10-02T14:56:00.6113851-04:00" testType="13cdc9d9-ddb5-4fa4-a97d-d965ccfc6d4b" outcome="Passed" testListId="8c84fa94-04c1-424b-9868-57a2d4851a1d" relativeResultsDirectory="42a91c7c-ea57-4806-87b1-3b018361c190" />
    <UnitTestResult executionId="eabd8b94-fb4d-4e8b-82cb-27f554667baf" testId="4d598111-bfb1-788d-8763-6ea4a0802023" testName="CP6.Tests.Persistence.OrderModelIndexRepairTests.Complete_sql_chain_installs_each_frozen_nonunique_query_index(table: &quot;T_OrderDetail&quot;, name: &quot;IX_T_OrderDetail_ApprovalStatus_IsDeleted&quot;, columns: [&quot;ApprovalStatus&quot;, &quot;IsDeleted&quot;])" computerName="LAPTOP-3QQ44FJS" duration="00:00:00.0095087" startTime="2026-10-02T14:56:00.5506753-04:00" endTime="2026-10-02T14:56:00.5601616-04:00" testType="13cdc9d9-ddb5-4fa4-a97d-d965ccfc6d4b" outcome="Passed" testListId="8c84fa94-04c1-424b-9868-57a2d4851a1d" relativeResultsDirectory="eabd8b94-fb4d-4e8b-82cb-27f554667baf" />
    <UnitTestResult executionId="3b18db4a-0fce-48b4-8457-7e2e5dc95a8b" testId="ea1b45c6-7909-c87a-08ea-bf8e942c205c" testName="CP6.Tests.Persistence.OrderModelForeignKeyRepairTests.Frozen_snapshot_has_each_required_global_business_key_cascade(table: &quot;T_OrderMaterial&quot;, name: &quot;FK_T_OrderMaterial_T_OrderDetail_WebOrderNo_WebOrd&quot;···, principal: &quot;T_OrderDetail&quot;, columns: [&quot;WebOrderNo&quot;, &quot;WebOrderDetailNo&quot;, &quot;ProductCd&quot;])" computerName="LAPTOP-3QQ44FJS" duration="00:00:00.2712555" startTime="2026-10-02T14:55:35.8466317-04:00" endTime="2026-10-02T14:55:36.1110398-04:00" testType="13cdc9d9-ddb5-4fa4-a97d-d965ccfc6d4b" outcome="Passed" testListId="8c84fa94-04c1-424b-9868-57a2d4851a1d" relativeResultsDirectory="3b18db4a-0fce-48b4-8457-7e2e5dc95a8b" />
    <UnitTestResult executionId="5da20a9c-376f-4673-b40f-391848b1b697" testId="14ef2bcc-25d8-efa0-ab4a-62742bdf28fd" testName="CP6.Tests.Persistence.OrderModelIndexRepairTests.Complete_sql_chain_installs_each_frozen_nonunique_query_index(table: &quot;T_OrderProcess&quot;, name: &quot;IX_T_OrderProcess_ProcessCd&quot;, columns: [&quot;ProcessCd&quot;])" computerName="LAPTOP-3QQ44FJS" duration="00:00:00.0048212" startTime="2026-10-02T14:56:00.5861067-04:00" endTime="2026-10-02T14:56:00.5908724-04:00" testType="13cdc9d9-ddb5-4fa4-a97d-d965ccfc6d4b" outcome="Passed" testListId="8c84fa94-04c1-424b-9868-57a2d4851a1d" relativeResultsDirectory="5da20a9c-376f-4673-b40f-391848b1b697" />
    <UnitTestResult executionId="5791b2e9-8a0c-4deb-b015-d31ae64083da" testId="8a5a3acd-8579-0e9f-f571-e1179f0d887a" testName="CP6.Tests.Persistence.OrderModelIndexRepairTests.Complete_sql_chain_installs_each_frozen_nonunique_query_index(table: &quot;T_Order&quot;, name: &quot;IX_T_Order_OrderType_IsDeleted&quot;, columns: [&quot;OrderType&quot;, &quot;IsDeleted&quot;])" computerName="LAPTOP-3QQ44FJS" duration="00:00:00.0050863" startTime="2026-10-02T14:56:00.5602823-04:00" endTime="2026-10-02T14:56:00.5652881-04:00" testType="13cdc9d9-ddb5-4fa4-a97d-d965ccfc6d4b" outcome="Passed" testListId="8c84fa94-04c1-424b-9868-57a2d4851a1d" relativeResultsDirectory="5791b2e9-8a0c-4deb-b015-d31ae64083da" />
    <UnitTestResult executionId="3b129ba6-2c59-40d5-ab22-defe6a9af828" testId="1b896e42-68f6-4e52-d38c-1f70c7240859" testName="CP6.Tests.Persistence.OrderModelIndexRepairTests.Complete_sql_chain_installs_each_frozen_nonunique_query_index(table: &quot;T_OrderDetail&quot;, name: &quot;IX_T_OrderDetail_ProductCatBig_ProductCatMid_Produ&quot;···, columns: [&quot;ProductCatBig&quot;, &quot;ProductCatMid&quot;, &quot;ProductCatSml&quot;])" computerName="LAPTOP-3QQ44FJS" duration="00:00:00.0128520" startTime="2026-10-02T14:56:00.5377883-04:00" endTime="2026-10-02T14:56:00.5505674-04:00" testType="13cdc9d9-ddb5-4fa4-a97d-d965ccfc6d4b" outcome="Passed" testListId="8c84fa94-04c1-424b-9868-57a2d4851a1d" relativeResultsDirectory="3b129ba6-2c59-40d5-ab22-defe6a9af828" />
    <UnitTestResult executionId="a3a2f41a-5698-4542-b6cf-bbb5a6a79b40" testId="a5b7f42f-76a2-0691-22f0-bc2d603bfa57" testName="CP6.Tests.Persistence.OrderModelForeignKeyRepairTests.Original_136_chain_does_not_create_any_of_the_four_fks" computerName="LAPTOP-3QQ44FJS" duration="00:00:16.3241864" startTime="2026-10-02T14:56:00.5987585-04:00" endTime="2026-10-02T14:56:16.9229672-04:00" testType="13cdc9d9-ddb5-4fa4-a97d-d965ccfc6d4b" outcome="Passed" testListId="8c84fa94-04c1-424b-9868-57a2d4851a1d" relativeResultsDirectory="a3a2f41a-5698-4542-b6cf-bbb5a6a79b40" />
    <UnitTestResult executionId="907128c8-db12-4e1c-8d4f-f2ac222baadd" testId="0e9beaab-1ef5-885a-ffc1-b1ce2f70a941" testName="CP6.Tests.Persistence.OrderModelIndexRepairTests.Complete_sql_chain_installs_each_frozen_nonunique_query_index(table: &quot;T_OrderProcess&quot;, name: &quot;IX_T_OrderProcess_WebOrderNo_WebOrderDetailNo_Sort&quot;···, columns: [&quot;WebOrderNo&quot;, &quot;WebOrderDetailNo&quot;, &quot;SortOrder&quot;])" computerName="LAPTOP-3QQ44FJS" duration="00:00:24.6931273" startTime="2026-10-02T14:55:35.8260396-04:00" endTime="2026-10-02T14:56:00.5238458-04:00" testType="13cdc9d9-ddb5-4fa4-a97d-d965ccfc6d4b" outcome="Passed" testListId="8c84fa94-04c1-424b-9868-57a2d4851a1d" relativeResultsDirectory="907128c8-db12-4e1c-8d4f-f2ac222baadd" />
    <UnitTestResult executionId="4ac04f20-fddc-49b2-8bea-c0922639690a" testId="4261a30d-adf3-c60a-f897-81038c3b0072" testName="CP6.Tests.Persistence.OrderModelIndexRepairTests.Complete_sql_chain_installs_each_frozen_nonunique_query_index(table: &quot;T_SheetUnitPriceEstimate&quot;, name: &quot;IX_T_SheetUnitPriceEstimate_BaseCd_CustomerCd_IsDe&quot;···, columns: [&quot;BaseCd&quot;, &quot;CustomerCd&quot;, &quot;IsDeleted&quot;])" computerName="LAPTOP-3QQ44FJS" duration="00:00:00.0048830" startTime="2026-10-02T14:56:00.5909711-04:00" endTime="2026-10-02T14:56:00.5957833-04:00" testType="13cdc9d9-ddb5-4fa4-a97d-d965ccfc6d4b" outcome="Passed" testListId="8c84fa94-04c1-424b-9868-57a2d4851a1d" relativeResultsDirectory="4ac04f20-fddc-49b2-8bea-c0922639690a" />
    <UnitTestResult executionId="401fbb63-073d-42d7-a708-4cc56268851e" testId="db3b924d-ede2-e79a-cd9a-fc1ec1f27632" testName="CP6.Tests.Persistence.OrderModelIndexRepairTests.Complete_sql_chain_installs_each_frozen_nonunique_query_index(table: &quot;T_SheetUnitPrice&quot;, name: &quot;IX_T_SheetUnitPrice_RevisionDate&quot;, columns: [&quot;RevisionDate&quot;])" computerName="LAPTOP-3QQ44FJS" duration="00:00:00.0053087" startTime="2026-10-02T14:56:00.6284343-04:00" endTime="2026-10-02T14:56:00.6336658-04:00" testType="13cdc9d9-ddb5-4fa4-a97d-d965ccfc6d4b" outcome="Passed" testListId="8c84fa94-04c1-424b-9868-57a2d4851a1d" relativeResultsDirectory="401fbb63-073d-42d7-a708-4cc56268851e" />
    <UnitTestResult executionId="95a6f895-501a-40d0-b35a-d62a992f5b91" testId="cc5cd4f5-22f4-62cf-b7bf-dddd3d1087c0" testName="CP6.Tests.Persistence.OrderModelIndexRepairTests.Complete_sql_chain_installs_each_frozen_nonunique_query_index(table: &quot;T_PlateMold&quot;, name: &quot;IX_T_PlateMold_StDate_EndDate&quot;, columns: [&quot;StDate&quot;, &quot;EndDate&quot;])" computerName="LAPTOP-3QQ44FJS" duration="00:00:00.0050700" startTime="2026-10-02T14:56:00.5761156-04:00" endTime="2026-10-02T14:56:00.5811316-04:00" testType="13cdc9d9-ddb5-4fa4-a97d-d965ccfc6d4b" outcome="Passed" testListId="8c84fa94-04c1-424b-9868-57a2d4851a1d" relativeResultsDirectory="95a6f895-501a-40d0-b35a-d62a992f5b91" />
    <UnitTestResult executionId="163dc731-5001-42d7-989c-f75cf02b0510" testId="03ab4cf9-dacb-b4f8-24b9-856e8328413c" testName="CP6.Tests.Persistence.OrderModelIndexRepairTests.Same_name_guard_checks_the_complete_definition_without_destructive_ddl" computerName="LAPTOP-3QQ44FJS" duration="00:00:00.0008757" startTime="2026-10-02T14:56:17.7268518-04:00" endTime="2026-10-02T14:56:17.7274404-04:00" testType="13cdc9d9-ddb5-4fa4-a97d-d965ccfc6d4b" outcome="Passed" testListId="8c84fa94-04c1-424b-9868-57a2d4851a1d" relativeResultsDirectory="163dc731-5001-42d7-989c-f75cf02b0510" />
    <UnitTestResult executionId="a2afe927-92a3-49c3-b666-3a11f6396814" testId="2c1999bd-7042-d07f-7505-329e10741dff" testName="CP6.Tests.Persistence.OrderModelForeignKeyRepairTests.Repair_rejects_other_providers_before_operations_and_rejects_down" computerName="LAPTOP-3QQ44FJS" duration="00:00:00.0371919" startTime="2026-10-02T14:56:00.5614797-04:00" endTime="2026-10-02T14:56:00.5986332-04:00" testType="13cdc9d9-ddb5-4fa4-a97d-d965ccfc6d4b" outcome="Passed" testListId="8c84fa94-04c1-424b-9868-57a2d4851a1d" relativeResultsDirectory="a2afe927-92a3-49c3-b666-3a11f6396814" />
    <UnitTestResult executionId="ca82e4cb-0e4d-4880-9700-d2dd77327cb6" testId="1754219e-0082-7b28-d4ed-419d48cc2ff8" testName="CP6.Tests.Persistence.OrderModelIndexRepairTests.Complete_sql_chain_installs_each_frozen_nonunique_query_index(table: &quot;T_PlateMold&quot;, name: &quot;IX_T_PlateMold_ProcessCd&quot;, columns: [&quot;ProcessCd&quot;])" computerName="LAPTOP-3QQ44FJS" duration="00:00:00.0177724" startTime="2026-10-02T14:56:00.6337763-04:00" endTime="2026-10-02T14:56:00.6515879-04:00" testType="13cdc9d9-ddb5-4fa4-a97d-d965ccfc6d4b" outcome="Passed" testListId="8c84fa94-04c1-424b-9868-57a2d4851a1d" relativeResultsDirectory="ca82e4cb-0e4d-4880-9700-d2dd77327cb6" />
    <UnitTestResult executionId="4e126383-c2aa-44d5-803a-a47f7338835e" testId="e4715766-fddc-4eb6-daef-316094c7352c" testName="CP6.Tests.Persistence.OrderModelIndexRepairTests.Complete_sql_chain_installs_each_frozen_nonunique_query_index(table: &quot;T_OrderDetail&quot;, name: &quot;IX_T_OrderDetail_CustomerDeliveryDate_IsDeleted&quot;, columns: [&quot;CustomerDeliveryDate&quot;, &quot;IsDeleted&quot;])" computerName="LAPTOP-3QQ44FJS" duration="00:00:00.0151908" startTime="2026-10-02T14:56:00.5239992-04:00" endTime="2026-10-02T14:56:00.5376560-04:00" testType="13cdc9d9-ddb5-4fa4-a97d-d965ccfc6d4b" outcome="Passed" testListId="8c84fa94-04c1-424b-9868-57a2d4851a1d" relativeResultsDirectory="4e126383-c2aa-44d5-803a-a47f7338835e" />
    <UnitTestResult executionId="9987265b-a294-4ecb-9189-cde2e377bdf9" testId="bbac5df3-71c3-990b-e2c9-d7c540445b8d" testName="CP6.Tests.Persistence.OrderModelIndexRepairTests.Forward_repair_is_discovered_and_contains_only_21_transactional_sql_operations" computerName="LAPTOP-3QQ44FJS" duration="00:00:00.0026245" startTime="2026-10-02T14:56:17.7240657-04:00" endTime="2026-10-02T14:56:17.7265791-04:00" testType="13cdc9d9-ddb5-4fa4-a97d-d965ccfc6d4b" outcome="Passed" testListId="8c84fa94-04c1-424b-9868-57a2d4851a1d" relativeResultsDirectory="9987265b-a294-4ecb-9189-cde2e377bdf9" />
    <UnitTestResult executionId="c168be8a-0e87-47ce-9c08-fa127d5e181c" testId="bd96467e-ad61-8475-76ba-97f32baace17" testName="CP6.Tests.Persistence.OrderModelIndexRepairTests.Complete_sql_chain_installs_each_frozen_nonunique_query_index(table: &quot;T_PlateMold&quot;, name: &quot;IX_T_PlateMold_TypeClass&quot;, columns: [&quot;TypeClass&quot;])" computerName="LAPTOP-3QQ44FJS" duration="00:00:00.0050128" startTime="2026-10-02T14:56:00.5959174-04:00" endTime="2026-10-02T14:56:00.6008365-04:00" testType="13cdc9d9-ddb5-4fa4-a97d-d965ccfc6d4b" outcome="Passed" testListId="8c84fa94-04c1-424b-9868-57a2d4851a1d" relativeResultsDirectory="c168be8a-0e87-47ce-9c08-fa127d5e181c" />
    <UnitTestResult executionId="dd333804-f411-4130-9f09-c2e4b01f7585" testId="00706188-6790-653c-2274-aa52c5f668b5" testName="CP6.Tests.Persistence.OrderModelForeignKeyRepairTests.Complete_chain_creates_each_missing_fk_with_check_and_frozen_actions(table: &quot;T_OrderDetail&quot;, name: &quot;FK_T_OrderDetail_T_Order_WebOrderNo&quot;, principal: &quot;T_Order&quot;, columns: [&quot;WebOrderNo&quot;])" computerName="LAPTOP-3QQ44FJS" duration="00:00:00.0156063" startTime="2026-10-02T14:56:00.5239286-04:00" endTime="2026-10-02T14:56:00.5380868-04:00" testType="13cdc9d9-ddb5-4fa4-a97d-d965ccfc6d4b" outcome="Passed" testListId="8c84fa94-04c1-424b-9868-57a2d4851a1d" relativeResultsDirectory="dd333804-f411-4130-9f09-c2e4b01f7585" />
    <UnitTestResult executionId="20fc5ba5-1750-459f-a391-d059d0e82c43" testId="f21a5106-a9b4-042f-b748-afbe947899b0" testName="CP6.Tests.Persistence.OrderModelForeignKeyRepairTests.Frozen_snapshot_has_each_required_global_business_key_cascade(table: &quot;T_OrderProcess&quot;, name: &quot;FK_T_OrderProcess_T_OrderDetail_WebOrderNo_WebOrde&quot;···, principal: &quot;T_OrderDetail&quot;, columns: [&quot;WebOrderNo&quot;, &quot;WebOrderDetailNo&quot;, &quot;ProductCd&quot;])" computerName="LAPTOP-3QQ44FJS" duration="00:00:00.0005449" startTime="2026-10-02T14:55:36.1116165-04:00" endTime="2026-10-02T14:55:36.1116482-04:00" testType="13cdc9d9-ddb5-4fa4-a97d-d965ccfc6d4b" outcome="Passed" testListId="8c84fa94-04c1-424b-9868-57a2d4851a1d" relativeResultsDirectory="20fc5ba5-1750-459f-a391-d059d0e82c43" />
    <UnitTestResult executionId="2d5a86ff-948c-44bd-8de3-b7b0ed807cf1" testId="0090f46d-7db7-9793-901c-7e5aab7748fd" testName="CP6.Tests.Persistence.OrderModelForeignKeyRepairTests.Existing_object_guard_validates_each_fk_without_rewriting_data_or_constraints" computerName="LAPTOP-3QQ44FJS" duration="00:00:00.0089006" startTime="2026-10-02T14:55:35.8268386-04:00" endTime="2026-10-02T14:55:35.8398653-04:00" testType="13cdc9d9-ddb5-4fa4-a97d-d965ccfc6d4b" outcome="Passed" testListId="8c84fa94-04c1-424b-9868-57a2d4851a1d" relativeResultsDirectory="2d5a86ff-948c-44bd-8de3-b7b0ed807cf1" />
    <UnitTestResult executionId="243de146-e81d-45dd-b89b-197443da0076" testId="09371ada-14ce-1636-ab2c-1ea7f2f521fb" testName="CP6.Tests.Persistence.OrderModelIndexRepairTests.Complete_sql_chain_installs_each_frozen_nonunique_query_index(table: &quot;T_Order&quot;, name: &quot;IX_T_Order_Status_IsDeleted&quot;, columns: [&quot;Status&quot;, &quot;IsDeleted&quot;])" computerName="LAPTOP-3QQ44FJS" duration="00:00:00.0102872" startTime="2026-10-02T14:56:00.6620338-04:00" endTime="2026-10-02T14:56:00.6723137-04:00" testType="13cdc9d9-ddb5-4fa4-a97d-d965ccfc6d4b" outcome="Passed" testListId="8c84fa94-04c1-424b-9868-57a2d4851a1d" relativeResultsDirectory="243de146-e81d-45dd-b89b-197443da0076" />
    <UnitTestResult executionId="0b17a558-9ba3-40e0-a2b7-f77a06189710" testId="aec83dab-093f-d287-dc55-ff9d9cf432a8" testName="CP6.Tests.Persistence.OrderModelForeignKeyRepairTests.Forward_repair_has_exactly_four_transactional_sql_operations_and_no_model_changes" computerName="LAPTOP-3QQ44FJS" duration="00:00:00.0034155" startTime="2026-10-02T14:56:16.9234908-04:00" endTime="2026-10-02T14:56:16.9265124-04:00" testType="13cdc9d9-ddb5-4fa4-a97d-d965ccfc6d4b" outcome="Passed" testListId="8c84fa94-04c1-424b-9868-57a2d4851a1d" relativeResultsDirectory="0b17a558-9ba3-40e0-a2b7-f77a06189710" />
    <UnitTestResult executionId="a7adb58d-32f4-4a3c-887a-c212996cbb47" testId="c4b04013-7298-dd0e-798c-05a139b2a0df" testName="CP6.Tests.Persistence.OrderModelIndexRepairTests.Complete_sql_chain_installs_each_frozen_nonunique_query_index(table: &quot;T_OrderDetail&quot;, name: &quot;IX_T_OrderDetail_McTransferFlg_IsDeleted&quot;, columns: [&quot;McTransferFlg&quot;, &quot;IsDeleted&quot;])" computerName="LAPTOP-3QQ44FJS" duration="00:00:00.0047856" startTime="2026-10-02T14:56:00.5812163-04:00" endTime="2026-10-02T14:56:00.5860113-04:00" testType="13cdc9d9-ddb5-4fa4-a97d-d965ccfc6d4b" outcome="Passed" testListId="8c84fa94-04c1-424b-9868-57a2d4851a1d" relativeResultsDirectory="a7adb58d-32f4-4a3c-887a-c212996cbb47" />
    <UnitTestResult executionId="07c5b4a6-bb32-45e4-81aa-9e11153f17fa" testId="f5bca086-28b5-6fe5-f3a5-36864fae2a65" testName="CP6.Tests.Persistence.OrderModelForeignKeyRepairTests.Complete_chain_creates_each_missing_fk_with_check_and_frozen_actions(table: &quot;T_OrderMaterial&quot;, name: &quot;FK_T_OrderMaterial_T_OrderDetail_WebOrderNo_WebOrd&quot;···, principal: &quot;T_OrderDetail&quot;, columns: [&quot;WebOrderNo&quot;, &quot;WebOrderDetailNo&quot;, &quot;ProductCd&quot;])" computerName="LAPTOP-3QQ44FJS" duration="00:00:24.4103302" startTime="2026-10-02T14:55:36.1126031-04:00" endTime="2026-10-02T14:56:00.5225831-04:00" testType="13cdc9d9-ddb5-4fa4-a97d-d965ccfc6d4b" outcome="Passed" testListId="8c84fa94-04c1-424b-9868-57a2d4851a1d" relativeResultsDirectory="07c5b4a6-bb32-45e4-81aa-9e11153f17fa" />
  </Results>
  <TestDefinitions>
    <UnitTest name="CP6.Tests.Persistence.OrderModelIndexRepairTests.Complete_sql_chain_installs_each_frozen_nonunique_query_index(table: &quot;T_Order&quot;, name: &quot;IX_T_Order_Status_IsDeleted&quot;, columns: [&quot;Status&quot;, &quot;IsDeleted&quot;])" storage="d:\cp6\tmp\worktrees\bug-141-order-foreign-keys\cp6.tests\bin\debug\net8.0\cp6.tests.dll" id="09371ada-14ce-1636-ab2c-1ea7f2f521fb">
      <Execution id="243de146-e81d-45dd-b89b-197443da0076" />
      <TestMethod codeBase="D:\CP6\tmp\worktrees\bug-141-order-foreign-keys\CP6.Tests\bin\Debug\net8.0\CP6.Tests.dll" adapterTypeName="executor://xunit/VsTestRunner3/netcore/" className="CP6.Tests.Persistence.OrderModelIndexRepairTests" name="Complete_sql_chain_installs_each_frozen_nonunique_query_index" />
    </UnitTest>
    <UnitTest name="CP6.Tests.Persistence.OrderModelIndexRepairTests.Complete_sql_chain_installs_each_frozen_nonunique_query_index(table: &quot;T_PlateMold&quot;, name: &quot;IX_T_PlateMold_PlaceCd&quot;, columns: [&quot;PlaceCd&quot;])" storage="d:\cp6\tmp\worktrees\bug-141-order-foreign-keys\cp6.tests\bin\debug\net8.0\cp6.tests.dll" id="d3dcff1e-61eb-35b6-0f7c-9f387e8a9837">
      <Execution id="42a91c7c-ea57-4806-87b1-3b018361c190" />
      <TestMethod codeBase="D:\CP6\tmp\worktrees\bug-141-order-foreign-keys\CP6.Tests\bin\Debug\net8.0\CP6.Tests.dll" adapterTypeName="executor://xunit/VsTestRunner3/netcore/" className="CP6.Tests.Persistence.OrderModelIndexRepairTests" name="Complete_sql_chain_installs_each_frozen_nonunique_query_index" />
    </UnitTest>
    <UnitTest name="CP6.Tests.Persistence.OrderModelIndexRepairTests.Complete_sql_chain_installs_each_frozen_nonunique_query_index(table: &quot;T_SheetUnitPrice&quot;, name: &quot;IX_T_SheetUnitPrice_RevisionDate&quot;, columns: [&quot;RevisionDate&quot;])" storage="d:\cp6\tmp\worktrees\bug-141-order-foreign-keys\cp6.tests\bin\debug\net8.0\cp6.tests.dll" id="db3b924d-ede2-e79a-cd9a-fc1ec1f27632">
      <Execution id="401fbb63-073d-42d7-a708-4cc56268851e" />
      <TestMethod codeBase="D:\CP6\tmp\worktrees\bug-141-order-foreign-keys\CP6.Tests\bin\Debug\net8.0\CP6.Tests.dll" adapterTypeName="executor://xunit/VsTestRunner3/netcore/" className="CP6.Tests.Persistence.OrderModelIndexRepairTests" name="Complete_sql_chain_installs_each_frozen_nonunique_query_index" />
    </UnitTest>
    <UnitTest name="CP6.Tests.Persistence.OrderModelIndexRepairTests.Same_name_guard_checks_the_complete_definition_without_destructive_ddl" storage="d:\cp6\tmp\worktrees\bug-141-order-foreign-keys\cp6.tests\bin\debug\net8.0\cp6.tests.dll" id="03ab4cf9-dacb-b4f8-24b9-856e8328413c">
      <Execution id="163dc731-5001-42d7-989c-f75cf02b0510" />
      <TestMethod codeBase="D:\CP6\tmp\worktrees\bug-141-order-foreign-keys\CP6.Tests\bin\Debug\net8.0\CP6.Tests.dll" adapterTypeName="executor://xunit/VsTestRunner3/netcore/" className="CP6.Tests.Persistence.OrderModelIndexRepairTests" name="Same_name_guard_checks_the_complete_definition_without_destructive_ddl" />
    </UnitTest>
    <UnitTest name="CP6.Tests.Persistence.OrderModelIndexRepairTests.Complete_sql_chain_installs_each_frozen_nonunique_query_index(table: &quot;T_SheetUnitPrice&quot;, name: &quot;IX_T_SheetUnitPrice_BaseCd_CustomerCd_IsDeleted&quot;, columns: [&quot;BaseCd&quot;, &quot;CustomerCd&quot;, &quot;IsDeleted&quot;])" storage="d:\cp6\tmp\worktrees\bug-141-order-foreign-keys\cp6.tests\bin\debug\net8.0\cp6.tests.dll" id="050c1673-3a6d-8650-9f94-3f98e4221187">
      <Execution id="2ac1c264-02b6-4be3-bf99-b3dbba947bca" />
      <TestMethod codeBase="D:\CP6\tmp\worktrees\bug-141-order-foreign-keys\CP6.Tests\bin\Debug\net8.0\CP6.Tests.dll" adapterTypeName="executor://xunit/VsTestRunner3/netcore/" className="CP6.Tests.Persistence.OrderModelIndexRepairTests" name="Complete_sql_chain_installs_each_frozen_nonunique_query_index" />
    </UnitTest>
    <UnitTest name="CP6.Tests.Persistence.OrderModelForeignKeyRepairTests.Complete_chain_creates_each_missing_fk_with_check_and_frozen_actions(table: &quot;T_OrderDetail&quot;, name: &quot;FK_T_OrderDetail_T_Order_WebOrderNo&quot;, principal: &quot;T_Order&quot;, columns: [&quot;WebOrderNo&quot;])" storage="d:\cp6\tmp\worktrees\bug-141-order-foreign-keys\cp6.tests\bin\debug\net8.0\cp6.tests.dll" id="00706188-6790-653c-2274-aa52c5f668b5">
      <Execution id="dd333804-f411-4130-9f09-c2e4b01f7585" />
      <TestMethod codeBase="D:\CP6\tmp\worktrees\bug-141-order-foreign-keys\CP6.Tests\bin\Debug\net8.0\CP6.Tests.dll" adapterTypeName="executor://xunit/VsTestRunner3/netcore/" className="CP6.Tests.Persistence.OrderModelForeignKeyRepairTests" name="Complete_chain_creates_each_missing_fk_with_check_and_frozen_actions" />
    </UnitTest>
    <UnitTest name="CP6.Tests.Persistence.OrderModelIndexRepairTests.Forward_repair_is_discovered_and_contains_only_21_transactional_sql_operations" storage="d:\cp6\tmp\worktrees\bug-141-order-foreign-keys\cp6.tests\bin\debug\net8.0\cp6.tests.dll" id="bbac5df3-71c3-990b-e2c9-d7c540445b8d">
      <Execution id="9987265b-a294-4ecb-9189-cde2e377bdf9" />
      <TestMethod codeBase="D:\CP6\tmp\worktrees\bug-141-order-foreign-keys\CP6.Tests\bin\Debug\net8.0\CP6.Tests.dll" adapterTypeName="executor://xunit/VsTestRunner3/netcore/" className="CP6.Tests.Persistence.OrderModelIndexRepairTests" name="Forward_repair_is_discovered_and_contains_only_21_transactional_sql_operations" />
    </UnitTest>
    <UnitTest name="CP6.Tests.Persistence.OrderModelIndexRepairTests.Complete_sql_chain_installs_each_frozen_nonunique_query_index(table: &quot;T_OrderProcess&quot;, name: &quot;IX_T_OrderProcess_ProcessCd&quot;, columns: [&quot;ProcessCd&quot;])" storage="d:\cp6\tmp\worktrees\bug-141-order-foreign-keys\cp6.tests\bin\debug\net8.0\cp6.tests.dll" id="14ef2bcc-25d8-efa0-ab4a-62742bdf28fd">
      <Execution id="5da20a9c-376f-4673-b40f-391848b1b697" />
      <TestMethod codeBase="D:\CP6\tmp\worktrees\bug-141-order-foreign-keys\CP6.Tests\bin\Debug\net8.0\CP6.Tests.dll" adapterTypeName="executor://xunit/VsTestRunner3/netcore/" className="CP6.Tests.Persistence.OrderModelIndexRepairTests" name="Complete_sql_chain_installs_each_frozen_nonunique_query_index" />
    </UnitTest>
    <UnitTest name="CP6.Tests.Persistence.OrderModelForeignKeyRepairTests.Frozen_snapshot_has_each_required_global_business_key_cascade(table: &quot;T_OrderProcessNote&quot;, name: &quot;FK_T_OrderProcessNote_T_OrderDetail_WebOrderNo_Web&quot;···, principal: &quot;T_OrderDetail&quot;, columns: [&quot;WebOrderNo&quot;, &quot;WebOrderDetailNo&quot;, &quot;ProductCd&quot;])" storage="d:\cp6\tmp\worktrees\bug-141-order-foreign-keys\cp6.tests\bin\debug\net8.0\cp6.tests.dll" id="fff63ca5-b3fb-b896-f04b-083800a78c05">
      <Execution id="fb2a412e-f8fd-4b54-9972-6adb7b37fc22" />
      <TestMethod codeBase="D:\CP6\tmp\worktrees\bug-141-order-foreign-keys\CP6.Tests\bin\Debug\net8.0\CP6.Tests.dll" adapterTypeName="executor://xunit/VsTestRunner3/netcore/" className="CP6.Tests.Persistence.OrderModelForeignKeyRepairTests" name="Frozen_snapshot_has_each_required_global_business_key_cascade" />
    </UnitTest>
    <UnitTest name="CP6.Tests.Persistence.OrderModelForeignKeyRepairTests.Frozen_snapshot_has_each_required_global_business_key_cascade(table: &quot;T_OrderMaterial&quot;, name: &quot;FK_T_OrderMaterial_T_OrderDetail_WebOrderNo_WebOrd&quot;···, principal: &quot;T_OrderDetail&quot;, columns: [&quot;WebOrderNo&quot;, &quot;WebOrderDetailNo&quot;, &quot;ProductCd&quot;])" storage="d:\cp6\tmp\worktrees\bug-141-order-foreign-keys\cp6.tests\bin\debug\net8.0\cp6.tests.dll" id="ea1b45c6-7909-c87a-08ea-bf8e942c205c">
      <Execution id="3b18db4a-0fce-48b4-8457-7e2e5dc95a8b" />
      <TestMethod codeBase="D:\CP6\tmp\worktrees\bug-141-order-foreign-keys\CP6.Tests\bin\Debug\net8.0\CP6.Tests.dll" adapterTypeName="executor://xunit/VsTestRunner3/netcore/" className="CP6.Tests.Persistence.OrderModelForeignKeyRepairTests" name="Frozen_snapshot_has_each_required_global_business_key_cascade" />
    </UnitTest>
    <UnitTest name="CP6.Tests.Persistence.OrderModelIndexRepairTests.Complete_sql_chain_installs_each_frozen_nonunique_query_index(table: &quot;T_OrderDetail&quot;, name: &quot;IX_T_OrderDetail_CustomerDeliveryDate_IsDeleted&quot;, columns: [&quot;CustomerDeliveryDate&quot;, &quot;IsDeleted&quot;])" storage="d:\cp6\tmp\worktrees\bug-141-order-foreign-keys\cp6.tests\bin\debug\net8.0\cp6.tests.dll" id="e4715766-fddc-4eb6-daef-316094c7352c">
      <Execution id="4e126383-c2aa-44d5-803a-a47f7338835e" />
      <TestMethod codeBase="D:\CP6\tmp\worktrees\bug-141-order-foreign-keys\CP6.Tests\bin\Debug\net8.0\CP6.Tests.dll" adapterTypeName="executor://xunit/VsTestRunner3/netcore/" className="CP6.Tests.Persistence.OrderModelIndexRepairTests" name="Complete_sql_chain_installs_each_frozen_nonunique_query_index" />
    </UnitTest>
    <UnitTest name="CP6.Tests.Persistence.OrderModelIndexRepairTests.Complete_sql_chain_installs_each_frozen_nonunique_query_index(table: &quot;T_PlateMold&quot;, name: &quot;IX_T_PlateMold_StDate_EndDate&quot;, columns: [&quot;StDate&quot;, &quot;EndDate&quot;])" storage="d:\cp6\tmp\worktrees\bug-141-order-foreign-keys\cp6.tests\bin\debug\net8.0\cp6.tests.dll" id="cc5cd4f5-22f4-62cf-b7bf-dddd3d1087c0">
      <Execution id="95a6f895-501a-40d0-b35a-d62a992f5b91" />
      <TestMethod codeBase="D:\CP6\tmp\worktrees\bug-141-order-foreign-keys\CP6.Tests\bin\Debug\net8.0\CP6.Tests.dll" adapterTypeName="executor://xunit/VsTestRunner3/netcore/" className="CP6.Tests.Persistence.OrderModelIndexRepairTests" name="Complete_sql_chain_installs_each_frozen_nonunique_query_index" />
    </UnitTest>
    <UnitTest name="CP6.Tests.Persistence.OrderModelIndexRepairTests.Complete_sql_chain_installs_each_frozen_nonunique_query_index(table: &quot;T_PlateMold&quot;, name: &quot;IX_T_PlateMold_BaseCd_IsDeleted&quot;, columns: [&quot;BaseCd&quot;, &quot;IsDeleted&quot;])" storage="d:\cp6\tmp\worktrees\bug-141-order-foreign-keys\cp6.tests\bin\debug\net8.0\cp6.tests.dll" id="4966f90f-dc34-7b76-1087-fe781bf6b866">
      <Execution id="e4ba5b3c-08ff-4496-a667-580474c78b13" />
      <TestMethod codeBase="D:\CP6\tmp\worktrees\bug-141-order-foreign-keys\CP6.Tests\bin\Debug\net8.0\CP6.Tests.dll" adapterTypeName="executor://xunit/VsTestRunner3/netcore/" className="CP6.Tests.Persistence.OrderModelIndexRepairTests" name="Complete_sql_chain_installs_each_frozen_nonunique_query_index" />
    </UnitTest>
    <UnitTest name="CP6.Tests.Persistence.OrderModelIndexRepairTests.Complete_sql_chain_installs_each_frozen_nonunique_query_index(table: &quot;T_OrderMaterial&quot;, name: &quot;IX_T_OrderMaterial_WebOrderNo_WebOrderDetailNo_Sor&quot;···, columns: [&quot;WebOrderNo&quot;, &quot;WebOrderDetailNo&quot;, &quot;SortOrder&quot;])" storage="d:\cp6\tmp\worktrees\bug-141-order-foreign-keys\cp6.tests\bin\debug\net8.0\cp6.tests.dll" id="36ffeb88-0b60-ff9a-34b4-5fcae4ad9201">
      <Execution id="f134e8dd-13e7-40aa-bd00-a5e824df6ff1" />
      <TestMethod codeBase="D:\CP6\tmp\worktrees\bug-141-order-foreign-keys\CP6.Tests\bin\Debug\net8.0\CP6.Tests.dll" adapterTypeName="executor://xunit/VsTestRunner3/netcore/" className="CP6.Tests.Persistence.OrderModelIndexRepairTests" name="Complete_sql_chain_installs_each_frozen_nonunique_query_index" />
    </UnitTest>
    <UnitTest name="CP6.Tests.Persistence.OrderModelIndexRepairTests.Complete_sql_chain_installs_each_frozen_nonunique_query_index(table: &quot;T_PlateMold&quot;, name: &quot;IX_T_PlateMold_ProcessCd&quot;, columns: [&quot;ProcessCd&quot;])" storage="d:\cp6\tmp\worktrees\bug-141-order-foreign-keys\cp6.tests\bin\debug\net8.0\cp6.tests.dll" id="1754219e-0082-7b28-d4ed-419d48cc2ff8">
      <Execution id="ca82e4cb-0e4d-4880-9700-d2dd77327cb6" />
      <TestMethod codeBase="D:\CP6\tmp\worktrees\bug-141-order-foreign-keys\CP6.Tests\bin\Debug\net8.0\CP6.Tests.dll" adapterTypeName="executor://xunit/VsTestRunner3/netcore/" className="CP6.Tests.Persistence.OrderModelIndexRepairTests" name="Complete_sql_chain_installs_each_frozen_nonunique_query_index" />
    </UnitTest>
    <UnitTest name="CP6.Tests.Persistence.OrderModelIndexRepairTests.Repair_rejects_other_providers_before_creating_operations_and_rejects_down" storage="d:\cp6\tmp\worktrees\bug-141-order-foreign-keys\cp6.tests\bin\debug\net8.0\cp6.tests.dll" id="860cbb71-0fe9-780b-ad5c-b974e9114769">
      <Execution id="d5c0adad-d1eb-489c-9c20-e95a775a7849" />
      <TestMethod codeBase="D:\CP6\tmp\worktrees\bug-141-order-foreign-keys\CP6.Tests\bin\Debug\net8.0\CP6.Tests.dll" adapterTypeName="executor://xunit/VsTestRunner3/netcore/" className="CP6.Tests.Persistence.OrderModelIndexRepairTests" name="Repair_rejects_other_providers_before_creating_operations_and_rejects_down" />
    </UnitTest>
    <UnitTest name="CP6.Tests.Persistence.OrderModelIndexRepairTests.Complete_sql_chain_installs_each_frozen_nonunique_query_index(table: &quot;T_OrderProcess&quot;, name: &quot;IX_T_OrderProcess_WebOrderNo_WebOrderDetailNo_Sort&quot;···, columns: [&quot;WebOrderNo&quot;, &quot;WebOrderDetailNo&quot;, &quot;SortOrder&quot;])" storage="d:\cp6\tmp\worktrees\bug-141-order-foreign-keys\cp6.tests\bin\debug\net8.0\cp6.tests.dll" id="0e9beaab-1ef5-885a-ffc1-b1ce2f70a941">
      <Execution id="907128c8-db12-4e1c-8d4f-f2ac222baadd" />
      <TestMethod codeBase="D:\CP6\tmp\worktrees\bug-141-order-foreign-keys\CP6.Tests\bin\Debug\net8.0\CP6.Tests.dll" adapterTypeName="executor://xunit/VsTestRunner3/netcore/" className="CP6.Tests.Persistence.OrderModelIndexRepairTests" name="Complete_sql_chain_installs_each_frozen_nonunique_query_index" />
    </UnitTest>
    <UnitTest name="CP6.Tests.Persistence.OrderModelIndexRepairTests.Complete_sql_chain_installs_each_frozen_nonunique_query_index(table: &quot;T_PlateMold&quot;, name: &quot;IX_T_PlateMold_RepresentativeProductCd&quot;, columns: [&quot;RepresentativeProductCd&quot;])" storage="d:\cp6\tmp\worktrees\bug-141-order-foreign-keys\cp6.tests\bin\debug\net8.0\cp6.tests.dll" id="52c28a7a-924f-aa92-d20e-fa23f5b7d435">
      <Execution id="59ab051a-b70f-4859-af95-0c0de862713e" />
      <TestMethod codeBase="D:\CP6\tmp\worktrees\bug-141-order-foreign-keys\CP6.Tests\bin\Debug\net8.0\CP6.Tests.dll" adapterTypeName="executor://xunit/VsTestRunner3/netcore/" className="CP6.Tests.Persistence.OrderModelIndexRepairTests" name="Complete_sql_chain_installs_each_frozen_nonunique_query_index" />
    </UnitTest>
    <UnitTest name="CP6.Tests.Persistence.OrderModelIndexRepairTests.Complete_sql_chain_installs_each_frozen_nonunique_query_index(table: &quot;T_SheetUnitPriceEstimate&quot;, name: &quot;IX_T_SheetUnitPriceEstimate_BaseCd_CustomerCd_IsDe&quot;···, columns: [&quot;BaseCd&quot;, &quot;CustomerCd&quot;, &quot;IsDeleted&quot;])" storage="d:\cp6\tmp\worktrees\bug-141-order-foreign-keys\cp6.tests\bin\debug\net8.0\cp6.tests.dll" id="4261a30d-adf3-c60a-f897-81038c3b0072">
      <Execution id="4ac04f20-fddc-49b2-8bea-c0922639690a" />
      <TestMethod codeBase="D:\CP6\tmp\worktrees\bug-141-order-foreign-keys\CP6.Tests\bin\Debug\net8.0\CP6.Tests.dll" adapterTypeName="executor://xunit/VsTestRunner3/netcore/" className="CP6.Tests.Persistence.OrderModelIndexRepairTests" name="Complete_sql_chain_installs_each_frozen_nonunique_query_index" />
    </UnitTest>
    <UnitTest name="CP6.Tests.Persistence.OrderModelIndexRepairTests.Complete_sql_chain_installs_each_frozen_nonunique_query_index(table: &quot;T_OrderDetail&quot;, name: &quot;IX_T_OrderDetail_McTransferFlg_IsDeleted&quot;, columns: [&quot;McTransferFlg&quot;, &quot;IsDeleted&quot;])" storage="d:\cp6\tmp\worktrees\bug-141-order-foreign-keys\cp6.tests\bin\debug\net8.0\cp6.tests.dll" id="c4b04013-7298-dd0e-798c-05a139b2a0df">
      <Execution id="a7adb58d-32f4-4a3c-887a-c212996cbb47" />
      <TestMethod codeBase="D:\CP6\tmp\worktrees\bug-141-order-foreign-keys\CP6.Tests\bin\Debug\net8.0\CP6.Tests.dll" adapterTypeName="executor://xunit/VsTestRunner3/netcore/" className="CP6.Tests.Persistence.OrderModelIndexRepairTests" name="Complete_sql_chain_installs_each_frozen_nonunique_query_index" />
    </UnitTest>
    <UnitTest name="CP6.Tests.Persistence.OrderModelForeignKeyRepairTests.Complete_chain_creates_each_missing_fk_with_check_and_frozen_actions(table: &quot;T_OrderMaterial&quot;, name: &quot;FK_T_OrderMaterial_T_OrderDetail_WebOrderNo_WebOrd&quot;···, principal: &quot;T_OrderDetail&quot;, columns: [&quot;WebOrderNo&quot;, &quot;WebOrderDetailNo&quot;, &quot;ProductCd&quot;])" storage="d:\cp6\tmp\worktrees\bug-141-order-foreign-keys\cp6.tests\bin\debug\net8.0\cp6.tests.dll" id="f5bca086-28b5-6fe5-f3a5-36864fae2a65">
      <Execution id="07c5b4a6-bb32-45e4-81aa-9e11153f17fa" />
      <TestMethod codeBase="D:\CP6\tmp\worktrees\bug-141-order-foreign-keys\CP6.Tests\bin\Debug\net8.0\CP6.Tests.dll" adapterTypeName="executor://xunit/VsTestRunner3/netcore/" className="CP6.Tests.Persistence.OrderModelForeignKeyRepairTests" name="Complete_chain_creates_each_missing_fk_with_check_and_frozen_actions" />
    </UnitTest>
    <UnitTest name="CP6.Tests.Persistence.OrderModelIndexRepairTests.Complete_sql_chain_installs_each_frozen_nonunique_query_index(table: &quot;T_OrderDetail&quot;, name: &quot;IX_T_OrderDetail_ProductCatBig_ProductCatMid_Produ&quot;···, columns: [&quot;ProductCatBig&quot;, &quot;ProductCatMid&quot;, &quot;ProductCatSml&quot;])" storage="d:\cp6\tmp\worktrees\bug-141-order-foreign-keys\cp6.tests\bin\debug\net8.0\cp6.tests.dll" id="1b896e42-68f6-4e52-d38c-1f70c7240859">
      <Execution id="3b129ba6-2c59-40d5-ab22-defe6a9af828" />
      <TestMethod codeBase="D:\CP6\tmp\worktrees\bug-141-order-foreign-keys\CP6.Tests\bin\Debug\net8.0\CP6.Tests.dll" adapterTypeName="executor://xunit/VsTestRunner3/netcore/" className="CP6.Tests.Persistence.OrderModelIndexRepairTests" name="Complete_sql_chain_installs_each_frozen_nonunique_query_index" />
    </UnitTest>
    <UnitTest name="CP6.Tests.Persistence.OrderModelForeignKeyRepairTests.Forward_repair_has_exactly_four_transactional_sql_operations_and_no_model_changes" storage="d:\cp6\tmp\worktrees\bug-141-order-foreign-keys\cp6.tests\bin\debug\net8.0\cp6.tests.dll" id="aec83dab-093f-d287-dc55-ff9d9cf432a8">
      <Execution id="0b17a558-9ba3-40e0-a2b7-f77a06189710" />
      <TestMethod codeBase="D:\CP6\tmp\worktrees\bug-141-order-foreign-keys\CP6.Tests\bin\Debug\net8.0\CP6.Tests.dll" adapterTypeName="executor://xunit/VsTestRunner3/netcore/" className="CP6.Tests.Persistence.OrderModelForeignKeyRepairTests" name="Forward_repair_has_exactly_four_transactional_sql_operations_and_no_model_changes" />
    </UnitTest>
    <UnitTest name="CP6.Tests.Persistence.OrderModelIndexRepairTests.Complete_sql_chain_installs_each_frozen_nonunique_query_index(table: &quot;T_OrderDetail&quot;, name: &quot;IX_T_OrderDetail_ItemCd&quot;, columns: [&quot;ItemCd&quot;])" storage="d:\cp6\tmp\worktrees\bug-141-order-foreign-keys\cp6.tests\bin\debug\net8.0\cp6.tests.dll" id="a0e82901-2dbc-561d-066d-921b9554bd46">
      <Execution id="0f08ac23-b488-41ef-84dc-696db6ce1596" />
      <TestMethod codeBase="D:\CP6\tmp\worktrees\bug-141-order-foreign-keys\CP6.Tests\bin\Debug\net8.0\CP6.Tests.dll" adapterTypeName="executor://xunit/VsTestRunner3/netcore/" className="CP6.Tests.Persistence.OrderModelIndexRepairTests" name="Complete_sql_chain_installs_each_frozen_nonunique_query_index" />
    </UnitTest>
    <UnitTest name="CP6.Tests.Persistence.OrderModelForeignKeyRepairTests.Complete_chain_creates_each_missing_fk_with_check_and_frozen_actions(table: &quot;T_OrderProcessNote&quot;, name: &quot;FK_T_OrderProcessNote_T_OrderDetail_WebOrderNo_Web&quot;···, principal: &quot;T_OrderDetail&quot;, columns: [&quot;WebOrderNo&quot;, &quot;WebOrderDetailNo&quot;, &quot;ProductCd&quot;])" storage="d:\cp6\tmp\worktrees\bug-141-order-foreign-keys\cp6.tests\bin\debug\net8.0\cp6.tests.dll" id="290a5ff5-e1b3-ae0f-6ddb-54076bcc8c5b">
      <Execution id="91384e29-c04c-4dd8-b6b8-7db4bf7d3b17" />
      <TestMethod codeBase="D:\CP6\tmp\worktrees\bug-141-order-foreign-keys\CP6.Tests\bin\Debug\net8.0\CP6.Tests.dll" adapterTypeName="executor://xunit/VsTestRunner3/netcore/" className="CP6.Tests.Persistence.OrderModelForeignKeyRepairTests" name="Complete_chain_creates_each_missing_fk_with_check_and_frozen_actions" />
    </UnitTest>
    <UnitTest name="CP6.Tests.Persistence.OrderModelIndexRepairTests.Complete_sql_chain_installs_each_frozen_nonunique_query_index(table: &quot;T_SheetUnitPriceEstimate&quot;, name: &quot;IX_T_SheetUnitPriceEstimate_RevisionDate&quot;, columns: [&quot;RevisionDate&quot;])" storage="d:\cp6\tmp\worktrees\bug-141-order-foreign-keys\cp6.tests\bin\debug\net8.0\cp6.tests.dll" id="31c9718f-f957-c872-7597-8b4bb6561b24">
      <Execution id="9a292966-e5eb-4215-a701-5e4e57299255" />
      <TestMethod codeBase="D:\CP6\tmp\worktrees\bug-141-order-foreign-keys\CP6.Tests\bin\Debug\net8.0\CP6.Tests.dll" adapterTypeName="executor://xunit/VsTestRunner3/netcore/" className="CP6.Tests.Persistence.OrderModelIndexRepairTests" name="Complete_sql_chain_installs_each_frozen_nonunique_query_index" />
    </UnitTest>
    <UnitTest name="CP6.Tests.Persistence.OrderModelIndexRepairTests.Complete_sql_chain_installs_each_frozen_nonunique_query_index(table: &quot;T_OrderDetail&quot;, name: &quot;IX_T_OrderDetail_HaibaiNo2_HaibaiNo3&quot;, columns: [&quot;HaibaiNo2&quot;, &quot;HaibaiNo3&quot;])" storage="d:\cp6\tmp\worktrees\bug-141-order-foreign-keys\cp6.tests\bin\debug\net8.0\cp6.tests.dll" id="e956c9e2-9359-5515-5806-3eeb3d3d5570">
      <Execution id="21f03b4f-23b6-43a2-899d-f00997b3a273" />
      <TestMethod codeBase="D:\CP6\tmp\worktrees\bug-141-order-foreign-keys\CP6.Tests\bin\Debug\net8.0\CP6.Tests.dll" adapterTypeName="executor://xunit/VsTestRunner3/netcore/" className="CP6.Tests.Persistence.OrderModelIndexRepairTests" name="Complete_sql_chain_installs_each_frozen_nonunique_query_index" />
    </UnitTest>
    <UnitTest name="CP6.Tests.Persistence.OrderModelIndexRepairTests.Original_136_chain_does_not_install_any_of_the_21_omissions" storage="d:\cp6\tmp\worktrees\bug-141-order-foreign-keys\cp6.tests\bin\debug\net8.0\cp6.tests.dll" id="87395a22-e0ec-c21e-bd2f-3402208f780e">
      <Execution id="bc3dd9d9-770f-41ac-820d-cae4bed0cca6" />
      <TestMethod codeBase="D:\CP6\tmp\worktrees\bug-141-order-foreign-keys\CP6.Tests\bin\Debug\net8.0\CP6.Tests.dll" adapterTypeName="executor://xunit/VsTestRunner3/netcore/" className="CP6.Tests.Persistence.OrderModelIndexRepairTests" name="Original_136_chain_does_not_install_any_of_the_21_omissions" />
    </UnitTest>
    <UnitTest name="CP6.Tests.Persistence.OrderModelForeignKeyRepairTests.Frozen_snapshot_has_each_required_global_business_key_cascade(table: &quot;T_OrderProcess&quot;, name: &quot;FK_T_OrderProcess_T_OrderDetail_WebOrderNo_WebOrde&quot;···, principal: &quot;T_OrderDetail&quot;, columns: [&quot;WebOrderNo&quot;, &quot;WebOrderDetailNo&quot;, &quot;ProductCd&quot;])" storage="d:\cp6\tmp\worktrees\bug-141-order-foreign-keys\cp6.tests\bin\debug\net8.0\cp6.tests.dll" id="f21a5106-a9b4-042f-b748-afbe947899b0">
      <Execution id="20fc5ba5-1750-459f-a391-d059d0e82c43" />
      <TestMethod codeBase="D:\CP6\tmp\worktrees\bug-141-order-foreign-keys\CP6.Tests\bin\Debug\net8.0\CP6.Tests.dll" adapterTypeName="executor://xunit/VsTestRunner3/netcore/" className="CP6.Tests.Persistence.OrderModelForeignKeyRepairTests" name="Frozen_snapshot_has_each_required_global_business_key_cascade" />
    </UnitTest>
    <UnitTest name="CP6.Tests.Persistence.OrderModelForeignKeyRepairTests.Complete_chain_creates_each_missing_fk_with_check_and_frozen_actions(table: &quot;T_OrderProcess&quot;, name: &quot;FK_T_OrderProcess_T_OrderDetail_WebOrderNo_WebOrde&quot;···, principal: &quot;T_OrderDetail&quot;, columns: [&quot;WebOrderNo&quot;, &quot;WebOrderDetailNo&quot;, &quot;ProductCd&quot;])" storage="d:\cp6\tmp\worktrees\bug-141-order-foreign-keys\cp6.tests\bin\debug\net8.0\cp6.tests.dll" id="a0bb0610-4514-a2ec-06df-50eede2e42c8">
      <Execution id="35c13c82-4417-4699-b3da-67d550a6601c" />
      <TestMethod codeBase="D:\CP6\tmp\worktrees\bug-141-order-foreign-keys\CP6.Tests\bin\Debug\net8.0\CP6.Tests.dll" adapterTypeName="executor://xunit/VsTestRunner3/netcore/" className="CP6.Tests.Persistence.OrderModelForeignKeyRepairTests" name="Complete_chain_creates_each_missing_fk_with_check_and_frozen_actions" />
    </UnitTest>
    <UnitTest name="CP6.Tests.Persistence.OrderModelForeignKeyRepairTests.Frozen_snapshot_has_each_required_global_business_key_cascade(table: &quot;T_OrderDetail&quot;, name: &quot;FK_T_OrderDetail_T_Order_WebOrderNo&quot;, principal: &quot;T_Order&quot;, columns: [&quot;WebOrderNo&quot;])" storage="d:\cp6\tmp\worktrees\bug-141-order-foreign-keys\cp6.tests\bin\debug\net8.0\cp6.tests.dll" id="8ad44b71-074b-cdcc-cccf-54f9d2b0c532">
      <Execution id="5b445d51-476a-4179-92f7-bdceb50a5192" />
      <TestMethod codeBase="D:\CP6\tmp\worktrees\bug-141-order-foreign-keys\CP6.Tests\bin\Debug\net8.0\CP6.Tests.dll" adapterTypeName="executor://xunit/VsTestRunner3/netcore/" className="CP6.Tests.Persistence.OrderModelForeignKeyRepairTests" name="Frozen_snapshot_has_each_required_global_business_key_cascade" />
    </UnitTest>
    <UnitTest name="CP6.Tests.Persistence.OrderModelForeignKeyRepairTests.Original_136_chain_does_not_create_any_of_the_four_fks" storage="d:\cp6\tmp\worktrees\bug-141-order-foreign-keys\cp6.tests\bin\debug\net8.0\cp6.tests.dll" id="a5b7f42f-76a2-0691-22f0-bc2d603bfa57">
      <Execution id="a3a2f41a-5698-4542-b6cf-bbb5a6a79b40" />
      <TestMethod codeBase="D:\CP6\tmp\worktrees\bug-141-order-foreign-keys\CP6.Tests\bin\Debug\net8.0\CP6.Tests.dll" adapterTypeName="executor://xunit/VsTestRunner3/netcore/" className="CP6.Tests.Persistence.OrderModelForeignKeyRepairTests" name="Original_136_chain_does_not_create_any_of_the_four_fks" />
    </UnitTest>
    <UnitTest name="CP6.Tests.Persistence.OrderModelForeignKeyRepairTests.Repair_rejects_other_providers_before_operations_and_rejects_down" storage="d:\cp6\tmp\worktrees\bug-141-order-foreign-keys\cp6.tests\bin\debug\net8.0\cp6.tests.dll" id="2c1999bd-7042-d07f-7505-329e10741dff">
      <Execution id="a2afe927-92a3-49c3-b666-3a11f6396814" />
      <TestMethod codeBase="D:\CP6\tmp\worktrees\bug-141-order-foreign-keys\CP6.Tests\bin\Debug\net8.0\CP6.Tests.dll" adapterTypeName="executor://xunit/VsTestRunner3/netcore/" className="CP6.Tests.Persistence.OrderModelForeignKeyRepairTests" name="Repair_rejects_other_providers_before_operations_and_rejects_down" />
    </UnitTest>
    <UnitTest name="CP6.Tests.Persistence.OrderModelForeignKeyRepairTests.Existing_object_guard_validates_each_fk_without_rewriting_data_or_constraints" storage="d:\cp6\tmp\worktrees\bug-141-order-foreign-keys\cp6.tests\bin\debug\net8.0\cp6.tests.dll" id="0090f46d-7db7-9793-901c-7e5aab7748fd">
      <Execution id="2d5a86ff-948c-44bd-8de3-b7b0ed807cf1" />
      <TestMethod codeBase="D:\CP6\tmp\worktrees\bug-141-order-foreign-keys\CP6.Tests\bin\Debug\net8.0\CP6.Tests.dll" adapterTypeName="executor://xunit/VsTestRunner3/netcore/" className="CP6.Tests.Persistence.OrderModelForeignKeyRepairTests" name="Existing_object_guard_validates_each_fk_without_rewriting_data_or_constraints" />
    </UnitTest>
    <UnitTest name="CP6.Tests.Persistence.OrderModelIndexRepairTests.Complete_sql_chain_installs_each_frozen_nonunique_query_index(table: &quot;T_PlateMold&quot;, name: &quot;IX_T_PlateMold_TypeClass&quot;, columns: [&quot;TypeClass&quot;])" storage="d:\cp6\tmp\worktrees\bug-141-order-foreign-keys\cp6.tests\bin\debug\net8.0\cp6.tests.dll" id="bd96467e-ad61-8475-76ba-97f32baace17">
      <Execution id="c168be8a-0e87-47ce-9c08-fa127d5e181c" />
      <TestMethod codeBase="D:\CP6\tmp\worktrees\bug-141-order-foreign-keys\CP6.Tests\bin\Debug\net8.0\CP6.Tests.dll" adapterTypeName="executor://xunit/VsTestRunner3/netcore/" className="CP6.Tests.Persistence.OrderModelIndexRepairTests" name="Complete_sql_chain_installs_each_frozen_nonunique_query_index" />
    </UnitTest>
    <UnitTest name="CP6.Tests.Persistence.OrderModelIndexRepairTests.Complete_sql_chain_installs_each_frozen_nonunique_query_index(table: &quot;T_OrderDetail&quot;, name: &quot;IX_T_OrderDetail_ApprovalStatus_IsDeleted&quot;, columns: [&quot;ApprovalStatus&quot;, &quot;IsDeleted&quot;])" storage="d:\cp6\tmp\worktrees\bug-141-order-foreign-keys\cp6.tests\bin\debug\net8.0\cp6.tests.dll" id="4d598111-bfb1-788d-8763-6ea4a0802023">
      <Execution id="eabd8b94-fb4d-4e8b-82cb-27f554667baf" />
      <TestMethod codeBase="D:\CP6\tmp\worktrees\bug-141-order-foreign-keys\CP6.Tests\bin\Debug\net8.0\CP6.Tests.dll" adapterTypeName="executor://xunit/VsTestRunner3/netcore/" className="CP6.Tests.Persistence.OrderModelIndexRepairTests" name="Complete_sql_chain_installs_each_frozen_nonunique_query_index" />
    </UnitTest>
    <UnitTest name="CP6.Tests.Persistence.OrderModelIndexRepairTests.Complete_sql_chain_installs_each_frozen_nonunique_query_index(table: &quot;T_Order&quot;, name: &quot;IX_T_Order_OrderType_IsDeleted&quot;, columns: [&quot;OrderType&quot;, &quot;IsDeleted&quot;])" storage="d:\cp6\tmp\worktrees\bug-141-order-foreign-keys\cp6.tests\bin\debug\net8.0\cp6.tests.dll" id="8a5a3acd-8579-0e9f-f571-e1179f0d887a">
      <Execution id="5791b2e9-8a0c-4deb-b015-d31ae64083da" />
      <TestMethod codeBase="D:\CP6\tmp\worktrees\bug-141-order-foreign-keys\CP6.Tests\bin\Debug\net8.0\CP6.Tests.dll" adapterTypeName="executor://xunit/VsTestRunner3/netcore/" className="CP6.Tests.Persistence.OrderModelIndexRepairTests" name="Complete_sql_chain_installs_each_frozen_nonunique_query_index" />
    </UnitTest>
  </TestDefinitions>
  <TestEntries>
    <TestEntry testId="e956c9e2-9359-5515-5806-3eeb3d3d5570" executionId="21f03b4f-23b6-43a2-899d-f00997b3a273" testListId="8c84fa94-04c1-424b-9868-57a2d4851a1d" />
    <TestEntry testId="8ad44b71-074b-cdcc-cccf-54f9d2b0c532" executionId="5b445d51-476a-4179-92f7-bdceb50a5192" testListId="8c84fa94-04c1-424b-9868-57a2d4851a1d" />
    <TestEntry testId="4966f90f-dc34-7b76-1087-fe781bf6b866" executionId="e4ba5b3c-08ff-4496-a667-580474c78b13" testListId="8c84fa94-04c1-424b-9868-57a2d4851a1d" />
    <TestEntry testId="fff63ca5-b3fb-b896-f04b-083800a78c05" executionId="fb2a412e-f8fd-4b54-9972-6adb7b37fc22" testListId="8c84fa94-04c1-424b-9868-57a2d4851a1d" />
    <TestEntry testId="36ffeb88-0b60-ff9a-34b4-5fcae4ad9201" executionId="f134e8dd-13e7-40aa-bd00-a5e824df6ff1" testListId="8c84fa94-04c1-424b-9868-57a2d4851a1d" />
    <TestEntry testId="050c1673-3a6d-8650-9f94-3f98e4221187" executionId="2ac1c264-02b6-4be3-bf99-b3dbba947bca" testListId="8c84fa94-04c1-424b-9868-57a2d4851a1d" />
    <TestEntry testId="31c9718f-f957-c872-7597-8b4bb6561b24" executionId="9a292966-e5eb-4215-a701-5e4e57299255" testListId="8c84fa94-04c1-424b-9868-57a2d4851a1d" />
    <TestEntry testId="860cbb71-0fe9-780b-ad5c-b974e9114769" executionId="d5c0adad-d1eb-489c-9c20-e95a775a7849" testListId="8c84fa94-04c1-424b-9868-57a2d4851a1d" />
    <TestEntry testId="87395a22-e0ec-c21e-bd2f-3402208f780e" executionId="bc3dd9d9-770f-41ac-820d-cae4bed0cca6" testListId="8c84fa94-04c1-424b-9868-57a2d4851a1d" />
    <TestEntry testId="52c28a7a-924f-aa92-d20e-fa23f5b7d435" executionId="59ab051a-b70f-4859-af95-0c0de862713e" testListId="8c84fa94-04c1-424b-9868-57a2d4851a1d" />
    <TestEntry testId="290a5ff5-e1b3-ae0f-6ddb-54076bcc8c5b" executionId="91384e29-c04c-4dd8-b6b8-7db4bf7d3b17" testListId="8c84fa94-04c1-424b-9868-57a2d4851a1d" />
    <TestEntry testId="a0e82901-2dbc-561d-066d-921b9554bd46" executionId="0f08ac23-b488-41ef-84dc-696db6ce1596" testListId="8c84fa94-04c1-424b-9868-57a2d4851a1d" />
    <TestEntry testId="a0bb0610-4514-a2ec-06df-50eede2e42c8" executionId="35c13c82-4417-4699-b3da-67d550a6601c" testListId="8c84fa94-04c1-424b-9868-57a2d4851a1d" />
    <TestEntry testId="d3dcff1e-61eb-35b6-0f7c-9f387e8a9837" executionId="42a91c7c-ea57-4806-87b1-3b018361c190" testListId="8c84fa94-04c1-424b-9868-57a2d4851a1d" />
    <TestEntry testId="4d598111-bfb1-788d-8763-6ea4a0802023" executionId="eabd8b94-fb4d-4e8b-82cb-27f554667baf" testListId="8c84fa94-04c1-424b-9868-57a2d4851a1d" />
    <TestEntry testId="ea1b45c6-7909-c87a-08ea-bf8e942c205c" executionId="3b18db4a-0fce-48b4-8457-7e2e5dc95a8b" testListId="8c84fa94-04c1-424b-9868-57a2d4851a1d" />
    <TestEntry testId="14ef2bcc-25d8-efa0-ab4a-62742bdf28fd" executionId="5da20a9c-376f-4673-b40f-391848b1b697" testListId="8c84fa94-04c1-424b-9868-57a2d4851a1d" />
    <TestEntry testId="8a5a3acd-8579-0e9f-f571-e1179f0d887a" executionId="5791b2e9-8a0c-4deb-b015-d31ae64083da" testListId="8c84fa94-04c1-424b-9868-57a2d4851a1d" />
    <TestEntry testId="1b896e42-68f6-4e52-d38c-1f70c7240859" executionId="3b129ba6-2c59-40d5-ab22-defe6a9af828" testListId="8c84fa94-04c1-424b-9868-57a2d4851a1d" />
    <TestEntry testId="a5b7f42f-76a2-0691-22f0-bc2d603bfa57" executionId="a3a2f41a-5698-4542-b6cf-bbb5a6a79b40" testListId="8c84fa94-04c1-424b-9868-57a2d4851a1d" />
    <TestEntry testId="0e9beaab-1ef5-885a-ffc1-b1ce2f70a941" executionId="907128c8-db12-4e1c-8d4f-f2ac222baadd" testListId="8c84fa94-04c1-424b-9868-57a2d4851a1d" />
    <TestEntry testId="4261a30d-adf3-c60a-f897-81038c3b0072" executionId="4ac04f20-fddc-49b2-8bea-c0922639690a" testListId="8c84fa94-04c1-424b-9868-57a2d4851a1d" />
    <TestEntry testId="db3b924d-ede2-e79a-cd9a-fc1ec1f27632" executionId="401fbb63-073d-42d7-a708-4cc56268851e" testListId="8c84fa94-04c1-424b-9868-57a2d4851a1d" />
    <TestEntry testId="cc5cd4f5-22f4-62cf-b7bf-dddd3d1087c0" executionId="95a6f895-501a-40d0-b35a-d62a992f5b91" testListId="8c84fa94-04c1-424b-9868-57a2d4851a1d" />
    <TestEntry testId="03ab4cf9-dacb-b4f8-24b9-856e8328413c" executionId="163dc731-5001-42d7-989c-f75cf02b0510" testListId="8c84fa94-04c1-424b-9868-57a2d4851a1d" />
    <TestEntry testId="2c1999bd-7042-d07f-7505-329e10741dff" executionId="a2afe927-92a3-49c3-b666-3a11f6396814" testListId="8c84fa94-04c1-424b-9868-57a2d4851a1d" />
    <TestEntry testId="1754219e-0082-7b28-d4ed-419d48cc2ff8" executionId="ca82e4cb-0e4d-4880-9700-d2dd77327cb6" testListId="8c84fa94-04c1-424b-9868-57a2d4851a1d" />
    <TestEntry testId="e4715766-fddc-4eb6-daef-316094c7352c" executionId="4e126383-c2aa-44d5-803a-a47f7338835e" testListId="8c84fa94-04c1-424b-9868-57a2d4851a1d" />
    <TestEntry testId="bbac5df3-71c3-990b-e2c9-d7c540445b8d" executionId="9987265b-a294-4ecb-9189-cde2e377bdf9" testListId="8c84fa94-04c1-424b-9868-57a2d4851a1d" />
    <TestEntry testId="bd96467e-ad61-8475-76ba-97f32baace17" executionId="c168be8a-0e87-47ce-9c08-fa127d5e181c" testListId="8c84fa94-04c1-424b-9868-57a2d4851a1d" />
    <TestEntry testId="00706188-6790-653c-2274-aa52c5f668b5" executionId="dd333804-f411-4130-9f09-c2e4b01f7585" testListId="8c84fa94-04c1-424b-9868-57a2d4851a1d" />
    <TestEntry testId="f21a5106-a9b4-042f-b748-afbe947899b0" executionId="20fc5ba5-1750-459f-a391-d059d0e82c43" testListId="8c84fa94-04c1-424b-9868-57a2d4851a1d" />
    <TestEntry testId="0090f46d-7db7-9793-901c-7e5aab7748fd" executionId="2d5a86ff-948c-44bd-8de3-b7b0ed807cf1" testListId="8c84fa94-04c1-424b-9868-57a2d4851a1d" />
    <TestEntry testId="09371ada-14ce-1636-ab2c-1ea7f2f521fb" executionId="243de146-e81d-45dd-b89b-197443da0076" testListId="8c84fa94-04c1-424b-9868-57a2d4851a1d" />
    <TestEntry testId="aec83dab-093f-d287-dc55-ff9d9cf432a8" executionId="0b17a558-9ba3-40e0-a2b7-f77a06189710" testListId="8c84fa94-04c1-424b-9868-57a2d4851a1d" />
    <TestEntry testId="c4b04013-7298-dd0e-798c-05a139b2a0df" executionId="a7adb58d-32f4-4a3c-887a-c212996cbb47" testListId="8c84fa94-04c1-424b-9868-57a2d4851a1d" />
    <TestEntry testId="f5bca086-28b5-6fe5-f3a5-36864fae2a65" executionId="07c5b4a6-bb32-45e4-81aa-9e11153f17fa" testListId="8c84fa94-04c1-424b-9868-57a2d4851a1d" />
  </TestEntries>
  <TestLists>
    <TestList name="Results Not in a List" id="8c84fa94-04c1-424b-9868-57a2d4851a1d" />
    <TestList name="All Loaded Results" id="19431567-8539-422a-85d7-44ee4e166bda" />
  </TestLists>
  <ResultSummary outcome="Completed">
    <Counters total="37" executed="37" passed="37" failed="0" error="0" timeout="0" aborted="0" inconclusive="0" passedButRunAborted="0" notRunnable="0" notExecuted="0" disconnected="0" warning="0" completed="0" inProgress="0" pending="0" />
    <Output>
      <StdOut>[xUnit.net 00:00:00.00] xUnit.net VSTest Adapter v3.1.4+50e68bbb8b (64-bit .NET 8.0.29)&#xD;
[xUnit.net 00:00:00.47]   Discovering: CP6.Tests&#xD;
[xUnit.net 00:00:00.84]   Discovered:  CP6.Tests&#xD;
[xUnit.net 00:00:00.87]   Starting:    CP6.Tests&#xD;
[xUnit.net 00:00:42.79]   Finished:    CP6.Tests&#xD;
</StdOut>
    </Output>
  </ResultSummary>
</TestRun>