Test run for D:\CP6\tmp\worktrees\db-compat-wp5-20261003\CP6.Space.IntegrationTests\bin\Debug\net8.0\CP6.Space.IntegrationTests.dll (.NETCoreApp,Version=v8.0)
A total of 1 test files matched the specified pattern.
[xUnit.net 00:00:04.45]     CP6.Space.IntegrationTests.SpaceExcelMappingSqlServerTests.Concurrent_same_key_create_returns_one_profile_and_replay [FAIL]
[xUnit.net 00:00:04.60]     CP6.Space.IntegrationTests.SpaceCadMappingProfileSqlServerTests.Concurrent_same_key_create_returns_one_profile_and_replay [FAIL]
  Failed CP6.Space.IntegrationTests.SpaceExcelMappingSqlServerTests.Concurrent_same_key_create_returns_one_profile_and_replay [505 ms]
  Error Message:
   Microsoft.EntityFrameworkCore.DbUpdateException : An error occurred while saving the entity changes. See the inner exception for details.
---- Npgsql.PostgresException : 23505: 重複したキー値は一意性制約"UX_Space_ExcelMappingProfile_CurrentName"違反となります

DETAIL: Detail redacted as it may contain sensitive data. Specify 'Include Error Detail' in the connection string to include this information.
  Stack Trace:
     at Microsoft.EntityFrameworkCore.Update.ReaderModificationCommandBatch.ExecuteAsync(IRelationalConnection connection, CancellationToken cancellationToken)
   at Microsoft.EntityFrameworkCore.Update.Internal.BatchExecutor.ExecuteAsync(IEnumerable`1 commandBatches, IRelationalConnection connection, CancellationToken cancellationToken)
   at Microsoft.EntityFrameworkCore.Update.Internal.BatchExecutor.ExecuteAsync(IEnumerable`1 commandBatches, IRelationalConnection connection, CancellationToken cancellationToken)
   at Microsoft.EntityFrameworkCore.Update.Internal.BatchExecutor.ExecuteAsync(IEnumerable`1 commandBatches, IRelationalConnection connection, CancellationToken cancellationToken)
   at Microsoft.EntityFrameworkCore.ChangeTracking.Internal.StateManager.SaveChangesAsync(IList`1 entriesToSave, CancellationToken cancellationToken)
   at Microsoft.EntityFrameworkCore.ChangeTracking.Internal.StateManager.SaveChangesAsync(StateManager stateManager, Boolean acceptAllChangesOnSuccess, CancellationToken cancellationToken)
   at Npgsql.EntityFrameworkCore.PostgreSQL.Storage.Internal.NpgsqlExecutionStrategy.ExecuteAsync[TState,TResult](TState state, Func`4 operation, Func`4 verifySucceeded, CancellationToken cancellationToken)
   at Microsoft.EntityFrameworkCore.DbContext.SaveChangesAsync(Boolean acceptAllChangesOnSuccess, CancellationToken cancellationToken)
   at Microsoft.EntityFrameworkCore.DbContext.SaveChangesAsync(Boolean acceptAllChangesOnSuccess, CancellationToken cancellationToken)
   at CP6.Space.Infrastructure.SpaceExcelMappingService.SaveProfileAsync(SaveSpaceExcelMappingProfileRequest request, String idempotencyKey, CancellationToken cancellationToken) in D:\CP6\tmp\worktrees\db-compat-wp5-20261003\CP6.Space.Infrastructure\SpaceExcelMappingService.cs:line 357
   at CP6.Space.Infrastructure.SpaceExcelMappingService.SaveProfileAsync(SaveSpaceExcelMappingProfileRequest request, String idempotencyKey, CancellationToken cancellationToken) in D:\CP6\tmp\worktrees\db-compat-wp5-20261003\CP6.Space.Infrastructure\SpaceExcelMappingService.cs:line 407
   at CP6.Space.IntegrationTests.SpaceExcelMappingSqlServerTests.<Concurrent_same_key_create_returns_one_profile_and_replay>b__5_0(String connectionString) in D:\CP6\tmp\worktrees\db-compat-wp5-20261003\CP6.Space.IntegrationTests\SpaceExcelMappingSqlServerTests.cs:line 174
   at CP6.Space.IntegrationTests.SpaceExcelMappingSqlServerTests.<Concurrent_same_key_create_returns_one_profile_and_replay>b__5_0(String connectionString) in D:\CP6\tmp\worktrees\db-compat-wp5-20261003\CP6.Space.IntegrationTests\SpaceExcelMappingSqlServerTests.cs:line 180
   at CP6.Space.IntegrationTests.SpaceExcelMappingSqlServerTests.<Concurrent_same_key_create_returns_one_profile_and_replay>b__5_0(String connectionString) in D:\CP6\tmp\worktrees\db-compat-wp5-20261003\CP6.Space.IntegrationTests\SpaceExcelMappingSqlServerTests.cs:line 180
   at CP6.Space.IntegrationTests.SpaceExcelMappingSqlServerTests.<Concurrent_same_key_create_returns_one_profile_and_replay>b__5_0(String connectionString) in D:\CP6\tmp\worktrees\db-compat-wp5-20261003\CP6.Space.IntegrationTests\SpaceExcelMappingSqlServerTests.cs:line 180
   at CP6.Space.IntegrationTests.SpaceExcelMappingSqlServerTests.WithDatabaseAsync(Func`2 action) in D:\CP6\tmp\worktrees\db-compat-wp5-20261003\CP6.Space.IntegrationTests\SpaceExcelMappingSqlServerTests.cs:line 224
   at CP6.Space.IntegrationTests.SpaceExcelMappingSqlServerTests.Concurrent_same_key_create_returns_one_profile_and_replay() in D:\CP6\tmp\worktrees\db-compat-wp5-20261003\CP6.Space.IntegrationTests\SpaceExcelMappingSqlServerTests.cs:line 87
--- End of stack trace from previous location ---
----- Inner Stack Trace -----
   at Npgsql.Internal.NpgsqlConnector.ReadMessageLong(Boolean async, DataRowLoadingMode dataRowLoadingMode, Boolean readingNotifications, Boolean isReadingPrependedMessage)
   at System.Runtime.CompilerServices.PoolingAsyncValueTaskMethodBuilder`1.StateMachineBox`1.System.Threading.Tasks.Sources.IValueTaskSource<TResult>.GetResult(Int16 token)
   at Npgsql.NpgsqlDataReader.NextResult(Boolean async, Boolean isConsuming, CancellationToken cancellationToken)
   at Npgsql.NpgsqlDataReader.NextResult(Boolean async, Boolean isConsuming, CancellationToken cancellationToken)
   at Npgsql.NpgsqlCommand.ExecuteReader(Boolean async, CommandBehavior behavior, CancellationToken cancellationToken)
   at Npgsql.NpgsqlCommand.ExecuteReader(Boolean async, CommandBehavior behavior, CancellationToken cancellationToken)
   at Npgsql.NpgsqlCommand.ExecuteDbDataReaderAsync(CommandBehavior behavior, CancellationToken cancellationToken)
   at Microsoft.EntityFrameworkCore.Storage.RelationalCommand.ExecuteReaderAsync(RelationalCommandParameterObject parameterObject, CancellationToken cancellationToken)
   at Microsoft.EntityFrameworkCore.Storage.RelationalCommand.ExecuteReaderAsync(RelationalCommandParameterObject parameterObject, CancellationToken cancellationToken)
   at Microsoft.EntityFrameworkCore.Update.ReaderModificationCommandBatch.ExecuteAsync(IRelationalConnection connection, CancellationToken cancellationToken)
  Standard Output Messages:
 Provider=PostgreSql; Core migrations=1; Space migrations=1; pending=0; WP5 owner verified; shared database.
 CoreMigrationIds=20261002161715_PostgreSqlCoreBaselineV1
 SpaceMigrationIds=20261002161945_PostgreSqlSpaceBaselineV1
 Excel mapping physical sessions: 32616, 23036.
 Both commands read empty idempotency before their first profile INSERT; no test retry.
 Provider=PostgreSql; Stage=excel-mapping-business; SQLSTATE=23505; NativeCode=none; Kind=UniqueConstraint.


  Failed CP6.Space.IntegrationTests.SpaceCadMappingProfileSqlServerTests.Concurrent_same_key_create_returns_one_profile_and_replay [146 ms]
  Error Message:
   Microsoft.EntityFrameworkCore.DbUpdateException : An error occurred while saving the entity changes. See the inner exception for details.
---- Npgsql.PostgresException : 23505: 重複したキー値は一意性制約"UX_Space_LayerMappingProfile_CurrentName"違反となります

DETAIL: Detail redacted as it may contain sensitive data. Specify 'Include Error Detail' in the connection string to include this information.
  Stack Trace:
     at Microsoft.EntityFrameworkCore.Update.ReaderModificationCommandBatch.ExecuteAsync(IRelationalConnection connection, CancellationToken cancellationToken)
   at Microsoft.EntityFrameworkCore.Update.Internal.BatchExecutor.ExecuteAsync(IEnumerable`1 commandBatches, IRelationalConnection connection, CancellationToken cancellationToken)
   at Microsoft.EntityFrameworkCore.Update.Internal.BatchExecutor.ExecuteAsync(IEnumerable`1 commandBatches, IRelationalConnection connection, CancellationToken cancellationToken)
   at Microsoft.EntityFrameworkCore.Update.Internal.BatchExecutor.ExecuteAsync(IEnumerable`1 commandBatches, IRelationalConnection connection, CancellationToken cancellationToken)
   at Microsoft.EntityFrameworkCore.ChangeTracking.Internal.StateManager.SaveChangesAsync(IList`1 entriesToSave, CancellationToken cancellationToken)
   at Microsoft.EntityFrameworkCore.ChangeTracking.Internal.StateManager.SaveChangesAsync(StateManager stateManager, Boolean acceptAllChangesOnSuccess, CancellationToken cancellationToken)
   at Npgsql.EntityFrameworkCore.PostgreSQL.Storage.Internal.NpgsqlExecutionStrategy.ExecuteAsync[TState,TResult](TState state, Func`4 operation, Func`4 verifySucceeded, CancellationToken cancellationToken)
   at Microsoft.EntityFrameworkCore.DbContext.SaveChangesAsync(Boolean acceptAllChangesOnSuccess, CancellationToken cancellationToken)
   at Microsoft.EntityFrameworkCore.DbContext.SaveChangesAsync(Boolean acceptAllChangesOnSuccess, CancellationToken cancellationToken)
   at CP6.Space.Infrastructure.SpaceCadMappingProfileService.SaveProfileAsync(SaveSpaceCadMappingProfileRequest request, String idempotencyKey, CancellationToken cancellationToken) in D:\CP6\tmp\worktrees\db-compat-wp5-20261003\CP6.Space.Infrastructure\SpaceCadMappingProfileService.cs:line 220
   at CP6.Space.Infrastructure.SpaceCadMappingProfileService.SaveProfileAsync(SaveSpaceCadMappingProfileRequest request, String idempotencyKey, CancellationToken cancellationToken) in D:\CP6\tmp\worktrees\db-compat-wp5-20261003\CP6.Space.Infrastructure\SpaceCadMappingProfileService.cs:line 270
   at CP6.Space.IntegrationTests.SpaceCadMappingProfileSqlServerTests.<Concurrent_same_key_create_returns_one_profile_and_replay>b__4_0(String connectionString) in D:\CP6\tmp\worktrees\db-compat-wp5-20261003\CP6.Space.IntegrationTests\SpaceCadMappingProfileSqlServerTests.cs:line 163
   at CP6.Space.IntegrationTests.SpaceCadMappingProfileSqlServerTests.<Concurrent_same_key_create_returns_one_profile_and_replay>b__4_0(String connectionString) in D:\CP6\tmp\worktrees\db-compat-wp5-20261003\CP6.Space.IntegrationTests\SpaceCadMappingProfileSqlServerTests.cs:line 169
   at CP6.Space.IntegrationTests.SpaceCadMappingProfileSqlServerTests.<Concurrent_same_key_create_returns_one_profile_and_replay>b__4_0(String connectionString) in D:\CP6\tmp\worktrees\db-compat-wp5-20261003\CP6.Space.IntegrationTests\SpaceCadMappingProfileSqlServerTests.cs:line 169
   at CP6.Space.IntegrationTests.SpaceCadMappingProfileSqlServerTests.<Concurrent_same_key_create_returns_one_profile_and_replay>b__4_0(String connectionString) in D:\CP6\tmp\worktrees\db-compat-wp5-20261003\CP6.Space.IntegrationTests\SpaceCadMappingProfileSqlServerTests.cs:line 169
   at CP6.Space.IntegrationTests.SpaceCadMappingProfileSqlServerTests.WithDatabaseAsync(Func`2 action) in D:\CP6\tmp\worktrees\db-compat-wp5-20261003\CP6.Space.IntegrationTests\SpaceCadMappingProfileSqlServerTests.cs:line 213
   at CP6.Space.IntegrationTests.SpaceCadMappingProfileSqlServerTests.Concurrent_same_key_create_returns_one_profile_and_replay() in D:\CP6\tmp\worktrees\db-compat-wp5-20261003\CP6.Space.IntegrationTests\SpaceCadMappingProfileSqlServerTests.cs:line 80
--- End of stack trace from previous location ---
----- Inner Stack Trace -----
   at Npgsql.Internal.NpgsqlConnector.ReadMessageLong(Boolean async, DataRowLoadingMode dataRowLoadingMode, Boolean readingNotifications, Boolean isReadingPrependedMessage)
   at System.Runtime.CompilerServices.PoolingAsyncValueTaskMethodBuilder`1.StateMachineBox`1.System.Threading.Tasks.Sources.IValueTaskSource<TResult>.GetResult(Int16 token)
   at Npgsql.NpgsqlDataReader.NextResult(Boolean async, Boolean isConsuming, CancellationToken cancellationToken)
   at Npgsql.NpgsqlDataReader.NextResult(Boolean async, Boolean isConsuming, CancellationToken cancellationToken)
   at Npgsql.NpgsqlCommand.ExecuteReader(Boolean async, CommandBehavior behavior, CancellationToken cancellationToken)
   at Npgsql.NpgsqlCommand.ExecuteReader(Boolean async, CommandBehavior behavior, CancellationToken cancellationToken)
   at Npgsql.NpgsqlCommand.ExecuteDbDataReaderAsync(CommandBehavior behavior, CancellationToken cancellationToken)
   at Microsoft.EntityFrameworkCore.Storage.RelationalCommand.ExecuteReaderAsync(RelationalCommandParameterObject parameterObject, CancellationToken cancellationToken)
   at Microsoft.EntityFrameworkCore.Storage.RelationalCommand.ExecuteReaderAsync(RelationalCommandParameterObject parameterObject, CancellationToken cancellationToken)
   at Microsoft.EntityFrameworkCore.Update.ReaderModificationCommandBatch.ExecuteAsync(IRelationalConnection connection, CancellationToken cancellationToken)
  Standard Output Messages:
 Provider=PostgreSql; Core migrations=1; Space migrations=1; pending=0; WP5 owner verified; shared database.
 CoreMigrationIds=20261002161715_PostgreSqlCoreBaselineV1
 SpaceMigrationIds=20261002161945_PostgreSqlSpaceBaselineV1
 CAD mapping physical sessions: 23036, 32616.
 Both commands read empty idempotency before their first profile INSERT; no test retry.
 Provider=PostgreSql; Stage=cad-mapping-business; SQLSTATE=23505; NativeCode=none; Kind=UniqueConstraint.


Results File: D:\CP6\tmp\db-compat-wp5-tests\wp5-mapping-concurrency-pg-first-run\results.trx

Failed!  - Failed:     2, Passed:     0, Skipped:     0, Total:     2, Duration: 656 ms - CP6.Space.IntegrationTests.dll (net8.0)
