{
  "SchemaVersion": 1,
  "Task": "DB-COMPAT-01-WP6",
  "Command": "notification-status",
  "Provider": "SqlServer",
  "DatabaseName": "CP6Compat_WP6_20261003_cf7ab161_application",
  "Role": "Application",
  "Status": "Passed",
  "StartedUtc": "2026-10-03T16:52:44.5726094+00:00",
  "FinishedUtc": "2026-10-03T16:52:46.8231746+00:00",
  "Assertions": [
    {
      "Name": "owner-and-physical-database-verified",
      "Passed": true
    },
    {
      "Name": "notification-one-owned-row",
      "Passed": true,
      "ExpectedCount": 1,
      "ActualCount": 1
    },
    {
      "Name": "notification-status-exact",
      "Passed": true,
      "ExpectedCount": 1,
      "ActualCount": 1
    },
    {
      "Name": "notification-attempts-exact",
      "Passed": true,
      "ExpectedCount": 1,
      "ActualCount": 1
    },
    {
      "Name": "notification-success-persisted",
      "Passed": true
    }
  ],
  "Counts": {
    "NotificationRows": 1,
    "DispatchStatus": 1,
    "DispatchAttempts": 1
  },
  "Hashes": {
    "EventKeySha256": "E7D9BADB8C6F4073ECAEA34ACD82859476DDE8C4F49A7F53A53E345FD46D354D",
    "TenantSha256": "868425ABA2AED381A87AA2863A1A873FA639D90C8E4BAB2AF2FCE29A1F92AAD3",
    "UserSha256": "42B8AF5FFFE84D7F9A345D65399BAEF33C0B34D31356D6F2351D300ED5CE7A64",
    "NotificationIdSha256": "561DA8EC7E08DE2F42A1F370B9289CD2C474AF2FA31321EE5833EA5582320EC7"
  },
  "HistoryProfiles": [],
  "TableSummaries": [],
  "TableComparisons": [],
  "Inputs": [
    {
      "Name": "CP6.DatabaseCompatibility.ApplicationProbe",
      "Version": "1.0.0.0",
      "Sha256": "97E39D25F52FD02118432CEBA04837F0754A71C434CA183AF17BC4B16B771F8E"
    },
    {
      "Name": "CP6.Core",
      "Version": "1.0.0.0",
      "Sha256": "D186E2DB20A9F772AAD537B30F7EC1A84114581362BC27621C384229A28692B8"
    },
    {
      "Name": "CP6.Space.Infrastructure",
      "Version": "1.0.0.0",
      "Sha256": "B33E7235E9FE476560491565B132CC79D221974B4301D7372EBC275A6E97FF34"
    }
  ],
  "Scope": "WP6 owned application/restore fixture only; metadata, counts and hashes. No raw connection, password, token, DP XML or row values. Does not establish HTTP authentication, DP decryption, external delivery or complete application acceptance."
}
