{
  "SchemaVersion": 1,
  "Task": "DB-COMPAT-01-WP6",
  "Command": "histories",
  "Provider": "PostgreSql",
  "DatabaseName": "CP6Compat_WP6_20261004_97682779_application",
  "Role": "Application",
  "Status": "Passed",
  "StartedUtc": "2026-10-04T01:56:27.2040812+00:00",
  "FinishedUtc": "2026-10-04T01:56:31.0747784+00:00",
  "Assertions": [
    {
      "Name": "owner-and-physical-database-verified",
      "Passed": true
    },
    {
      "Name": "four-effective-history-profiles-complete",
      "Passed": true
    }
  ],
  "Counts": {
    "EffectiveProfiles": 4
  },
  "Hashes": {},
  "HistoryProfiles": [
    {
      "Context": "Core",
      "MigrationOwner": "Core",
      "Known": [
        "20261002161715_PostgreSqlCoreBaselineV1"
      ],
      "Applied": [
        "20261002161715_PostgreSqlCoreBaselineV1"
      ],
      "Pending": []
    },
    {
      "Context": "Space",
      "MigrationOwner": "Space",
      "Known": [
        "20261002161945_PostgreSqlSpaceBaselineV1"
      ],
      "Applied": [
        "20261002161945_PostgreSqlSpaceBaselineV1"
      ],
      "Pending": []
    },
    {
      "Context": "IdentityPriority",
      "MigrationOwner": "IdentityPriority",
      "Known": [
        "20261002151342_PostgreSqlIdentityPriorityBaselineV1"
      ],
      "Applied": [
        "20261002151342_PostgreSqlIdentityPriorityBaselineV1"
      ],
      "Pending": []
    },
    {
      "Context": "ErpIntegration",
      "MigrationOwner": "ErpIntegration",
      "Known": [
        "20261002151345_PostgreSqlErpIntegrationBaselineV1"
      ],
      "Applied": [
        "20261002151345_PostgreSqlErpIntegrationBaselineV1"
      ],
      "Pending": []
    }
  ],
  "TableSummaries": [],
  "TableComparisons": [],
  "Inputs": [
    {
      "Name": "CP6.DatabaseCompatibility.ApplicationProbe",
      "Version": "1.0.0.0",
      "Sha256": "634D635269B0E3CFA294F217FF0B4DCBE261C8AEA9D9D40ACB1F94E8AC49078E"
    },
    {
      "Name": "CP6.Core",
      "Version": "1.0.0.0",
      "Sha256": "88CB493C6DF91148D551A57B5B34BCBF85E11AE83A2E9C2EE38975ACCBD32E71"
    },
    {
      "Name": "CP6.Space.Infrastructure",
      "Version": "1.0.0.0",
      "Sha256": "9612514A4DED797E172E59D1166EA19B19364123BC1B7A3206BB1FDC0E898224"
    }
  ],
  "Scope": "WP6 owned application/restore fixture only; metadata, counts and hashes. No raw connection, password, token, DP XML or row values. Does not establish HTTP authentication, DP decryption, external delivery or complete application acceptance."
}
