Test run for D:\CP6\tmp\worktrees\db-compat-wp5-20261003\CP6.Tests\bin\Debug\net8.0\CP6.Tests.dll (.NETCoreApp,Version=v8.0)
A total of 1 test files matched the specified pattern.
[xUnit.net 00:00:09.89]     CP6.Tests.DatabaseCompatibility.MesReportsRelationalTests.Summary_empty_returns_zero [FAIL]
[xUnit.net 00:00:09.90]     CP6.Tests.DatabaseCompatibility.MesReportsRelationalTests.Process_progress_empty_returns_empty [FAIL]
[xUnit.net 00:00:09.91]     CP6.Tests.DatabaseCompatibility.MesReportsRelationalTests.Daily_trend_fills_three_zero_days [FAIL]
[xUnit.net 00:00:09.94]     CP6.Tests.DatabaseCompatibility.DashboardRelationalTests.Summary_reads_empty_native_database [FAIL]
  Failed CP6.Tests.DatabaseCompatibility.MesReportsRelationalTests.Summary_empty_returns_zero [101 ms]
  Error Message:
   Npgsql.PostgresException : 42883: プロシージャ usp_getmesdashboardsummary() は存在しません

POSITION: 6
  Stack Trace:
     at Npgsql.Internal.NpgsqlConnector.ReadMessageLong(Boolean async, DataRowLoadingMode dataRowLoadingMode, Boolean readingNotifications, Boolean isReadingPrependedMessage)
   at System.Runtime.CompilerServices.PoolingAsyncValueTaskMethodBuilder`1.StateMachineBox`1.System.Threading.Tasks.Sources.IValueTaskSource<TResult>.GetResult(Int16 token)
   at Npgsql.NpgsqlDataReader.NextResult(Boolean async, Boolean isConsuming, CancellationToken cancellationToken)
   at Npgsql.NpgsqlDataReader.NextResult(Boolean async, Boolean isConsuming, CancellationToken cancellationToken)
   at Npgsql.NpgsqlCommand.ExecuteReader(Boolean async, CommandBehavior behavior, CancellationToken cancellationToken)
   at Npgsql.NpgsqlCommand.ExecuteReader(Boolean async, CommandBehavior behavior, CancellationToken cancellationToken)
   at Npgsql.NpgsqlCommand.ExecuteDbDataReaderAsync(CommandBehavior behavior, CancellationToken cancellationToken)
   at Dapper.SqlMapper.QueryRowAsync[T](IDbConnection cnn, Row row, Type effectiveType, CommandDefinition command) in /_/Dapper/SqlMapper.Async.cs:line 489
   at CP6.Core.Services.Mes.MesDashboardDapperService.GetSummaryAsync() in D:\CP6\tmp\worktrees\db-compat-wp5-20261003\CP6.Core\Services\Mes\MesDashboardDapperService.cs:line 25
   at CP6.Tests.DatabaseCompatibility.MesReportsRelationalTests.Summary_empty_returns_zero() in D:\CP6\tmp\worktrees\db-compat-wp5-20261003\CP6.Tests\DatabaseCompatibility\MesReportsRelationalTests.cs:line 18
   at CP6.Tests.DatabaseCompatibility.MesReportsRelationalTests.Summary_empty_returns_zero() in D:\CP6\tmp\worktrees\db-compat-wp5-20261003\CP6.Tests\DatabaseCompatibility\MesReportsRelationalTests.cs:line 24
--- End of stack trace from previous location ---
  Standard Output Messages:
 Provider=PostgreSql; Core migrations=1; IdentityPriority migration owner=IdentityPriority, migrations=1; pending=0; WP5 owner verified.


  Failed CP6.Tests.DatabaseCompatibility.MesReportsRelationalTests.Process_progress_empty_returns_empty [8 ms]
  Error Message:
   Npgsql.PostgresException : 42883: プロシージャ usp_getmesprocessprogress() は存在しません

POSITION: 6
  Stack Trace:
     at Npgsql.Internal.NpgsqlConnector.ReadMessageLong(Boolean async, DataRowLoadingMode dataRowLoadingMode, Boolean readingNotifications, Boolean isReadingPrependedMessage)
   at System.Runtime.CompilerServices.PoolingAsyncValueTaskMethodBuilder`1.StateMachineBox`1.System.Threading.Tasks.Sources.IValueTaskSource<TResult>.GetResult(Int16 token)
   at Npgsql.NpgsqlDataReader.NextResult(Boolean async, Boolean isConsuming, CancellationToken cancellationToken)
   at Npgsql.NpgsqlDataReader.NextResult(Boolean async, Boolean isConsuming, CancellationToken cancellationToken)
   at Npgsql.NpgsqlCommand.ExecuteReader(Boolean async, CommandBehavior behavior, CancellationToken cancellationToken)
   at Npgsql.NpgsqlCommand.ExecuteReader(Boolean async, CommandBehavior behavior, CancellationToken cancellationToken)
   at Npgsql.NpgsqlCommand.ExecuteDbDataReaderAsync(CommandBehavior behavior, CancellationToken cancellationToken)
   at Dapper.SqlMapper.QueryAsync[T](IDbConnection cnn, Type effectiveType, CommandDefinition command) in /_/Dapper/SqlMapper.Async.cs:line 434
   at CP6.Core.Services.Mes.MesDashboardDapperService.GetProcessProgressAsync() in D:\CP6\tmp\worktrees\db-compat-wp5-20261003\CP6.Core\Services\Mes\MesDashboardDapperService.cs:line 44
   at CP6.Tests.DatabaseCompatibility.MesReportsRelationalTests.Process_progress_empty_returns_empty() in D:\CP6\tmp\worktrees\db-compat-wp5-20261003\CP6.Tests\DatabaseCompatibility\MesReportsRelationalTests.cs:line 52
   at CP6.Tests.DatabaseCompatibility.MesReportsRelationalTests.Process_progress_empty_returns_empty() in D:\CP6\tmp\worktrees\db-compat-wp5-20261003\CP6.Tests\DatabaseCompatibility\MesReportsRelationalTests.cs:line 52
--- End of stack trace from previous location ---
  Standard Output Messages:
 Provider=PostgreSql; Core migrations=1; IdentityPriority migration owner=IdentityPriority, migrations=1; pending=0; WP5 owner verified.


  Failed CP6.Tests.DatabaseCompatibility.MesReportsRelationalTests.Daily_trend_fills_three_zero_days [8 ms]
  Error Message:
   Npgsql.PostgresException : 42883: プロシージャ usp_getmesdailytrend(Days => integer) は存在しません

POSITION: 6
  Stack Trace:
     at Npgsql.Internal.NpgsqlConnector.ReadMessageLong(Boolean async, DataRowLoadingMode dataRowLoadingMode, Boolean readingNotifications, Boolean isReadingPrependedMessage)
   at System.Runtime.CompilerServices.PoolingAsyncValueTaskMethodBuilder`1.StateMachineBox`1.System.Threading.Tasks.Sources.IValueTaskSource<TResult>.GetResult(Int16 token)
   at Npgsql.NpgsqlDataReader.NextResult(Boolean async, Boolean isConsuming, CancellationToken cancellationToken)
   at Npgsql.NpgsqlDataReader.NextResult(Boolean async, Boolean isConsuming, CancellationToken cancellationToken)
   at Npgsql.NpgsqlCommand.ExecuteReader(Boolean async, CommandBehavior behavior, CancellationToken cancellationToken)
   at Npgsql.NpgsqlCommand.ExecuteReader(Boolean async, CommandBehavior behavior, CancellationToken cancellationToken)
   at Npgsql.NpgsqlCommand.ExecuteDbDataReaderAsync(CommandBehavior behavior, CancellationToken cancellationToken)
   at Dapper.SqlMapper.QueryAsync[T](IDbConnection cnn, Type effectiveType, CommandDefinition command) in /_/Dapper/SqlMapper.Async.cs:line 434
   at CP6.Core.Services.Mes.MesDashboardDapperService.GetDailyTrendAsync(Int32 days) in D:\CP6\tmp\worktrees\db-compat-wp5-20261003\CP6.Core\Services\Mes\MesDashboardDapperService.cs:line 34
   at CP6.Tests.DatabaseCompatibility.MesReportsRelationalTests.Daily_trend_fills_three_zero_days() in D:\CP6\tmp\worktrees\db-compat-wp5-20261003\CP6.Tests\DatabaseCompatibility\MesReportsRelationalTests.cs:line 36
   at CP6.Tests.DatabaseCompatibility.MesReportsRelationalTests.Daily_trend_fills_three_zero_days() in D:\CP6\tmp\worktrees\db-compat-wp5-20261003\CP6.Tests\DatabaseCompatibility\MesReportsRelationalTests.cs:line 43
--- End of stack trace from previous location ---
  Standard Output Messages:
 Provider=PostgreSql; Core migrations=1; IdentityPriority migration owner=IdentityPriority, migrations=1; pending=0; WP5 owner verified.


  Failed CP6.Tests.DatabaseCompatibility.DashboardRelationalTests.Summary_reads_empty_native_database [13 ms]
  Error Message:
   Npgsql.PostgresException : 42P01: リレーション"t_order"は存在しません

POSITION: 69
  Stack Trace:
     at Npgsql.Internal.NpgsqlConnector.ReadMessageLong(Boolean async, DataRowLoadingMode dataRowLoadingMode, Boolean readingNotifications, Boolean isReadingPrependedMessage)
   at System.Runtime.CompilerServices.PoolingAsyncValueTaskMethodBuilder`1.StateMachineBox`1.System.Threading.Tasks.Sources.IValueTaskSource<TResult>.GetResult(Int16 token)
   at Npgsql.NpgsqlDataReader.NextResult(Boolean async, Boolean isConsuming, CancellationToken cancellationToken)
   at Npgsql.NpgsqlDataReader.NextResult(Boolean async, Boolean isConsuming, CancellationToken cancellationToken)
   at Npgsql.NpgsqlCommand.ExecuteReader(Boolean async, CommandBehavior behavior, CancellationToken cancellationToken)
   at Npgsql.NpgsqlCommand.ExecuteReader(Boolean async, CommandBehavior behavior, CancellationToken cancellationToken)
   at Npgsql.NpgsqlCommand.ExecuteDbDataReaderAsync(CommandBehavior behavior, CancellationToken cancellationToken)
   at Dapper.SqlMapper.QueryRowAsync[T](IDbConnection cnn, Row row, Type effectiveType, CommandDefinition command) in /_/Dapper/SqlMapper.Async.cs:line 489
   at CP6.WebApi.Controllers.Sys.DashboardController.<GetSummary>b__3_0() in D:\CP6\tmp\worktrees\db-compat-wp5-20261003\CP6.WebApi\Controllers\Sys\DashboardController.cs:line 55
   at CP6.Core.Utilities.CacheService.GetOrSetAsync[T](String key, Func`1 factory, Nullable`1 expiration) in D:\CP6\tmp\worktrees\db-compat-wp5-20261003\CP6.Core\Utilities\CacheService.cs:line 76
   at CP6.WebApi.Controllers.Sys.DashboardController.GetSummary() in D:\CP6\tmp\worktrees\db-compat-wp5-20261003\CP6.WebApi\Controllers\Sys\DashboardController.cs:line 37
   at CP6.Tests.DatabaseCompatibility.DashboardRelationalTests.Summary_reads_empty_native_database() in D:\CP6\tmp\worktrees\db-compat-wp5-20261003\CP6.Tests\DatabaseCompatibility\DashboardRelationalTests.cs:line 22
   at CP6.Tests.DatabaseCompatibility.DashboardRelationalTests.Summary_reads_empty_native_database() in D:\CP6\tmp\worktrees\db-compat-wp5-20261003\CP6.Tests\DatabaseCompatibility\DashboardRelationalTests.cs:line 27
--- End of stack trace from previous location ---
  Standard Output Messages:
 Provider=PostgreSql; Core migrations=1; IdentityPriority migration owner=IdentityPriority, migrations=1; pending=0; WP5 owner verified.


Results File: D:\CP6\tmp\db-compat-wp5-tests\wp5-reports-pg-first-run\results.trx

Failed!  - Failed:     4, Passed:     0, Skipped:     0, Total:     4, Duration: 160 ms - CP6.Tests.dll (net8.0)
