Test run for D:\CP6\tmp\worktrees\db-compat-wp5-20261003\CP6.Space.IntegrationTests\bin\Debug\net8.0\CP6.Space.IntegrationTests.dll (.NETCoreApp,Version=v8.0)
A total of 1 test files matched the specified pattern.
[xUnit.net 00:00:04.43]     CP6.Space.IntegrationTests.SpaceVersionCloneSqlServerTests.Concurrent_same_operation_returns_one_reservation_and_job [FAIL]
  Failed CP6.Space.IntegrationTests.SpaceVersionCloneSqlServerTests.Concurrent_same_operation_returns_one_reservation_and_job [629 ms]
  Error Message:
   System.InvalidOperationException : An exception has been raised that is likely due to a transient failure.
---- Microsoft.EntityFrameworkCore.DbUpdateException : An error occurred while saving the entity changes. See the inner exception for details.
-------- Npgsql.PostgresException : 40001: トランザクション間で read/write の依存性があったため、アクセスの直列化ができませんでした

DETAIL: Detail redacted as it may contain sensitive data. Specify 'Include Error Detail' in the connection string to include this information.
  Stack Trace:
     at Npgsql.EntityFrameworkCore.PostgreSQL.Storage.Internal.NpgsqlExecutionStrategy.ExecuteAsync[TState,TResult](TState state, Func`4 operation, Func`4 verifySucceeded, CancellationToken cancellationToken)
   at Microsoft.EntityFrameworkCore.DbContext.SaveChangesAsync(Boolean acceptAllChangesOnSuccess, CancellationToken cancellationToken)
   at Microsoft.EntityFrameworkCore.DbContext.SaveChangesAsync(Boolean acceptAllChangesOnSuccess, CancellationToken cancellationToken)
   at CP6.Space.Infrastructure.EfSpaceVersionCloneStore.StartOnceAsync(SpaceVersionCloneRequest request, CancellationToken cancellationToken) in D:\CP6\tmp\worktrees\db-compat-wp5-20261003\CP6.Space.Infrastructure\EfSpaceVersionClone.cs:line 392
   at CP6.Space.Infrastructure.EfSpaceVersionCloneStore.StartOnceAsync(SpaceVersionCloneRequest request, CancellationToken cancellationToken) in D:\CP6\tmp\worktrees\db-compat-wp5-20261003\CP6.Space.Infrastructure\EfSpaceVersionClone.cs:line 399
   at CP6.Space.Infrastructure.EfSpaceVersionCloneStore.StartOnceAsync(SpaceVersionCloneRequest request, CancellationToken cancellationToken) in D:\CP6\tmp\worktrees\db-compat-wp5-20261003\CP6.Space.Infrastructure\EfSpaceVersionClone.cs:line 400
   at CP6.Space.Infrastructure.EfSpaceVersionCloneStore.StartAsync(SpaceVersionCloneRequest request, CancellationToken cancellationToken) in D:\CP6\tmp\worktrees\db-compat-wp5-20261003\CP6.Space.Infrastructure\EfSpaceVersionClone.cs:line 45
   at CP6.Space.IntegrationTests.SpaceVersionCloneSqlServerTests.<Concurrent_same_operation_returns_one_reservation_and_job>b__1_0(SpaceContext seed, TestExecutionContext execution, TestClock clock) in D:\CP6\tmp\worktrees\db-compat-wp5-20261003\CP6.Space.IntegrationTests\SpaceVersionCloneRelationalEdgeTests.cs:line 200
   at CP6.Space.IntegrationTests.SpaceVersionCloneSqlServerTests.<Concurrent_same_operation_returns_one_reservation_and_job>b__1_0(SpaceContext seed, TestExecutionContext execution, TestClock clock) in D:\CP6\tmp\worktrees\db-compat-wp5-20261003\CP6.Space.IntegrationTests\SpaceVersionCloneRelationalEdgeTests.cs:line 204
   at CP6.Space.IntegrationTests.SpaceVersionCloneSqlServerTests.<Concurrent_same_operation_returns_one_reservation_and_job>b__1_0(SpaceContext seed, TestExecutionContext execution, TestClock clock) in D:\CP6\tmp\worktrees\db-compat-wp5-20261003\CP6.Space.IntegrationTests\SpaceVersionCloneRelationalEdgeTests.cs:line 204
   at CP6.Space.IntegrationTests.SpaceVersionCloneSqlServerTests.<Concurrent_same_operation_returns_one_reservation_and_job>b__1_0(SpaceContext seed, TestExecutionContext execution, TestClock clock) in D:\CP6\tmp\worktrees\db-compat-wp5-20261003\CP6.Space.IntegrationTests\SpaceVersionCloneRelationalEdgeTests.cs:line 204
   at CP6.Space.IntegrationTests.SpaceVersionCloneSqlServerTests.WithDatabaseAsync(Func`4 action) in D:\CP6\tmp\worktrees\db-compat-wp5-20261003\CP6.Space.IntegrationTests\SpaceVersionCloneSqlServerTests.cs:line 1453
   at CP6.Space.IntegrationTests.SpaceVersionCloneSqlServerTests.WithDatabaseAsync(Func`4 action) in D:\CP6\tmp\worktrees\db-compat-wp5-20261003\CP6.Space.IntegrationTests\SpaceVersionCloneSqlServerTests.cs:line 1454
   at CP6.Space.IntegrationTests.SpaceVersionCloneSqlServerTests.Concurrent_same_operation_returns_one_reservation_and_job() in D:\CP6\tmp\worktrees\db-compat-wp5-20261003\CP6.Space.IntegrationTests\SpaceVersionCloneRelationalEdgeTests.cs:line 143
--- End of stack trace from previous location ---
----- Inner Stack Trace -----
   at Npgsql.EntityFrameworkCore.PostgreSQL.Update.Internal.NpgsqlModificationCommandBatch.Consume(RelationalDataReader reader, Boolean async, CancellationToken cancellationToken)
   at Microsoft.EntityFrameworkCore.Update.ReaderModificationCommandBatch.ExecuteAsync(IRelationalConnection connection, CancellationToken cancellationToken)
   at Microsoft.EntityFrameworkCore.Update.ReaderModificationCommandBatch.ExecuteAsync(IRelationalConnection connection, CancellationToken cancellationToken)
   at Microsoft.EntityFrameworkCore.Update.Internal.BatchExecutor.ExecuteAsync(IEnumerable`1 commandBatches, IRelationalConnection connection, CancellationToken cancellationToken)
   at Microsoft.EntityFrameworkCore.Update.Internal.BatchExecutor.ExecuteAsync(IEnumerable`1 commandBatches, IRelationalConnection connection, CancellationToken cancellationToken)
   at Microsoft.EntityFrameworkCore.Update.Internal.BatchExecutor.ExecuteAsync(IEnumerable`1 commandBatches, IRelationalConnection connection, CancellationToken cancellationToken)
   at Microsoft.EntityFrameworkCore.ChangeTracking.Internal.StateManager.SaveChangesAsync(IList`1 entriesToSave, CancellationToken cancellationToken)
   at Microsoft.EntityFrameworkCore.ChangeTracking.Internal.StateManager.SaveChangesAsync(StateManager stateManager, Boolean acceptAllChangesOnSuccess, CancellationToken cancellationToken)
   at Npgsql.EntityFrameworkCore.PostgreSQL.Storage.Internal.NpgsqlExecutionStrategy.ExecuteAsync[TState,TResult](TState state, Func`4 operation, Func`4 verifySucceeded, CancellationToken cancellationToken)
----- Inner Stack Trace -----
   at Npgsql.Internal.NpgsqlConnector.ReadMessageLong(Boolean async, DataRowLoadingMode dataRowLoadingMode, Boolean readingNotifications, Boolean isReadingPrependedMessage)
   at System.Runtime.CompilerServices.PoolingAsyncValueTaskMethodBuilder`1.StateMachineBox`1.System.Threading.Tasks.Sources.IValueTaskSource<TResult>.GetResult(Int16 token)
   at Npgsql.NpgsqlDataReader.NextResult(Boolean async, Boolean isConsuming, CancellationToken cancellationToken)
   at Npgsql.NpgsqlDataReader.NextResult(Boolean async, Boolean isConsuming, CancellationToken cancellationToken)
   at Npgsql.EntityFrameworkCore.PostgreSQL.Update.Internal.NpgsqlModificationCommandBatch.Consume(RelationalDataReader reader, Boolean async, CancellationToken cancellationToken)
  Standard Output Messages:
 Provider=PostgreSql; Core migrations=1; Space migrations=1; pending=0; WP5 owner verified; shared database.
 CoreMigrationIds=20261002161715_PostgreSqlCoreBaselineV1
 SpaceMigrationIds=20261002161945_PostgreSqlSpaceBaselineV1


Results File: D:\CP6\tmp\db-compat-wp5-tests\wp5-clone-edges-pg-first-run\results.trx

Failed!  - Failed:     1, Passed:     1, Skipped:     0, Total:     2, Duration: 1 s - CP6.Space.IntegrationTests.dll (net8.0)
