Test run for D:\CP6\tmp\worktrees\db-compat-wp5-20261003\CP6.Space.IntegrationTests\bin\Debug\net8.0\CP6.Space.IntegrationTests.dll (.NETCoreApp,Version=v8.0)
A total of 1 test files matched the specified pattern.
[xUnit.net 00:00:09.47]     CP6.Space.IntegrationTests.SpacePublishOrchestratorSqlServerTests.Wms_retry_rejects_tampered_persisted_mutation_before_applying [FAIL]
  Failed CP6.Space.IntegrationTests.SpacePublishOrchestratorSqlServerTests.Wms_retry_rejects_tampered_persisted_mutation_before_applying [303 ms]
  Error Message:
   Assert.Equal() Failure: Values differ
Expected: 1
Actual:   2
  Stack Trace:
     at CP6.Space.IntegrationTests.SpacePublishOrchestratorSqlServerTests.<>c__DisplayClass5_0.<<AssertPersistedBatchRecoveryAsync>b__0>d.MoveNext() in D:\CP6\tmp\worktrees\db-compat-wp5-20261003\CP6.Space.IntegrationTests\SpacePublishOrchestratorSqlServerTests.cs:line 122
--- End of stack trace from previous location ---
   at CP6.Space.IntegrationTests.SpacePublishOrchestratorSqlServerTests.<>c__DisplayClass5_0.<<AssertPersistedBatchRecoveryAsync>b__0>d.MoveNext() in D:\CP6\tmp\worktrees\db-compat-wp5-20261003\CP6.Space.IntegrationTests\SpacePublishOrchestratorSqlServerTests.cs:line 205
--- End of stack trace from previous location ---
   at CP6.Space.IntegrationTests.SpacePublishOrchestratorSqlServerTests.<>c__DisplayClass5_0.<<AssertPersistedBatchRecoveryAsync>b__0>d.MoveNext() in D:\CP6\tmp\worktrees\db-compat-wp5-20261003\CP6.Space.IntegrationTests\SpacePublishOrchestratorSqlServerTests.cs:line 205
--- End of stack trace from previous location ---
   at CP6.Space.IntegrationTests.SpacePublishOrchestratorSqlServerTests.<>c__DisplayClass5_0.<<AssertPersistedBatchRecoveryAsync>b__0>d.MoveNext() in D:\CP6\tmp\worktrees\db-compat-wp5-20261003\CP6.Space.IntegrationTests\SpacePublishOrchestratorSqlServerTests.cs:line 205
--- End of stack trace from previous location ---
   at CP6.Space.IntegrationTests.SpacePublishOrchestratorSqlServerTests.WithDatabaseAsync(Func`4 action) in D:\CP6\tmp\worktrees\db-compat-wp5-20261003\CP6.Space.IntegrationTests\SpacePublishOrchestratorSqlServerTests.cs:line 1448
   at CP6.Space.IntegrationTests.SpacePublishOrchestratorSqlServerTests.AssertPersistedBatchRecoveryAsync(Boolean tamperRequest) in D:\CP6\tmp\worktrees\db-compat-wp5-20261003\CP6.Space.IntegrationTests\SpacePublishOrchestratorSqlServerTests.cs:line 33
--- End of stack trace from previous location ---
  Standard Output Messages:
 Provider=PostgreSql; Core migrations=1; Space migrations=1; pending=0; WP5 owner verified; shared database.
 CoreMigrationIds=20261002161715_PostgreSqlCoreBaselineV1
 SpaceMigrationIds=20261002161945_PostgreSqlSpaceBaselineV1
 SPACE_GA_AUTOMATIC_RECOVERY_DELAY_SECONDS=4.9999992


[xUnit.net 00:00:11.20]     CP6.Space.IntegrationTests.SpaceEditLeaseSqlServerTests.Renew_and_takeover_compete_without_deadlock_or_duplicate_slot [FAIL]
  Failed CP6.Space.IntegrationTests.SpaceEditLeaseSqlServerTests.Renew_and_takeover_compete_without_deadlock_or_duplicate_slot [177 ms]
  Error Message:
   System.InvalidOperationException : An exception has been raised that is likely due to a transient failure.
---- Microsoft.EntityFrameworkCore.DbUpdateException : An error occurred while saving the entity changes. See the inner exception for details.
-------- Npgsql.PostgresException : 40001: 更新が同時に行われたためアクセスの直列化ができませんでした
  Stack Trace:
     at Npgsql.EntityFrameworkCore.PostgreSQL.Storage.Internal.NpgsqlExecutionStrategy.ExecuteAsync[TState,TResult](TState state, Func`4 operation, Func`4 verifySucceeded, CancellationToken cancellationToken)
   at Microsoft.EntityFrameworkCore.DbContext.SaveChangesAsync(Boolean acceptAllChangesOnSuccess, CancellationToken cancellationToken)
   at Microsoft.EntityFrameworkCore.DbContext.SaveChangesAsync(Boolean acceptAllChangesOnSuccess, CancellationToken cancellationToken)
   at CP6.Space.Infrastructure.SpaceEditLeaseService.TakeoverAsync(Guid versionId, Guid floorLogicalId, TakeoverSpaceEditLeaseRequest request, CancellationToken cancellationToken) in D:\CP6\tmp\worktrees\db-compat-wp5-20261003\CP6.Space.Infrastructure\SpaceEditLeaseService.cs:line 307
   at CP6.Space.Infrastructure.SpaceEditLeaseService.TakeoverAsync(Guid versionId, Guid floorLogicalId, TakeoverSpaceEditLeaseRequest request, CancellationToken cancellationToken) in D:\CP6\tmp\worktrees\db-compat-wp5-20261003\CP6.Space.Infrastructure\SpaceEditLeaseService.cs:line 320
   at CP6.Space.IntegrationTests.SpaceEditLeaseSqlServerTests.<>c__DisplayClass6_1.<<Renew_and_takeover_compete_without_deadlock_or_duplicate_slot>b__2>d.MoveNext() in D:\CP6\tmp\worktrees\db-compat-wp5-20261003\CP6.Space.IntegrationTests\SpaceEditLeaseSqlServerTests.cs:line 291
--- End of stack trace from previous location ---
   at CP6.Space.IntegrationTests.SpaceEditLeaseSqlServerTests.<>c__DisplayClass6_1.<<Renew_and_takeover_compete_without_deadlock_or_duplicate_slot>b__2>d.MoveNext() in D:\CP6\tmp\worktrees\db-compat-wp5-20261003\CP6.Space.IntegrationTests\SpaceEditLeaseSqlServerTests.cs:line 291
--- End of stack trace from previous location ---
   at CP6.Space.IntegrationTests.SpaceEditLeaseSqlServerTests.CaptureAsync(Func`1 action) in D:\CP6\tmp\worktrees\db-compat-wp5-20261003\CP6.Space.IntegrationTests\SpaceEditLeaseSqlServerTests.cs:line 396
   at CP6.Space.IntegrationTests.SpaceEditLeaseSqlServerTests.<Renew_and_takeover_compete_without_deadlock_or_duplicate_slot>b__6_0(String connectionString, Guid tenantId, Guid siteId, Guid versionId, Guid floorId) in D:\CP6\tmp\worktrees\db-compat-wp5-20261003\CP6.Space.IntegrationTests\SpaceEditLeaseSqlServerTests.cs:line 312
   at CP6.Space.IntegrationTests.SpaceEditLeaseSqlServerTests.<Renew_and_takeover_compete_without_deadlock_or_duplicate_slot>b__6_0(String connectionString, Guid tenantId, Guid siteId, Guid versionId, Guid floorId) in D:\CP6\tmp\worktrees\db-compat-wp5-20261003\CP6.Space.IntegrationTests\SpaceEditLeaseSqlServerTests.cs:line 314
   at CP6.Space.IntegrationTests.SpaceEditLeaseSqlServerTests.WithDatabaseAsync(Func`6 action) in D:\CP6\tmp\worktrees\db-compat-wp5-20261003\CP6.Space.IntegrationTests\SpaceEditLeaseSqlServerTests.cs:line 483
   at CP6.Space.IntegrationTests.SpaceEditLeaseSqlServerTests.WithDatabaseAsync(Func`6 action) in D:\CP6\tmp\worktrees\db-compat-wp5-20261003\CP6.Space.IntegrationTests\SpaceEditLeaseSqlServerTests.cs:line 493
   at CP6.Space.IntegrationTests.SpaceEditLeaseSqlServerTests.WithDatabaseAsync(Func`6 action) in D:\CP6\tmp\worktrees\db-compat-wp5-20261003\CP6.Space.IntegrationTests\SpaceEditLeaseSqlServerTests.cs:line 493
   at CP6.Space.IntegrationTests.SpaceEditLeaseSqlServerTests.Renew_and_takeover_compete_without_deadlock_or_duplicate_slot() in D:\CP6\tmp\worktrees\db-compat-wp5-20261003\CP6.Space.IntegrationTests\SpaceEditLeaseSqlServerTests.cs:line 233
--- End of stack trace from previous location ---
----- Inner Stack Trace -----
   at Microsoft.EntityFrameworkCore.Update.ReaderModificationCommandBatch.ExecuteAsync(IRelationalConnection connection, CancellationToken cancellationToken)
   at Microsoft.EntityFrameworkCore.Update.Internal.BatchExecutor.ExecuteAsync(IEnumerable`1 commandBatches, IRelationalConnection connection, CancellationToken cancellationToken)
   at Microsoft.EntityFrameworkCore.Update.Internal.BatchExecutor.ExecuteAsync(IEnumerable`1 commandBatches, IRelationalConnection connection, CancellationToken cancellationToken)
   at Microsoft.EntityFrameworkCore.Update.Internal.BatchExecutor.ExecuteAsync(IEnumerable`1 commandBatches, IRelationalConnection connection, CancellationToken cancellationToken)
   at Microsoft.EntityFrameworkCore.ChangeTracking.Internal.StateManager.SaveChangesAsync(IList`1 entriesToSave, CancellationToken cancellationToken)
   at Microsoft.EntityFrameworkCore.ChangeTracking.Internal.StateManager.SaveChangesAsync(StateManager stateManager, Boolean acceptAllChangesOnSuccess, CancellationToken cancellationToken)
   at Npgsql.EntityFrameworkCore.PostgreSQL.Storage.Internal.NpgsqlExecutionStrategy.ExecuteAsync[TState,TResult](TState state, Func`4 operation, Func`4 verifySucceeded, CancellationToken cancellationToken)
----- Inner Stack Trace -----
   at Npgsql.Internal.NpgsqlConnector.ReadMessageLong(Boolean async, DataRowLoadingMode dataRowLoadingMode, Boolean readingNotifications, Boolean isReadingPrependedMessage)
   at System.Runtime.CompilerServices.PoolingAsyncValueTaskMethodBuilder`1.StateMachineBox`1.System.Threading.Tasks.Sources.IValueTaskSource<TResult>.GetResult(Int16 token)
   at Npgsql.NpgsqlDataReader.NextResult(Boolean async, Boolean isConsuming, CancellationToken cancellationToken)
   at Npgsql.NpgsqlDataReader.NextResult(Boolean async, Boolean isConsuming, CancellationToken cancellationToken)
   at Npgsql.NpgsqlCommand.ExecuteReader(Boolean async, CommandBehavior behavior, CancellationToken cancellationToken)
   at Npgsql.NpgsqlCommand.ExecuteReader(Boolean async, CommandBehavior behavior, CancellationToken cancellationToken)
   at Npgsql.NpgsqlCommand.ExecuteDbDataReaderAsync(CommandBehavior behavior, CancellationToken cancellationToken)
   at Microsoft.EntityFrameworkCore.Storage.RelationalCommand.ExecuteReaderAsync(RelationalCommandParameterObject parameterObject, CancellationToken cancellationToken)
   at Microsoft.EntityFrameworkCore.Storage.RelationalCommand.ExecuteReaderAsync(RelationalCommandParameterObject parameterObject, CancellationToken cancellationToken)
   at Microsoft.EntityFrameworkCore.Update.ReaderModificationCommandBatch.ExecuteAsync(IRelationalConnection connection, CancellationToken cancellationToken)
  Standard Output Messages:
 Provider=PostgreSql; Core migrations=1; Space migrations=1; pending=0; WP5 owner verified; shared database.
 CoreMigrationIds=20261002161715_PostgreSqlCoreBaselineV1
 SpaceMigrationIds=20261002161945_PostgreSqlSpaceBaselineV1
 Provider=PostgreSql; Stage=edit-lease; SQLSTATE=40001; NativeCode=none; Kind=SerializationFailure.


[xUnit.net 00:00:11.35]     CP6.Space.IntegrationTests.SpaceEditLeaseSqlServerTests.Concurrent_acquire_preserves_one_floor_slot [FAIL]
[xUnit.net 00:00:11.87]     CP6.Space.IntegrationTests.SpaceDesignSceneSqlServerTests.Scene_uses_revision_authority_without_runtime_overlay [FAIL]
  Failed CP6.Space.IntegrationTests.SpaceEditLeaseSqlServerTests.Concurrent_acquire_preserves_one_floor_slot [82 ms]
  Error Message:
   System.InvalidOperationException : An exception has been raised that is likely due to a transient failure.
---- Microsoft.EntityFrameworkCore.DbUpdateException : An error occurred while saving the entity changes. See the inner exception for details.
-------- Npgsql.PostgresException : 40001: トランザクション間で read/write の依存性があったため、アクセスの直列化ができませんでした

DETAIL: Detail redacted as it may contain sensitive data. Specify 'Include Error Detail' in the connection string to include this information.
  Stack Trace:
     at Npgsql.EntityFrameworkCore.PostgreSQL.Storage.Internal.NpgsqlExecutionStrategy.ExecuteAsync[TState,TResult](TState state, Func`4 operation, Func`4 verifySucceeded, CancellationToken cancellationToken)
   at Microsoft.EntityFrameworkCore.DbContext.SaveChangesAsync(Boolean acceptAllChangesOnSuccess, CancellationToken cancellationToken)
   at Microsoft.EntityFrameworkCore.DbContext.SaveChangesAsync(Boolean acceptAllChangesOnSuccess, CancellationToken cancellationToken)
   at CP6.Space.Infrastructure.SpaceEditLeaseService.AcquireAsync(Guid versionId, Guid floorLogicalId, AcquireSpaceEditLeaseRequest request, CancellationToken cancellationToken) in D:\CP6\tmp\worktrees\db-compat-wp5-20261003\CP6.Space.Infrastructure\SpaceEditLeaseService.cs:line 111
   at CP6.Space.Infrastructure.SpaceEditLeaseService.AcquireAsync(Guid versionId, Guid floorLogicalId, AcquireSpaceEditLeaseRequest request, CancellationToken cancellationToken) in D:\CP6\tmp\worktrees\db-compat-wp5-20261003\CP6.Space.Infrastructure\SpaceEditLeaseService.cs:line 124
   at CP6.Space.IntegrationTests.SpaceEditLeaseSqlServerTests.<>c__DisplayClass4_1.<<Concurrent_acquire_preserves_one_floor_slot>g__AcquireAsync|1>d.MoveNext() in D:\CP6\tmp\worktrees\db-compat-wp5-20261003\CP6.Space.IntegrationTests\SpaceEditLeaseSqlServerTests.cs:line 130
--- End of stack trace from previous location ---
   at CP6.Space.IntegrationTests.SpaceEditLeaseSqlServerTests.<>c__DisplayClass4_1.<<Concurrent_acquire_preserves_one_floor_slot>g__AcquireAsync|1>d.MoveNext() in D:\CP6\tmp\worktrees\db-compat-wp5-20261003\CP6.Space.IntegrationTests\SpaceEditLeaseSqlServerTests.cs:line 130
--- End of stack trace from previous location ---
   at CP6.Space.IntegrationTests.SpaceEditLeaseSqlServerTests.CaptureAsync(Func`1 action) in D:\CP6\tmp\worktrees\db-compat-wp5-20261003\CP6.Space.IntegrationTests\SpaceEditLeaseSqlServerTests.cs:line 396
   at CP6.Space.IntegrationTests.SpaceEditLeaseSqlServerTests.<Concurrent_acquire_preserves_one_floor_slot>b__4_0(String connectionString, Guid tenantId, Guid siteId, Guid versionId, Guid floorId) in D:\CP6\tmp\worktrees\db-compat-wp5-20261003\CP6.Space.IntegrationTests\SpaceEditLeaseSqlServerTests.cs:line 147
   at CP6.Space.IntegrationTests.SpaceEditLeaseSqlServerTests.<Concurrent_acquire_preserves_one_floor_slot>b__4_0(String connectionString, Guid tenantId, Guid siteId, Guid versionId, Guid floorId) in D:\CP6\tmp\worktrees\db-compat-wp5-20261003\CP6.Space.IntegrationTests\SpaceEditLeaseSqlServerTests.cs:line 149
   at CP6.Space.IntegrationTests.SpaceEditLeaseSqlServerTests.WithDatabaseAsync(Func`6 action) in D:\CP6\tmp\worktrees\db-compat-wp5-20261003\CP6.Space.IntegrationTests\SpaceEditLeaseSqlServerTests.cs:line 483
   at CP6.Space.IntegrationTests.SpaceEditLeaseSqlServerTests.WithDatabaseAsync(Func`6 action) in D:\CP6\tmp\worktrees\db-compat-wp5-20261003\CP6.Space.IntegrationTests\SpaceEditLeaseSqlServerTests.cs:line 493
   at CP6.Space.IntegrationTests.SpaceEditLeaseSqlServerTests.WithDatabaseAsync(Func`6 action) in D:\CP6\tmp\worktrees\db-compat-wp5-20261003\CP6.Space.IntegrationTests\SpaceEditLeaseSqlServerTests.cs:line 493
   at CP6.Space.IntegrationTests.SpaceEditLeaseSqlServerTests.Concurrent_acquire_preserves_one_floor_slot() in D:\CP6\tmp\worktrees\db-compat-wp5-20261003\CP6.Space.IntegrationTests\SpaceEditLeaseSqlServerTests.cs:line 110
--- End of stack trace from previous location ---
----- Inner Stack Trace -----
   at Microsoft.EntityFrameworkCore.Update.ReaderModificationCommandBatch.ExecuteAsync(IRelationalConnection connection, CancellationToken cancellationToken)
   at Microsoft.EntityFrameworkCore.Update.Internal.BatchExecutor.ExecuteAsync(IEnumerable`1 commandBatches, IRelationalConnection connection, CancellationToken cancellationToken)
   at Microsoft.EntityFrameworkCore.Update.Internal.BatchExecutor.ExecuteAsync(IEnumerable`1 commandBatches, IRelationalConnection connection, CancellationToken cancellationToken)
   at Microsoft.EntityFrameworkCore.Update.Internal.BatchExecutor.ExecuteAsync(IEnumerable`1 commandBatches, IRelationalConnection connection, CancellationToken cancellationToken)
   at Microsoft.EntityFrameworkCore.ChangeTracking.Internal.StateManager.SaveChangesAsync(IList`1 entriesToSave, CancellationToken cancellationToken)
   at Microsoft.EntityFrameworkCore.ChangeTracking.Internal.StateManager.SaveChangesAsync(StateManager stateManager, Boolean acceptAllChangesOnSuccess, CancellationToken cancellationToken)
   at Npgsql.EntityFrameworkCore.PostgreSQL.Storage.Internal.NpgsqlExecutionStrategy.ExecuteAsync[TState,TResult](TState state, Func`4 operation, Func`4 verifySucceeded, CancellationToken cancellationToken)
----- Inner Stack Trace -----
   at Npgsql.Internal.NpgsqlConnector.ReadMessageLong(Boolean async, DataRowLoadingMode dataRowLoadingMode, Boolean readingNotifications, Boolean isReadingPrependedMessage)
   at System.Runtime.CompilerServices.PoolingAsyncValueTaskMethodBuilder`1.StateMachineBox`1.System.Threading.Tasks.Sources.IValueTaskSource<TResult>.GetResult(Int16 token)
   at Npgsql.NpgsqlDataReader.NextResult(Boolean async, Boolean isConsuming, CancellationToken cancellationToken)
   at Npgsql.NpgsqlDataReader.NextResult(Boolean async, Boolean isConsuming, CancellationToken cancellationToken)
   at Npgsql.NpgsqlCommand.ExecuteReader(Boolean async, CommandBehavior behavior, CancellationToken cancellationToken)
   at Npgsql.NpgsqlCommand.ExecuteReader(Boolean async, CommandBehavior behavior, CancellationToken cancellationToken)
   at Npgsql.NpgsqlCommand.ExecuteDbDataReaderAsync(CommandBehavior behavior, CancellationToken cancellationToken)
   at Microsoft.EntityFrameworkCore.Storage.RelationalCommand.ExecuteReaderAsync(RelationalCommandParameterObject parameterObject, CancellationToken cancellationToken)
   at Microsoft.EntityFrameworkCore.Storage.RelationalCommand.ExecuteReaderAsync(RelationalCommandParameterObject parameterObject, CancellationToken cancellationToken)
   at Microsoft.EntityFrameworkCore.Update.ReaderModificationCommandBatch.ExecuteAsync(IRelationalConnection connection, CancellationToken cancellationToken)
  Standard Output Messages:
 Provider=PostgreSql; Core migrations=1; Space migrations=1; pending=0; WP5 owner verified; shared database.
 CoreMigrationIds=20261002161715_PostgreSqlCoreBaselineV1
 SpaceMigrationIds=20261002161945_PostgreSqlSpaceBaselineV1
 Provider=PostgreSql; Stage=edit-lease; SQLSTATE=40001; NativeCode=none; Kind=SerializationFailure.


  Failed CP6.Space.IntegrationTests.SpaceDesignSceneSqlServerTests.Scene_uses_revision_authority_without_runtime_overlay [146 ms]
  Error Message:
   Microsoft.EntityFrameworkCore.DbUpdateException : An error occurred while saving the entity changes. See the inner exception for details.
---- Npgsql.PostgresException : 23505: 重複したキー値は一意性制約"UX_Space_Asset_Scope_Owner_Code_Active"違反となります

DETAIL: Detail redacted as it may contain sensitive data. Specify 'Include Error Detail' in the connection string to include this information.
  Stack Trace:
     at Microsoft.EntityFrameworkCore.Update.ReaderModificationCommandBatch.ExecuteAsync(IRelationalConnection connection, CancellationToken cancellationToken)
   at Microsoft.EntityFrameworkCore.Update.Internal.BatchExecutor.ExecuteAsync(IEnumerable`1 commandBatches, IRelationalConnection connection, CancellationToken cancellationToken)
   at Microsoft.EntityFrameworkCore.Update.Internal.BatchExecutor.ExecuteAsync(IEnumerable`1 commandBatches, IRelationalConnection connection, CancellationToken cancellationToken)
   at Microsoft.EntityFrameworkCore.Update.Internal.BatchExecutor.ExecuteAsync(IEnumerable`1 commandBatches, IRelationalConnection connection, CancellationToken cancellationToken)
   at Microsoft.EntityFrameworkCore.ChangeTracking.Internal.StateManager.SaveChangesAsync(IList`1 entriesToSave, CancellationToken cancellationToken)
   at Microsoft.EntityFrameworkCore.ChangeTracking.Internal.StateManager.SaveChangesAsync(StateManager stateManager, Boolean acceptAllChangesOnSuccess, CancellationToken cancellationToken)
   at Npgsql.EntityFrameworkCore.PostgreSQL.Storage.Internal.NpgsqlExecutionStrategy.ExecuteAsync[TState,TResult](TState state, Func`4 operation, Func`4 verifySucceeded, CancellationToken cancellationToken)
   at Microsoft.EntityFrameworkCore.DbContext.SaveChangesAsync(Boolean acceptAllChangesOnSuccess, CancellationToken cancellationToken)
   at Microsoft.EntityFrameworkCore.DbContext.SaveChangesAsync(Boolean acceptAllChangesOnSuccess, CancellationToken cancellationToken)
   at CP6.Space.IntegrationTests.SpaceDesignSceneSqlServerTests.<Scene_uses_revision_authority_without_runtime_overlay>b__6_0(String connectionString, TestExecutionContext execution, TestClock clock) in D:\CP6\tmp\worktrees\db-compat-wp5-20261003\CP6.Space.IntegrationTests\SpaceDesignSceneSqlServerTests.cs:line 292
   at CP6.Space.IntegrationTests.SpaceDesignSceneSqlServerTests.<Scene_uses_revision_authority_without_runtime_overlay>b__6_0(String connectionString, TestExecutionContext execution, TestClock clock) in D:\CP6\tmp\worktrees\db-compat-wp5-20261003\CP6.Space.IntegrationTests\SpaceDesignSceneSqlServerTests.cs:line 380
   at CP6.Space.IntegrationTests.SpaceDesignSceneSqlServerTests.WithDatabaseAsync(Func`4 action) in D:\CP6\tmp\worktrees\db-compat-wp5-20261003\CP6.Space.IntegrationTests\SpaceDesignSceneSqlServerTests.cs:line 3414
   at CP6.Space.IntegrationTests.SpaceDesignSceneSqlServerTests.Scene_uses_revision_authority_without_runtime_overlay() in D:\CP6\tmp\worktrees\db-compat-wp5-20261003\CP6.Space.IntegrationTests\SpaceDesignSceneSqlServerTests.cs:line 81
--- End of stack trace from previous location ---
----- Inner Stack Trace -----
   at Npgsql.Internal.NpgsqlConnector.ReadMessageLong(Boolean async, DataRowLoadingMode dataRowLoadingMode, Boolean readingNotifications, Boolean isReadingPrependedMessage)
   at System.Runtime.CompilerServices.PoolingAsyncValueTaskMethodBuilder`1.StateMachineBox`1.System.Threading.Tasks.Sources.IValueTaskSource<TResult>.GetResult(Int16 token)
   at Npgsql.NpgsqlDataReader.NextResult(Boolean async, Boolean isConsuming, CancellationToken cancellationToken)
   at Npgsql.NpgsqlDataReader.NextResult(Boolean async, Boolean isConsuming, CancellationToken cancellationToken)
   at Npgsql.NpgsqlCommand.ExecuteReader(Boolean async, CommandBehavior behavior, CancellationToken cancellationToken)
   at Npgsql.NpgsqlCommand.ExecuteReader(Boolean async, CommandBehavior behavior, CancellationToken cancellationToken)
   at Npgsql.NpgsqlCommand.ExecuteDbDataReaderAsync(CommandBehavior behavior, CancellationToken cancellationToken)
   at Microsoft.EntityFrameworkCore.Storage.RelationalCommand.ExecuteReaderAsync(RelationalCommandParameterObject parameterObject, CancellationToken cancellationToken)
   at Microsoft.EntityFrameworkCore.Storage.RelationalCommand.ExecuteReaderAsync(RelationalCommandParameterObject parameterObject, CancellationToken cancellationToken)
   at Microsoft.EntityFrameworkCore.Update.ReaderModificationCommandBatch.ExecuteAsync(IRelationalConnection connection, CancellationToken cancellationToken)
  Standard Output Messages:
 Provider=PostgreSql; Core migrations=1; Space migrations=1; pending=0; WP5 owner verified; shared database.
 CoreMigrationIds=20261002161715_PostgreSqlCoreBaselineV1
 SpaceMigrationIds=20261002161945_PostgreSqlSpaceBaselineV1
 Provider=PostgreSql; Stage=design-scene; SQLSTATE=23505; NativeCode=none; Kind=UniqueConstraint.


Results File: D:\CP6\tmp\db-compat-wp5-tests\wp5-design-publish-wms-pg-first-run\results.trx

Failed!  - Failed:     4, Passed:    31, Skipped:     0, Total:    35, Duration: 17 s - CP6.Space.IntegrationTests.dll (net8.0)
