{
  "SchemaVersion": 1,
  "Task": "DB-COMPAT-01-WP6",
  "Command": "notification-status",
  "Provider": "PostgreSql",
  "DatabaseName": "CP6Compat_WP6_20261003_5df36921_application",
  "Role": "Application",
  "Status": "Passed",
  "StartedUtc": "2026-10-03T16:46:33.5475532+00:00",
  "FinishedUtc": "2026-10-03T16:46:35.7416289+00:00",
  "Assertions": [
    {
      "Name": "owner-and-physical-database-verified",
      "Passed": true
    },
    {
      "Name": "notification-one-owned-row",
      "Passed": true,
      "ExpectedCount": 1,
      "ActualCount": 1
    },
    {
      "Name": "notification-status-exact",
      "Passed": true,
      "ExpectedCount": 1,
      "ActualCount": 1
    },
    {
      "Name": "notification-attempts-exact",
      "Passed": true,
      "ExpectedCount": 1,
      "ActualCount": 1
    },
    {
      "Name": "notification-success-persisted",
      "Passed": true
    }
  ],
  "Counts": {
    "NotificationRows": 1,
    "DispatchStatus": 1,
    "DispatchAttempts": 1
  },
  "Hashes": {
    "EventKeySha256": "E4C1CD70CA3E3BF9AE5802AF0409731E967517452B11391F71F7FFD1A8FB4AA6",
    "TenantSha256": "868425ABA2AED381A87AA2863A1A873FA639D90C8E4BAB2AF2FCE29A1F92AAD3",
    "UserSha256": "4E087F423CCF42E3B80187FAC130A6A9E9B8DE634BB6AD2FCBA70DEE16D833D8",
    "NotificationIdSha256": "23B362B94EA878B4BC81A710C12B59AFFB21BDB15D788AA9F436211024C9F476"
  },
  "HistoryProfiles": [],
  "TableSummaries": [],
  "TableComparisons": [],
  "Inputs": [
    {
      "Name": "CP6.DatabaseCompatibility.ApplicationProbe",
      "Version": "1.0.0.0",
      "Sha256": "97E39D25F52FD02118432CEBA04837F0754A71C434CA183AF17BC4B16B771F8E"
    },
    {
      "Name": "CP6.Core",
      "Version": "1.0.0.0",
      "Sha256": "D186E2DB20A9F772AAD537B30F7EC1A84114581362BC27621C384229A28692B8"
    },
    {
      "Name": "CP6.Space.Infrastructure",
      "Version": "1.0.0.0",
      "Sha256": "B33E7235E9FE476560491565B132CC79D221974B4301D7372EBC275A6E97FF34"
    }
  ],
  "Scope": "WP6 owned application/restore fixture only; metadata, counts and hashes. No raw connection, password, token, DP XML or row values. Does not establish HTTP authentication, DP decryption, external delivery or complete application acceptance."
}
