Test run for D:\CP6\tmp\worktrees\db-compat-wp5-20261003\CP6.Space.IntegrationTests\bin\Debug\net8.0\CP6.Space.IntegrationTests.dll (.NETCoreApp,Version=v8.0)
A total of 1 test files matched the specified pattern.
[xUnit.net 00:00:12.99]     CP6.Space.IntegrationTests.SpaceVersionCloneSqlServerTests.Empty_published_warehouse_clones_to_an_empty_draft [FAIL]
  Failed CP6.Space.IntegrationTests.SpaceVersionCloneSqlServerTests.Empty_published_warehouse_clones_to_an_empty_draft [164 ms]
  Error Message:
   CP6.Space.Domain.SpaceVersionStateException : The clone snapshot could not be completed.
  Stack Trace:
     at CP6.Space.Infrastructure.EfSpaceVersionCloneProcessor.ProcessAsync(SpaceJobLease lease, CancellationToken cancellationToken) in D:\CP6\tmp\worktrees\db-compat-wp5-20261003\CP6.Space.Infrastructure\EfSpaceVersionClone.cs:line 652
   at CP6.Space.IntegrationTests.SpaceVersionCloneSqlServerTests.StartAndProcessAsync(SpaceContext context, TestExecutionContext execution, TestClock clock, Guid modelId, String name) in D:\CP6\tmp\worktrees\db-compat-wp5-20261003\CP6.Space.IntegrationTests\SpaceVersionCloneSqlServerTests.cs:line 1163
   at CP6.Space.IntegrationTests.SpaceVersionCloneSqlServerTests.<>c.<<Empty_published_warehouse_clones_to_an_empty_draft>b__18_0>d.MoveNext() in D:\CP6\tmp\worktrees\db-compat-wp5-20261003\CP6.Space.IntegrationTests\SpaceVersionCloneSqlServerTests.cs:line 858
--- End of stack trace from previous location ---
   at CP6.Space.IntegrationTests.SpaceVersionCloneSqlServerTests.WithDatabaseAsync(Func`4 action) in D:\CP6\tmp\worktrees\db-compat-wp5-20261003\CP6.Space.IntegrationTests\SpaceVersionCloneSqlServerTests.cs:line 1421
   at CP6.Space.IntegrationTests.SpaceVersionCloneSqlServerTests.WithDatabaseAsync(Func`4 action) in D:\CP6\tmp\worktrees\db-compat-wp5-20261003\CP6.Space.IntegrationTests\SpaceVersionCloneSqlServerTests.cs:line 1422
   at CP6.Space.IntegrationTests.SpaceVersionCloneSqlServerTests.Empty_published_warehouse_clones_to_an_empty_draft() in D:\CP6\tmp\worktrees\db-compat-wp5-20261003\CP6.Space.IntegrationTests\SpaceVersionCloneSqlServerTests.cs:line 852
--- End of stack trace from previous location ---
  Standard Output Messages:
 Provider=PostgreSql; Core migrations=1; Space migrations=1; pending=0; WP5 owner verified; shared database.
 CoreMigrationIds=20261002161715_PostgreSqlCoreBaselineV1
 SpaceMigrationIds=20261002161945_PostgreSqlSpaceBaselineV1
 Provider=PostgreSql; Stage=clone-snapshot; SQLSTATE=42601; NativeCode=none; Kind=Unknown.


Results File: D:\CP6\tmp\db-compat-wp5-tests\wp5-clone-pg-first-run\results.trx

Failed!  - Failed:     1, Passed:     1, Skipped:     0, Total:     2, Duration: 758 ms - CP6.Space.IntegrationTests.dll (net8.0)
