{
  "Case": "last-column-late-atomic",
  "Stage": "cp143-final-last-column-late-atomic",
  "Status": "Passed",
  "FailureKind": null,
  "IsExpectedMigrationRejection": true,
  "ExpectedError": 51043,
  "ExpectedOrdinal": 6,
  "ActualError": 51043,
  "ActualOrdinal": 6,
  "PrefixFiveCommandsProved": true,
  "SetupError": 0,
  "NativeExitCode": 0,
  "CapturedUtc": "2026-10-03T07:05:06.3290654Z",
  "GeneratedMigrationSqlSha256": "8000E0C053EF66D439DF847A020A18E409CCA71EE3343473468A67CA2491E519",
  "InputSha256": "E994176DEA7106D42A8437EE08B7254917EC534B1BDD033553672187AAC0CFF5",
  "FixturePrimitiveSha256": "602630CF8B7F7AF59CC4E4A0E22E1DB55B2294698DEA8170C45B6F5DFC3BCC75",
  "BaselineSha256": "F39C9BA1C8CA884BC2EFBD162D47C78C8A7E96C2443A8532B7F0BA0FB1D929B1",
  "QuerySha256": "EF76D60AC40DE3C3658FB82AB9F27A324D0D5F28A121F542FBD1540D07482610",
  "BusinessValuesReturned": false,
  "RestorationVerified": false
}