Test run for D:\CP6\tmp\worktrees\bug-139-order-indexes\CP6.Tests\bin\Debug\net8.0\CP6.Tests.dll (.NETCoreApp,Version=v8.0)
A total of 1 test files matched the specified pattern.
[xUnit.net 00:00:22.62]     CP6.Tests.Persistence.OrderModelIndexRepairTests.Complete_sql_chain_installs_each_frozen_nonunique_query_index(table: "T_OrderProcess", name: "IX_T_OrderProcess_WebOrderNo_WebOrderDetailNo_Sort"···, columns: ["WebOrderNo", "WebOrderDetailNo", "SortOrder"]) [FAIL]
[xUnit.net 00:00:31.95]     CP6.Tests.Persistence.OrderModelIndexRepairTests.Complete_sql_chain_installs_each_frozen_nonunique_query_index(table: "T_OrderDetail", name: "IX_T_OrderDetail_CustomerDeliveryDate_IsDeleted", columns: ["CustomerDeliveryDate", "IsDeleted"]) [FAIL]
[xUnit.net 00:00:41.79]     CP6.Tests.Persistence.OrderModelIndexRepairTests.Complete_sql_chain_installs_each_frozen_nonunique_query_index(table: "T_OrderDetail", name: "IX_T_OrderDetail_ProductCatBig_ProductCatMid_Produ"···, columns: ["ProductCatBig", "ProductCatMid", "ProductCatSml"]) [FAIL]
[xUnit.net 00:00:50.54]     CP6.Tests.Persistence.OrderModelIndexRepairTests.Complete_sql_chain_installs_each_frozen_nonunique_query_index(table: "T_OrderDetail", name: "IX_T_OrderDetail_ApprovalStatus_IsDeleted", columns: ["ApprovalStatus", "IsDeleted"]) [FAIL]
[xUnit.net 00:00:59.80]     CP6.Tests.Persistence.OrderModelIndexRepairTests.Complete_sql_chain_installs_each_frozen_nonunique_query_index(table: "T_Order", name: "IX_T_Order_OrderType_IsDeleted", columns: ["OrderType", "IsDeleted"]) [FAIL]
[xUnit.net 00:01:09.10]     CP6.Tests.Persistence.OrderModelIndexRepairTests.Complete_sql_chain_installs_each_frozen_nonunique_query_index(table: "T_PlateMold", name: "IX_T_PlateMold_BaseCd_IsDeleted", columns: ["BaseCd", "IsDeleted"]) [FAIL]
[xUnit.net 00:01:18.82]     CP6.Tests.Persistence.OrderModelIndexRepairTests.Complete_sql_chain_installs_each_frozen_nonunique_query_index(table: "T_SheetUnitPriceEstimate", name: "IX_T_SheetUnitPriceEstimate_RevisionDate", columns: ["RevisionDate"]) [FAIL]
[xUnit.net 00:01:28.72]     CP6.Tests.Persistence.OrderModelIndexRepairTests.Complete_sql_chain_installs_each_frozen_nonunique_query_index(table: "T_PlateMold", name: "IX_T_PlateMold_StDate_EndDate", columns: ["StDate", "EndDate"]) [FAIL]
[xUnit.net 00:01:38.34]     CP6.Tests.Persistence.OrderModelIndexRepairTests.Complete_sql_chain_installs_each_frozen_nonunique_query_index(table: "T_OrderDetail", name: "IX_T_OrderDetail_McTransferFlg_IsDeleted", columns: ["McTransferFlg", "IsDeleted"]) [FAIL]
[xUnit.net 00:01:48.41]     CP6.Tests.Persistence.OrderModelIndexRepairTests.Complete_sql_chain_installs_each_frozen_nonunique_query_index(table: "T_OrderProcess", name: "IX_T_OrderProcess_ProcessCd", columns: ["ProcessCd"]) [FAIL]
[xUnit.net 00:01:57.98]     CP6.Tests.Persistence.OrderModelIndexRepairTests.Complete_sql_chain_installs_each_frozen_nonunique_query_index(table: "T_SheetUnitPriceEstimate", name: "IX_T_SheetUnitPriceEstimate_BaseCd_CustomerCd_IsDe"···, columns: ["BaseCd", "CustomerCd", "IsDeleted"]) [FAIL]
[xUnit.net 00:02:07.33]     CP6.Tests.Persistence.OrderModelIndexRepairTests.Complete_sql_chain_installs_each_frozen_nonunique_query_index(table: "T_PlateMold", name: "IX_T_PlateMold_TypeClass", columns: ["TypeClass"]) [FAIL]
[xUnit.net 00:02:16.44]     CP6.Tests.Persistence.OrderModelIndexRepairTests.Complete_sql_chain_installs_each_frozen_nonunique_query_index(table: "T_OrderDetail", name: "IX_T_OrderDetail_HaibaiNo2_HaibaiNo3", columns: ["HaibaiNo2", "HaibaiNo3"]) [FAIL]
[xUnit.net 00:02:25.45]     CP6.Tests.Persistence.OrderModelIndexRepairTests.Complete_sql_chain_installs_each_frozen_nonunique_query_index(table: "T_PlateMold", name: "IX_T_PlateMold_PlaceCd", columns: ["PlaceCd"]) [FAIL]
[xUnit.net 00:02:34.79]     CP6.Tests.Persistence.OrderModelIndexRepairTests.Complete_sql_chain_installs_each_frozen_nonunique_query_index(table: "T_SheetUnitPrice", name: "IX_T_SheetUnitPrice_BaseCd_CustomerCd_IsDeleted", columns: ["BaseCd", "CustomerCd", "IsDeleted"]) [FAIL]
[xUnit.net 00:02:43.90]     CP6.Tests.Persistence.OrderModelIndexRepairTests.Complete_sql_chain_installs_each_frozen_nonunique_query_index(table: "T_OrderMaterial", name: "IX_T_OrderMaterial_WebOrderNo_WebOrderDetailNo_Sor"···, columns: ["WebOrderNo", "WebOrderDetailNo", "SortOrder"]) [FAIL]
[xUnit.net 00:02:53.24]     CP6.Tests.Persistence.OrderModelIndexRepairTests.Complete_sql_chain_installs_each_frozen_nonunique_query_index(table: "T_SheetUnitPrice", name: "IX_T_SheetUnitPrice_RevisionDate", columns: ["RevisionDate"]) [FAIL]
[xUnit.net 00:03:02.02]     CP6.Tests.Persistence.OrderModelIndexRepairTests.Complete_sql_chain_installs_each_frozen_nonunique_query_index(table: "T_PlateMold", name: "IX_T_PlateMold_ProcessCd", columns: ["ProcessCd"]) [FAIL]
[xUnit.net 00:03:10.75]     CP6.Tests.Persistence.OrderModelIndexRepairTests.Complete_sql_chain_installs_each_frozen_nonunique_query_index(table: "T_OrderDetail", name: "IX_T_OrderDetail_ItemCd", columns: ["ItemCd"]) [FAIL]
[xUnit.net 00:03:19.03]     CP6.Tests.Persistence.OrderModelIndexRepairTests.Complete_sql_chain_installs_each_frozen_nonunique_query_index(table: "T_PlateMold", name: "IX_T_PlateMold_RepresentativeProductCd", columns: ["RepresentativeProductCd"]) [FAIL]
[xUnit.net 00:03:27.90]     CP6.Tests.Persistence.OrderModelIndexRepairTests.Complete_sql_chain_installs_each_frozen_nonunique_query_index(table: "T_Order", name: "IX_T_Order_Status_IsDeleted", columns: ["Status", "IsDeleted"]) [FAIL]
Results File: D:\CP6\tmp\worktrees\bug-139-order-indexes\tmp\bug-139-tests\red\bug-139-red.trx

Failed!  - Failed:    21, Passed:     1, Skipped:     0, Total:    22, Duration: 3 m 34 s - CP6.Tests.dll (net8.0)
