  CP6.Space.Contracts -> D:\CP6\tmp\worktrees\db-compat-wp5-20261003\CP6.Space.Contracts\bin\Debug\net8.0\CP6.Space.Contracts.dll
  CP6.Entity -> D:\CP6\tmp\worktrees\db-compat-wp5-20261003\CP6.Entity\bin\Debug\net8.0\CP6.Entity.dll
  CP6.Space.Domain -> D:\CP6\tmp\worktrees\db-compat-wp5-20261003\CP6.Space.Domain\bin\Debug\net8.0\CP6.Space.Domain.dll
  CP6.Core -> D:\CP6\tmp\worktrees\db-compat-wp5-20261003\CP6.Core\bin\Debug\net8.0\CP6.Core.dll
  CP6.Space.Application -> D:\CP6\tmp\worktrees\db-compat-wp5-20261003\CP6.Space.Application\bin\Debug\net8.0\CP6.Space.Application.dll
  CP6.Space.Infrastructure -> D:\CP6\tmp\worktrees\db-compat-wp5-20261003\CP6.Space.Infrastructure\bin\Debug\net8.0\CP6.Space.Infrastructure.dll
  CP6.Persistence.PostgreSql -> D:\CP6\tmp\worktrees\db-compat-wp5-20261003\CP6.Persistence.PostgreSql\bin\Debug\net8.0\CP6.Persistence.PostgreSql.dll
D:\CP6\tmp\worktrees\db-compat-wp5-20261003\CP6.Space.IntegrationTests\SpaceCadMappingProfileSqlServerTests.cs(127,17): warning xUnit2031: Do not use a Where clause to filter before calling Assert.Single. Use the overload of Assert.Single that accepts a filtering function. (https://xunit.net/xunit.analyzers/rules/xUnit2031) [D:\CP6\tmp\worktrees\db-compat-wp5-20261003\CP6.Space.IntegrationTests\CP6.Space.IntegrationTests.csproj]
D:\CP6\tmp\worktrees\db-compat-wp5-20261003\CP6.Space.IntegrationTests\SpaceCadMappingProfileSqlServerTests.cs(128,17): warning xUnit2031: Do not use a Where clause to filter before calling Assert.Single. Use the overload of Assert.Single that accepts a filtering function. (https://xunit.net/xunit.analyzers/rules/xUnit2031) [D:\CP6\tmp\worktrees\db-compat-wp5-20261003\CP6.Space.IntegrationTests\CP6.Space.IntegrationTests.csproj]
D:\CP6\tmp\worktrees\db-compat-wp5-20261003\CP6.Space.IntegrationTests\SpaceExcelMappingSqlServerTests.cs(138,17): warning xUnit2031: Do not use a Where clause to filter before calling Assert.Single. Use the overload of Assert.Single that accepts a filtering function. (https://xunit.net/xunit.analyzers/rules/xUnit2031) [D:\CP6\tmp\worktrees\db-compat-wp5-20261003\CP6.Space.IntegrationTests\CP6.Space.IntegrationTests.csproj]
D:\CP6\tmp\worktrees\db-compat-wp5-20261003\CP6.Space.IntegrationTests\SpaceExcelMappingSqlServerTests.cs(139,17): warning xUnit2031: Do not use a Where clause to filter before calling Assert.Single. Use the overload of Assert.Single that accepts a filtering function. (https://xunit.net/xunit.analyzers/rules/xUnit2031) [D:\CP6\tmp\worktrees\db-compat-wp5-20261003\CP6.Space.IntegrationTests\CP6.Space.IntegrationTests.csproj]
  CP6.Space.IntegrationTests -> D:\CP6\tmp\worktrees\db-compat-wp5-20261003\CP6.Space.IntegrationTests\bin\Debug\net8.0\CP6.Space.IntegrationTests.dll

Build succeeded.

D:\CP6\tmp\worktrees\db-compat-wp5-20261003\CP6.Space.IntegrationTests\SpaceCadMappingProfileSqlServerTests.cs(127,17): warning xUnit2031: Do not use a Where clause to filter before calling Assert.Single. Use the overload of Assert.Single that accepts a filtering function. (https://xunit.net/xunit.analyzers/rules/xUnit2031) [D:\CP6\tmp\worktrees\db-compat-wp5-20261003\CP6.Space.IntegrationTests\CP6.Space.IntegrationTests.csproj]
D:\CP6\tmp\worktrees\db-compat-wp5-20261003\CP6.Space.IntegrationTests\SpaceCadMappingProfileSqlServerTests.cs(128,17): warning xUnit2031: Do not use a Where clause to filter before calling Assert.Single. Use the overload of Assert.Single that accepts a filtering function. (https://xunit.net/xunit.analyzers/rules/xUnit2031) [D:\CP6\tmp\worktrees\db-compat-wp5-20261003\CP6.Space.IntegrationTests\CP6.Space.IntegrationTests.csproj]
D:\CP6\tmp\worktrees\db-compat-wp5-20261003\CP6.Space.IntegrationTests\SpaceExcelMappingSqlServerTests.cs(138,17): warning xUnit2031: Do not use a Where clause to filter before calling Assert.Single. Use the overload of Assert.Single that accepts a filtering function. (https://xunit.net/xunit.analyzers/rules/xUnit2031) [D:\CP6\tmp\worktrees\db-compat-wp5-20261003\CP6.Space.IntegrationTests\CP6.Space.IntegrationTests.csproj]
D:\CP6\tmp\worktrees\db-compat-wp5-20261003\CP6.Space.IntegrationTests\SpaceExcelMappingSqlServerTests.cs(139,17): warning xUnit2031: Do not use a Where clause to filter before calling Assert.Single. Use the overload of Assert.Single that accepts a filtering function. (https://xunit.net/xunit.analyzers/rules/xUnit2031) [D:\CP6\tmp\worktrees\db-compat-wp5-20261003\CP6.Space.IntegrationTests\CP6.Space.IntegrationTests.csproj]
    4 Warning(s)
    0 Error(s)

Time Elapsed 00:00:05.87
